Archive member included to satisfy reference by file (symbol)

/home/ming/tf-a-stm32mp-2.2.r2-r0/tf-a-stm32mp-2.2.r2/../build/trusted/lib/libfdt.a(fdt.o)
                              /home/ming/tf-a-stm32mp-2.2.r2-r0/tf-a-stm32mp-2.2.r2/../build/trusted/bl32/stm32mp_dt.o (fdt_check_header)
/home/ming/tf-a-stm32mp-2.2.r2-r0/tf-a-stm32mp-2.2.r2/../build/trusted/lib/libfdt.a(fdt_addresses.o)
                              /home/ming/tf-a-stm32mp-2.2.r2-r0/tf-a-stm32mp-2.2.r2/../build/trusted/bl32/stm32mp_dt.o (fdt_address_cells)
/home/ming/tf-a-stm32mp-2.2.r2-r0/tf-a-stm32mp-2.2.r2/../build/trusted/lib/libfdt.a(fdt_ro.o)
                              /home/ming/tf-a-stm32mp-2.2.r2-r0/tf-a-stm32mp-2.2.r2/../build/trusted/bl32/stm32mp_clkfunc.o (fdt_get_name)
/home/ming/tf-a-stm32mp-2.2.r2-r0/tf-a-stm32mp-2.2.r2/../build/trusted/lib/libc.a(assert.o)
                              /home/ming/tf-a-stm32mp-2.2.r2-r0/tf-a-stm32mp-2.2.r2/../build/trusted/bl32/sp_min_main.o (__assert)
/home/ming/tf-a-stm32mp-2.2.r2-r0/tf-a-stm32mp-2.2.r2/../build/trusted/lib/libc.a(memchr.o)
                              /home/ming/tf-a-stm32mp-2.2.r2-r0/tf-a-stm32mp-2.2.r2/../build/trusted/lib/libfdt.a(fdt_ro.o) (memchr)
/home/ming/tf-a-stm32mp-2.2.r2-r0/tf-a-stm32mp-2.2.r2/../build/trusted/lib/libc.a(memcmp.o)
                              /home/ming/tf-a-stm32mp-2.2.r2-r0/tf-a-stm32mp-2.2.r2/../build/trusted/lib/libfdt.a(fdt.o) (memcmp)
/home/ming/tf-a-stm32mp-2.2.r2-r0/tf-a-stm32mp-2.2.r2/../build/trusted/lib/libc.a(memcpy.o)
                              /home/ming/tf-a-stm32mp-2.2.r2-r0/tf-a-stm32mp-2.2.r2/../build/trusted/bl32/context_mgmt.o (memcpy)
/home/ming/tf-a-stm32mp-2.2.r2-r0/tf-a-stm32mp-2.2.r2/../build/trusted/lib/libc.a(memmove.o)
                              /home/ming/tf-a-stm32mp-2.2.r2-r0/tf-a-stm32mp-2.2.r2/../build/trusted/bl32/xlat_tables_core.o (memmove)
/home/ming/tf-a-stm32mp-2.2.r2-r0/tf-a-stm32mp-2.2.r2/../build/trusted/lib/libc.a(memset.o)
                              /home/ming/tf-a-stm32mp-2.2.r2-r0/tf-a-stm32mp-2.2.r2/../build/trusted/bl32/runtime_svc.o (memset)
/home/ming/tf-a-stm32mp-2.2.r2-r0/tf-a-stm32mp-2.2.r2/../build/trusted/lib/libc.a(printf.o)
                              /home/ming/tf-a-stm32mp-2.2.r2-r0/tf-a-stm32mp-2.2.r2/../build/trusted/bl32/tf_log.o (vprintf)
/home/ming/tf-a-stm32mp-2.2.r2-r0/tf-a-stm32mp-2.2.r2/../build/trusted/lib/libc.a(putchar.o)
                              /home/ming/tf-a-stm32mp-2.2.r2-r0/tf-a-stm32mp-2.2.r2/../build/trusted/bl32/tf_log.o (putchar)
/home/ming/tf-a-stm32mp-2.2.r2-r0/tf-a-stm32mp-2.2.r2/../build/trusted/lib/libc.a(snprintf.o)
                              /home/ming/tf-a-stm32mp-2.2.r2-r0/tf-a-stm32mp-2.2.r2/../build/trusted/bl32/stm32mp1_clk.o (snprintf)
/home/ming/tf-a-stm32mp-2.2.r2-r0/tf-a-stm32mp-2.2.r2/../build/trusted/lib/libc.a(strchr.o)
                              /home/ming/tf-a-stm32mp-2.2.r2-r0/tf-a-stm32mp-2.2.r2/../build/trusted/bl32/stm32mp_dt.o (strchr)
/home/ming/tf-a-stm32mp-2.2.r2-r0/tf-a-stm32mp-2.2.r2/../build/trusted/lib/libc.a(strcmp.o)
                              /home/ming/tf-a-stm32mp-2.2.r2-r0/tf-a-stm32mp-2.2.r2/../build/trusted/bl32/stm32mp_pmic.o (strcmp)
/home/ming/tf-a-stm32mp-2.2.r2-r0/tf-a-stm32mp-2.2.r2/../build/trusted/lib/libc.a(strlcpy.o)
                              /home/ming/tf-a-stm32mp-2.2.r2-r0/tf-a-stm32mp-2.2.r2/../build/trusted/bl32/base.o (strlcpy)
/home/ming/tf-a-stm32mp-2.2.r2-r0/tf-a-stm32mp-2.2.r2/../build/trusted/lib/libc.a(strlen.o)
                              /home/ming/tf-a-stm32mp-2.2.r2-r0/tf-a-stm32mp-2.2.r2/../build/trusted/bl32/base.o (strlen)
/home/ming/tf-a-stm32mp-2.2.r2-r0/tf-a-stm32mp-2.2.r2/../build/trusted/lib/libc.a(strncmp.o)
                              /home/ming/tf-a-stm32mp-2.2.r2-r0/tf-a-stm32mp-2.2.r2/../build/trusted/bl32/stm32mp_clkfunc.o (strncmp)
/home/ming/tf-a-stm32mp-2.2.r2-r0/tf-a-stm32mp-2.2.r2/../build/trusted/lib/libc.a(strnlen.o)
                              /home/ming/tf-a-stm32mp-2.2.r2-r0/tf-a-stm32mp-2.2.r2/../build/trusted/lib/libfdt.a(fdt_ro.o) (strnlen)
/home/ming/tf-a-stm32mp-2.2.r2-r0/tf-a-stm32mp-2.2.r2/../build/trusted/lib/libc.a(strrchr.o)
                              /home/ming/tf-a-stm32mp-2.2.r2-r0/tf-a-stm32mp-2.2.r2/../build/trusted/lib/libfdt.a(fdt_ro.o) (strrchr)

Allocating common symbols
Common symbol       size              file

mmu_cfg_params      0x18              /home/ming/tf-a-stm32mp-2.2.r2-r0/tf-a-stm32mp-2.2.r2/../build/trusted/bl32/xlat_tables_context.o
rt_svc_descs_indices
                    0x80              /home/ming/tf-a-stm32mp-2.2.r2-r0/tf-a-stm32mp-2.2.r2/../build/trusted/bl32/runtime_svc.o
psci_cpu_pd_nodes   0x18              /home/ming/tf-a-stm32mp-2.2.r2-r0/tf-a-stm32mp-2.2.r2/../build/trusted/bl32/psci_common.o
psci_caps           0x4               /home/ming/tf-a-stm32mp-2.2.r2-r0/tf-a-stm32mp-2.2.r2/../build/trusted/bl32/psci_setup.o
psci_non_cpu_pd_nodes
[...]
Memory Configuration

Name             Origin             Length             Attributes
RAM              0x000000002ffeb000 0x0000000000014000 xrw
*default*        0x0000000000000000 0xffffffffffffffff

Linker script and memory map

                0x000000002ffeb000                . = 0x2ffeb000
                0x0000000000000001                ASSERT ((. == ALIGN (0x1000)), BL32_BASE address is not aligned on a page boundary.)

ro              0x000000002ffeb000    0x10000
                0x000000002ffeb000                __RO_START__ = .
 *entrypoint.o(.text*)
 .text.asm.sp_min_entrypoint
                0x000000002ffeb000      0x160 /home/ming/tf-a-stm32mp-2.2.r2-r0/tf-a-stm32mp-2.2.r2/../build/trusted/bl32/entrypoint.o
                0x000000002ffeb000                sp_min_entrypoint
 .text.asm.sp_min_handle_smc
                0x000000002ffeb160       0xcc /home/ming/tf-a-stm32mp-2.2.r2-r0/tf-a-stm32mp-2.2.r2/../build/trusted/bl32/entrypoint.o
                0x000000002ffeb160                sp_min_handle_smc
 .text.asm.sp_min_handle_fiq
                0x000000002ffeb22c       0xb4 /home/ming/tf-a-stm32mp-2.2.r2-r0/tf-a-stm32mp-2.2.r2/../build/trusted/bl32/entrypoint.o
                0x000000002ffeb22c                sp_min_handle_fiq
 .text.asm.sp_min_warm_entrypoint
                0x000000002ffeb2e0       0xe0 /home/ming/tf-a-stm32mp-2.2.r2-r0/tf-a-stm32mp-2.2.r2/../build/trusted/bl32/entrypoint.o
                0x000000002ffeb2e0                sp_min_warm_entrypoint
 .text.asm.sp_min_exit
                0x000000002ffeb3c0       0x84 /home/ming/tf-a-stm32mp-2.2.r2-r0/tf-a-stm32mp-2.2.r2/../build/trusted/bl32/entrypoint.o
 *(.text*)
 .text.smc_get_ctx
                0x000000002ffeb444       0x24 /home/ming/tf-a-stm32mp-2.2.r2-r0/tf-a-stm32mp-2.2.r2/../build/trusted/bl32/sp_min_main.o
                0x000000002ffeb444                smc_get_ctx
 .text.smc_get_next_ctx
                0x000000002ffeb468       0x14 /home/ming/tf-a-stm32mp-2.2.r2-r0/tf-a-stm32mp-2.2.r2/../build/trusted/bl32/sp_min_main.o
                0x000000002ffeb468                smc_get_next_ctx
 .text.cm_get_context
                0x000000002ffeb47c       0x24 /home/ming/tf-a-stm32mp-2.2.r2-r0/tf-a-stm32mp-2.2.r2/../build/trusted/bl32/sp_min_main.o
                0x000000002ffeb47c                cm_get_context
 .text.cm_get_context_by_index
                0x000000002ffeb4a0       0x20 /home/ming/tf-a-stm32mp-2.2.r2-r0/tf-a-stm32mp-2.2.r2/../build/trusted/bl32/sp_min_main.o
                0x000000002ffeb4a0                cm_get_context_by_index
 .text.cm_set_context_by_index
                0x000000002ffeb4c0       0x20 /home/ming/tf-a-stm32mp-2.2.r2-r0/tf-a-stm32mp-2.2.r2/../build/trusted/bl32/sp_min_main.o
                0x000000002ffeb4c0                cm_set_context_by_index
 .text.get_arm_std_svc_args
                0x000000002ffeb4e0       0x20 /home/ming/tf-a-stm32mp-2.2.r2-r0/tf-a-stm32mp-2.2.r2/../build/trusted/bl32/sp_min_main.o
                0x000000002ffeb4e0                get_arm_std_svc_args
 .text.sp_min_main
                0x000000002ffeb500       0xd8 /home/ming/tf-a-stm32mp-2.2.r2-r0/tf-a-stm32mp-2.2.r2/../build/trusted/bl32/sp_min_main.o
                0x000000002ffeb500                sp_min_main
 .text.sp_min_warm_boot
                0x000000002ffeb5d8       0x84 /home/ming/tf-a-stm32mp-2.2.r2-r0/tf-a-stm32mp-2.2.r2/../build/trusted/bl32/sp_min_main.o
                0x000000002ffeb5d8                sp_min_warm_boot
 .text.sp_min_fiq
                0x000000002ffeb65c       0x16 /home/ming/tf-a-stm32mp-2.2.r2-r0/tf-a-stm32mp-2.2.r2/../build/trusted/bl32/sp_min_main.o
                0x000000002ffeb65c                sp_min_fiq
 *fill*         0x000000002ffeb672        0x2 
 .text.handle_runtime_svc
                0x000000002ffeb674       0x60 /home/ming/tf-a-stm32mp-2.2.r2-r0/tf-a-stm32mp-2.2.r2/../build/trusted/bl32/runtime_svc.o
                0x000000002ffeb674                handle_runtime_svc
 .text.runtime_svc_init
                0x000000002ffeb6d4       0xec /home/ming/tf-a-stm32mp-2.2.r2-r0/tf-a-stm32mp-2.2.r2/../build/trusted/bl32/runtime_svc.o
                0x000000002ffeb6d4                runtime_svc_init
 .text.sp_min_plat_runtime_setup
                0x000000002ffeb7c0        0x6 /home/ming/tf-a-stm32mp-2.2.r2-r0/tf-a-stm32mp-2.2.r2/../build/trusted/bl32/plat_sp_min_common.o
                0x000000002ffeb7c0                sp_min_plat_runtime_setup
 *fill*         0x000000002ffeb7c6        0x2 
 .text.std_svc_smc_handler
                0x000000002ffeb7c8       0x7c /home/ming/tf-a-stm32mp-2.2.r2-r0/tf-a-stm32mp-2.2.r2/../build/trusted/bl32/std_svc_setup.o
 .text.std_svc_setup
                0x000000002ffeb844       0x24 /home/ming/tf-a-stm32mp-2.2.r2-r0/tf-a-stm32mp-2.2.r2/../build/trusted/bl32/std_svc_setup.o
 .text.cm_setup_context
                0x000000002ffeb868       0x78 /home/ming/tf-a-stm32mp-2.2.r2-r0/tf-a-stm32mp-2.2.r2/../build/trusted/bl32/context_mgmt.o
                0x000000002ffeb868                cm_setup_context
 .text.cm_init_context_by_index
                0x000000002ffeb8e0       0x18 /home/ming/tf-a-stm32mp-2.2.r2-r0/tf-a-stm32mp-2.2.r2/../build/trusted/bl32/context_mgmt.o
                0x000000002ffeb8e0                cm_init_context_by_index
 .text.cm_init_my_context
                0x000000002ffeb8f8       0x18 /home/ming/tf-a-stm32mp-2.2.r2-r0/tf-a-stm32mp-2.2.r2/../build/trusted/bl32/context_mgmt.o
                0x000000002ffeb8f8                cm_init_my_context
 .text.cm_prepare_el3_exit
                0x000000002ffeb910       0xb4 /home/ming/tf-a-stm32mp-2.2.r2-r0/tf-a-stm32mp-2.2.r2/../build/trusted/bl32/context_mgmt.o
                0x000000002ffeb910                cm_prepare_el3_exit
 .text.errata_needs_reporting
                0x000000002ffeb9c4       0x2a /home/ming/tf-a-stm32mp-2.2.r2-r0/tf-a-stm32mp-2.2.r2/../build/trusted/bl32/errata_report.o
                0x000000002ffeb9c4                errata_needs_reporting
 *fill*         0x000000002ffeb9ee        0x2 
 .text.psci_do_cpu_off
                0x000000002ffeb9f0       0xb8 /home/ming/tf-a-stm32mp-2.2.r2-r0/tf-a-stm32mp-2.2.r2/../build/trusted/bl32/psci_off.o
                0x000000002ffeb9f0                psci_do_cpu_off
 .text.psci_cpu_on_start
                0x000000002ffebaa8      0x128 /home/ming/tf-a-stm32mp-2.2.r2-r0/tf-a-stm32mp-2.2.r2/../build/trusted/bl32/psci_on.o
                0x000000002ffebaa8                psci_cpu_on_start
 .text.psci_cpu_on_finish
                0x000000002ffebbd0       0x9c /home/ming/tf-a-stm32mp-2.2.r2-r0/tf-a-stm32mp-2.2.r2/../build/trusted/bl32/psci_on.o
                0x000000002ffebbd0                psci_cpu_on_finish
 .text.psci_cpu_suspend_start
                0x000000002ffebc6c      0x124 /home/ming/tf-a-stm32mp-2.2.r2-r0/tf-a-stm32mp-2.2.r2/../build/trusted/bl32/psci_suspend.o
                0x000000002ffebc6c                psci_cpu_suspend_start
 .text.psci_cpu_suspend_finish
                0x000000002ffebd90       0x8c /home/ming/tf-a-stm32mp-2.2.r2-r0/tf-a-stm32mp-2.2.r2/../build/trusted/bl32/psci_suspend.o
                0x000000002ffebd90                psci_cpu_suspend_finish
 .text.psci_validate_power_state
                0x000000002ffebe1c       0x30 /home/ming/tf-a-stm32mp-2.2.r2-r0/tf-a-stm32mp-2.2.r2/../build/trusted/bl32/psci_common.o
                0x000000002ffebe1c                psci_validate_power_state
 .text.psci_query_sys_suspend_pwrstate
                0x000000002ffebe4c       0x20 /home/ming/tf-a-stm32mp-2.2.r2-r0/tf-a-stm32mp-2.2.r2/../build/trusted/bl32/psci_common.o
                0x000000002ffebe4c                psci_query_sys_suspend_pwrstate
 .text.psci_is_last_on_cpu
                0x000000002ffebe6c       0x50 /home/ming/tf-a-stm32mp-2.2.r2-r0/tf-a-stm32mp-2.2.r2/../build/trusted/bl32/psci_common.o
                0x000000002ffebe6c                psci_is_last_on_cpu
 .text.psci_init_req_local_pwr_states
                0x000000002ffebebc       0x10 /home/ming/tf-a-stm32mp-2.2.r2-r0/tf-a-stm32mp-2.2.r2/../build/trusted/bl32/psci_common.o
                0x000000002ffebebc                psci_init_req_local_pwr_states
 .text.psci_get_target_local_pwr_states
                0x000000002ffebecc       0x54 /home/ming/tf-a-stm32mp-2.2.r2-r0/tf-a-stm32mp-2.2.r2/../build/trusted/bl32/psci_common.o
                0x000000002ffebecc                psci_get_target_local_pwr_states
 .text.psci_get_parent_pwr_domain_nodes
                0x000000002ffebf20       0x2c /home/ming/tf-a-stm32mp-2.2.r2-r0/tf-a-stm32mp-2.2.r2/../build/trusted/bl32/psci_common.o
                0x000000002ffebf20                psci_get_parent_pwr_domain_nodes
 .text.psci_set_pwr_domains_to_run
                0x000000002ffebf4c       0x84 /home/ming/tf-a-stm32mp-2.2.r2-r0/tf-a-stm32mp-2.2.r2/../build/trusted/bl32/psci_common.o
                0x000000002ffebf4c                psci_set_pwr_domains_to_run
 .text.psci_do_state_coordination
                0x000000002ffebfd0       0xbc /home/ming/tf-a-stm32mp-2.2.r2-r0/tf-a-stm32mp-2.2.r2/../build/trusted/bl32/psci_common.o
                0x000000002ffebfd0                psci_do_state_coordination
 .text.psci_find_max_off_lvl
                0x000000002ffec08c       0x18 /home/ming/tf-a-stm32mp-2.2.r2-r0/tf-a-stm32mp-2.2.r2/../build/trusted/bl32/psci_common.o
                0x000000002ffec08c                psci_find_max_off_lvl
 .text.psci_find_target_suspend_lvl
                0x000000002ffec0a4       0x14 /home/ming/tf-a-stm32mp-2.2.r2-r0/tf-a-stm32mp-2.2.r2/../build/trusted/bl32/psci_common.o
                0x000000002ffec0a4                psci_find_target_suspend_lvl
 .text.psci_validate_suspend_req
                0x000000002ffec0b8       0x56 /home/ming/tf-a-stm32mp-2.2.r2-r0/tf-a-stm32mp-2.2.r2/../build/trusted/bl32/psci_common.o
                0x000000002ffec0b8                psci_validate_suspend_req
 *fill*         0x000000002ffec10e        0x2 
 .text.psci_acquire_pwr_domain_locks
                0x000000002ffec110       0x30 /home/ming/tf-a-stm32mp-2.2.r2-r0/tf-a-stm32mp-2.2.r2/../build/trusted/bl32/psci_common.o
                0x000000002ffec110                psci_acquire_pwr_domain_locks
 .text.psci_release_pwr_domain_locks
                0x000000002ffec140       0x30 /home/ming/tf-a-stm32mp-2.2.r2-r0/tf-a-stm32mp-2.2.r2/../build/trusted/bl32/psci_common.o
                0x000000002ffec140                psci_release_pwr_domain_locks
 .text.psci_validate_mpidr
                0x000000002ffec170       0x12 /home/ming/tf-a-stm32mp-2.2.r2-r0/tf-a-stm32mp-2.2.r2/../build/trusted/bl32/psci_common.o
                0x000000002ffec170                psci_validate_mpidr
 *fill*         0x000000002ffec182        0x2 
 .text.psci_validate_entry_point
                0x000000002ffec184       0x9c /home/ming/tf-a-stm32mp-2.2.r2-r0/tf-a-stm32mp-2.2.r2/../build/trusted/bl32/psci_common.o
                0x000000002ffec184                psci_validate_entry_point
 .text.psci_warmboot_entrypoint
                0x000000002ffec220       0x8c /home/ming/tf-a-stm32mp-2.2.r2-r0/tf-a-stm32mp-2.2.r2/../build/trusted/bl32/psci_common.o
                0x000000002ffec220                psci_warmboot_entrypoint
 .text.psci_spd_migrate_info
                0x000000002ffec2ac       0x2c /home/ming/tf-a-stm32mp-2.2.r2-r0/tf-a-stm32mp-2.2.r2/../build/trusted/bl32/psci_common.o
                0x000000002ffec2ac                psci_spd_migrate_info
 .text.psci_print_power_domain_map
                0x000000002ffec2d8       0xb8 /home/ming/tf-a-stm32mp-2.2.r2-r0/tf-a-stm32mp-2.2.r2/../build/trusted/bl32/psci_common.o
                0x000000002ffec2d8                psci_print_power_domain_map
 .text.psci_do_pwrdown_sequence
                0x000000002ffec390        0x4 /home/ming/tf-a-stm32mp-2.2.r2-r0/tf-a-stm32mp-2.2.r2/../build/trusted/bl32/psci_common.o
                0x000000002ffec390                psci_do_pwrdown_sequence
 .text.psci_cpu_on
                0x000000002ffec394       0x2e /home/ming/tf-a-stm32mp-2.2.r2-r0/tf-a-stm32mp-2.2.r2/../build/trusted/bl32/psci_main.o
                0x000000002ffec394                psci_cpu_on
 *fill*         0x000000002ffec3c2        0x2 
 .text.psci_cpu_suspend
                0x000000002ffec3c4       0xbc /home/ming/tf-a-stm32mp-2.2.r2-r0/tf-a-stm32mp-2.2.r2/../build/trusted/bl32/psci_main.o
                0x000000002ffec3c4                psci_cpu_suspend
 .text.psci_system_suspend
                0x000000002ffec480       0x6c /home/ming/tf-a-stm32mp-2.2.r2-r0/tf-a-stm32mp-2.2.r2/../build/trusted/bl32/psci_main.o
                0x000000002ffec480                psci_system_suspend
 .text.psci_cpu_off
                0x000000002ffec4ec       0x1c /home/ming/tf-a-stm32mp-2.2.r2-r0/tf-a-stm32mp-2.2.r2/../build/trusted/bl32/psci_main.o
                0x000000002ffec4ec                psci_cpu_off
 .text.psci_affinity_info
                0x000000002ffec508       0x2a /home/ming/tf-a-stm32mp-2.2.r2-r0/tf-a-stm32mp-2.2.r2/../build/trusted/bl32/psci_main.o
                0x000000002ffec508                psci_affinity_info
 *fill*         0x000000002ffec532        0x2 
 .text.psci_migrate
                0x000000002ffec534       0x6c /home/ming/tf-a-stm32mp-2.2.r2-r0/tf-a-stm32mp-2.2.r2/../build/trusted/bl32/psci_main.o
                0x000000002ffec534                psci_migrate
 .text.psci_migrate_info_type
                0x000000002ffec5a0        0xe /home/ming/tf-a-stm32mp-2.2.r2-r0/tf-a-stm32mp-2.2.r2/../build/trusted/bl32/psci_main.o
                0x000000002ffec5a0                psci_migrate_info_type
 .text.psci_migrate_info_up_cpu
                0x000000002ffec5ae       0x18 /home/ming/tf-a-stm32mp-2.2.r2-r0/tf-a-stm32mp-2.2.r2/../build/trusted/bl32/psci_main.o
                0x000000002ffec5ae                psci_migrate_info_up_cpu
 *fill*         0x000000002ffec5c6        0x2 
 .text.psci_node_hw_state
                0x000000002ffec5c8       0x48 /home/ming/tf-a-stm32mp-2.2.r2-r0/tf-a-stm32mp-2.2.r2/../build/trusted/bl32/psci_main.o
                0x000000002ffec5c8                psci_node_hw_state
 .text.psci_features
                0x000000002ffec610       0x5c /home/ming/tf-a-stm32mp-2.2.r2-r0/tf-a-stm32mp-2.2.r2/../build/trusted/bl32/psci_main.o
                0x000000002ffec610                psci_features
 .text.psci_smc_handler
                0x000000002ffec66c      0x134 /home/ming/tf-a-stm32mp-2.2.r2-r0/tf-a-stm32mp-2.2.r2/../build/trusted/bl32/psci_main.o
                0x000000002ffec66c                psci_smc_handler
 .text.psci_arch_setup
                0x000000002ffec7a0       0x16 /home/ming/tf-a-stm32mp-2.2.r2-r0/tf-a-stm32mp-2.2.r2/../build/trusted/bl32/psci_setup.o
                0x000000002ffec7a0                psci_arch_setup
 *fill*         0x000000002ffec7b6        0x2 
 .text.psci_setup
                0x000000002ffec7b8      0x224 /home/ming/tf-a-stm32mp-2.2.r2-r0/tf-a-stm32mp-2.2.r2/../build/trusted/bl32/psci_setup.o
                0x000000002ffec7b8                psci_setup
 .text.psci_prepare_next_non_secure_ctx
                0x000000002ffec9dc       0x24 /home/ming/tf-a-stm32mp-2.2.r2-r0/tf-a-stm32mp-2.2.r2/../build/trusted/bl32/psci_setup.o
                0x000000002ffec9dc                psci_prepare_next_non_secure_ctx
 .text.psci_system_off
                0x000000002ffeca00       0x38 /home/ming/tf-a-stm32mp-2.2.r2-r0/tf-a-stm32mp-2.2.r2/../build/trusted/bl32/psci_system_off.o
                0x000000002ffeca00                psci_system_off
 .text.psci_system_reset
                0x000000002ffeca38       0x38 /home/ming/tf-a-stm32mp-2.2.r2-r0/tf-a-stm32mp-2.2.r2/../build/trusted/bl32/psci_system_off.o
                0x000000002ffeca38                psci_system_reset
 .text.psci_system_reset2
                0x000000002ffeca70       0x70 /home/ming/tf-a-stm32mp-2.2.r2-r0/tf-a-stm32mp-2.2.r2/../build/trusted/bl32/psci_system_off.o
                0x000000002ffeca70                psci_system_reset2
 .text.psci_mem_protect
                0x000000002ffecae0       0x4c /home/ming/tf-a-stm32mp-2.2.r2-r0/tf-a-stm32mp-2.2.r2/../build/trusted/bl32/psci_mem_protect.o
                0x000000002ffecae0                psci_mem_protect
 .text.psci_mem_chk_range
                0x000000002ffecb2c       0x34 /home/ming/tf-a-stm32mp-2.2.r2-r0/tf-a-stm32mp-2.2.r2/../build/trusted/bl32/psci_mem_protect.o
                0x000000002ffecb2c                psci_mem_chk_range
 .text.bakery_lock_get
                0x000000002ffecb60      0x100 /home/ming/tf-a-stm32mp-2.2.r2-r0/tf-a-stm32mp-2.2.r2/../build/trusted/bl32/bakery_lock_normal.o
                0x000000002ffecb60                bakery_lock_get
 .text.bakery_lock_release
                0x000000002ffecc60       0x58 /home/ming/tf-a-stm32mp-2.2.r2-r0/tf-a-stm32mp-2.2.r2/../build/trusted/bl32/bakery_lock_normal.o
                0x000000002ffecc60                bakery_lock_release
 .text.trim_table_init
                0x000000002ffeccb8       0x8e /home/ming/tf-a-stm32mp-2.2.r2-r0/tf-a-stm32mp-2.2.r2/../build/trusted/bl32/stm32mp1_calib.o
 *fill*         0x000000002ffecd46        0x2 
 .text.csi_get_trimed_cal
                0x000000002ffecd48       0x20 /home/ming/tf-a-stm32mp-2.2.r2-r0/tf-a-stm32mp-2.2.r2/../build/trusted/bl32/stm32mp1_calib.o
 .text.csi_set_trim
                0x000000002ffecd68       0x28 /home/ming/tf-a-stm32mp-2.2.r2-r0/tf-a-stm32mp-2.2.r2/../build/trusted/bl32/stm32mp1_calib.o
 .text.hsi_get_trimed_cal
                0x000000002ffecd90       0x1c /home/ming/tf-a-stm32mp-2.2.r2-r0/tf-a-stm32mp-2.2.r2/../build/trusted/bl32/stm32mp1_calib.o
 .text.hsi_set_trim
                0x000000002ffecdac       0x24 /home/ming/tf-a-stm32mp-2.2.r2-r0/tf-a-stm32mp-2.2.r2/../build/trusted/bl32/stm32mp1_calib.o
 .text.rcc_calibration
                0x000000002ffecdd0      0x1ac /home/ming/tf-a-stm32mp-2.2.r2-r0/tf-a-stm32mp-2.2.r2/../build/trusted/bl32/stm32mp1_calib.o
 .text.stm32mp1_calib_get_wakeup
                0x000000002ffecf7c        0xc /home/ming/tf-a-stm32mp-2.2.r2-r0/tf-a-stm32mp-2.2.r2/../build/trusted/bl32/stm32mp1_calib.o
                0x000000002ffecf7c                stm32mp1_calib_get_wakeup
 .text.stm32mp1_calib_set_wakeup
                0x000000002ffecf88        0xc /home/ming/tf-a-stm32mp-2.2.r2-r0/tf-a-stm32mp-2.2.r2/../build/trusted/bl32/stm32mp1_calib.o
                0x000000002ffecf88                stm32mp1_calib_set_wakeup
 .text.stm32mp1_calib_it_handler
                0x000000002ffecf94       0x8c /home/ming/tf-a-stm32mp-2.2.r2-r0/tf-a-stm32mp-2.2.r2/../build/trusted/bl32/stm32mp1_calib.o
                0x000000002ffecf94                stm32mp1_calib_it_handler
 .text.stm32mp1_calib_start_hsi_cal
                0x000000002ffed020       0x1c /home/ming/tf-a-stm32mp-2.2.r2-r0/tf-a-stm32mp-2.2.r2/../build/trusted/bl32/stm32mp1_calib.o
                0x000000002ffed020                stm32mp1_calib_start_hsi_cal
 .text.stm32mp1_calib_start_csi_cal
                0x000000002ffed03c       0x1c /home/ming/tf-a-stm32mp-2.2.r2-r0/tf-a-stm32mp-2.2.r2/../build/trusted/bl32/stm32mp1_calib.o
                0x000000002ffed03c                stm32mp1_calib_start_csi_cal
 .text.stm32mp1_calib_init
                0x000000002ffed058       0xe8 /home/ming/tf-a-stm32mp-2.2.r2-r0/tf-a-stm32mp-2.2.r2/../build/trusted/bl32/stm32mp1_calib.o
                0x000000002ffed058                stm32mp1_calib_init
 .text.etzpc_configure_decprot
                0x000000002ffed140       0x40 /home/ming/tf-a-stm32mp-2.2.r2-r0/tf-a-stm32mp-2.2.r2/../build/trusted/bl32/etzpc.o
                0x000000002ffed140                etzpc_configure_decprot
 .text.etzpc_get_decprot
                0x000000002ffed180       0x34 /home/ming/tf-a-stm32mp-2.2.r2-r0/tf-a-stm32mp-2.2.r2/../build/trusted/bl32/etzpc.o
                0x000000002ffed180                etzpc_get_decprot
 .text.etzpc_lock_decprot
                0x000000002ffed1b4       0x30 /home/ming/tf-a-stm32mp-2.2.r2-r0/tf-a-stm32mp-2.2.r2/../build/trusted/bl32/etzpc.o
                0x000000002ffed1b4                etzpc_lock_decprot
 .text.etzpc_configure_tzma
                0x000000002ffed1e4       0x24 /home/ming/tf-a-stm32mp-2.2.r2-r0/tf-a-stm32mp-2.2.r2/../build/trusted/bl32/etzpc.o
                0x000000002ffed1e4                etzpc_configure_tzma
 .text.etzpc_init
                0x000000002ffed208       0xec /home/ming/tf-a-stm32mp-2.2.r2-r0/tf-a-stm32mp-2.2.r2/../build/trusted/bl32/etzpc.o
                0x000000002ffed208                etzpc_init
 .text.stm32_rng_read
                0x000000002ffed2f4       0xe0 /home/ming/tf-a-stm32mp-2.2.r2-r0/tf-a-stm32mp-2.2.r2/../build/trusted/bl32/stm32_rng.o
                0x000000002ffed2f4                stm32_rng_read
 .text.stm32_rng_init
                0x000000002ffed3d4       0x9c /home/ming/tf-a-stm32mp-2.2.r2-r0/tf-a-stm32mp-2.2.r2/../build/trusted/bl32/stm32_rng.o
                0x000000002ffed3d4                stm32_rng_init
 .text.stm32_rtc_read_calendar
                0x000000002ffed470       0x30 /home/ming/tf-a-stm32mp-2.2.r2-r0/tf-a-stm32mp-2.2.r2/../build/trusted/bl32/stm32_rtc.o
 .text.stm32_is_a_leap_year
                0x000000002ffed4a0       0x2c /home/ming/tf-a-stm32mp-2.2.r2-r0/tf-a-stm32mp-2.2.r2/../build/trusted/bl32/stm32_rtc.o
 .text.stm32_rtc_get_date
                0x000000002ffed4cc       0x50 /home/ming/tf-a-stm32mp-2.2.r2-r0/tf-a-stm32mp-2.2.r2/../build/trusted/bl32/stm32_rtc.o
 .text.stm32_rtc_get_time
                0x000000002ffed51c       0x50 /home/ming/tf-a-stm32mp-2.2.r2-r0/tf-a-stm32mp-2.2.r2/../build/trusted/bl32/stm32_rtc.o
 .text.stm32_rtc_regs_lock
                0x000000002ffed56c       0x18 /home/ming/tf-a-stm32mp-2.2.r2-r0/tf-a-stm32mp-2.2.r2/../build/trusted/bl32/stm32_rtc.o
                0x000000002ffed56c                stm32_rtc_regs_lock
 .text.stm32_rtc_regs_unlock
                0x000000002ffed584       0x18 /home/ming/tf-a-stm32mp-2.2.r2-r0/tf-a-stm32mp-2.2.r2/../build/trusted/bl32/stm32_rtc.o
                0x000000002ffed584                stm32_rtc_regs_unlock
 .text.stm32_rtc_get_calendar
                0x000000002ffed59c       0x40 /home/ming/tf-a-stm32mp-2.2.r2-r0/tf-a-stm32mp-2.2.r2/../build/trusted/bl32/stm32_rtc.o
                0x000000002ffed59c                stm32_rtc_get_calendar
 .text.stm32_rtc_diff_calendar
                0x000000002ffed5dc      0x1c8 /home/ming/tf-a-stm32mp-2.2.r2-r0/tf-a-stm32mp-2.2.r2/../build/trusted/bl32/stm32_rtc.o
                0x000000002ffed5dc                stm32_rtc_diff_calendar
 .text.stm32_rtc_get_timestamp
                0x000000002ffed7a4       0x6c /home/ming/tf-a-stm32mp-2.2.r2-r0/tf-a-stm32mp-2.2.r2/../build/trusted/bl32/stm32_rtc.o
                0x000000002ffed7a4                stm32_rtc_get_timestamp
 .text.stm32_rtc_set_tamper_timestamp
                0x000000002ffed810       0x48 /home/ming/tf-a-stm32mp-2.2.r2-r0/tf-a-stm32mp-2.2.r2/../build/trusted/bl32/stm32_rtc.o
                0x000000002ffed810                stm32_rtc_set_tamper_timestamp
 .text.stm32_rtc_is_timestamp_enable
                0x000000002ffed858       0x20 /home/ming/tf-a-stm32mp-2.2.r2-r0/tf-a-stm32mp-2.2.r2/../build/trusted/bl32/stm32_rtc.o
                0x000000002ffed858                stm32_rtc_is_timestamp_enable
 .text.stm32_rtc_init
                0x000000002ffed878       0x34 /home/ming/tf-a-stm32mp-2.2.r2-r0/tf-a-stm32mp-2.2.r2/../build/trusted/bl32/stm32_rtc.o
                0x000000002ffed878                stm32_rtc_init
 .text.stm32_tamp_configure_internal
                0x000000002ffed8ac       0x58 /home/ming/tf-a-stm32mp-2.2.r2-r0/tf-a-stm32mp-2.2.r2/../build/trusted/bl32/stm32_tamp.o
                0x000000002ffed8ac                stm32_tamp_configure_internal
 .text.stm32_tamp_configure_external
                0x000000002ffed904      0x108 /home/ming/tf-a-stm32mp-2.2.r2-r0/tf-a-stm32mp-2.2.r2/../build/trusted/bl32/stm32_tamp.o
                0x000000002ffed904                stm32_tamp_configure_external
 .text.stm32_tamp_it_handler
                0x000000002ffeda0c       0xe0 /home/ming/tf-a-stm32mp-2.2.r2-r0/tf-a-stm32mp-2.2.r2/../build/trusted/bl32/stm32_tamp.o
                0x000000002ffeda0c                stm32_tamp_it_handler
 .text.stm32_tamp_init
                0x000000002ffedaec      0x114 /home/ming/tf-a-stm32mp-2.2.r2-r0/tf-a-stm32mp-2.2.r2/../build/trusted/bl32/stm32_tamp.o
                0x000000002ffedaec                stm32_tamp_init
 .text.stm32_timer_config
                0x000000002ffedc00       0x7c /home/ming/tf-a-stm32mp-2.2.r2-r0/tf-a-stm32mp-2.2.r2/../build/trusted/bl32/stm32_timer.o
 .text.stm32_timer_start_capture.part.0
                0x000000002ffedc7c       0xcc /home/ming/tf-a-stm32mp-2.2.r2-r0/tf-a-stm32mp-2.2.r2/../build/trusted/bl32/stm32_timer.o
 .text.stm32_timer_csi_freq
                0x000000002ffedd48       0x34 /home/ming/tf-a-stm32mp-2.2.r2-r0/tf-a-stm32mp-2.2.r2/../build/trusted/bl32/stm32_timer.o
                0x000000002ffedd48                stm32_timer_csi_freq
 .text.stm32_timer_hsi_freq
                0x000000002ffedd7c       0x30 /home/ming/tf-a-stm32mp-2.2.r2-r0/tf-a-stm32mp-2.2.r2/../build/trusted/bl32/stm32_timer.o
                0x000000002ffedd7c                stm32_timer_hsi_freq
 .text.stm32_timer_freq_func
                0x000000002ffeddac       0x34 /home/ming/tf-a-stm32mp-2.2.r2-r0/tf-a-stm32mp-2.2.r2/../build/trusted/bl32/stm32_timer.o
                0x000000002ffeddac                stm32_timer_freq_func
 .text.stm32_timer_init
                0x000000002ffedde0       0xe8 /home/ming/tf-a-stm32mp-2.2.r2-r0/tf-a-stm32mp-2.2.r2/../build/trusted/bl32/stm32_timer.o
                0x000000002ffedde0                stm32_timer_init
 .text.stm32mp1_tamper_action
                0x000000002ffedec8       0x20 /home/ming/tf-a-stm32mp-2.2.r2-r0/tf-a-stm32mp-2.2.r2/../build/trusted/bl32/sp_min_setup.o
 .text.sp_min_plat_fiq_handler
                0x000000002ffedee8       0xec /home/ming/tf-a-stm32mp-2.2.r2-r0/tf-a-stm32mp-2.2.r2/../build/trusted/bl32/sp_min_setup.o
                0x000000002ffedee8                sp_min_plat_fiq_handler
 .text.sp_min_plat_get_bl33_ep_info
                0x000000002ffedfd4       0x64 /home/ming/tf-a-stm32mp-2.2.r2-r0/tf-a-stm32mp-2.2.r2/../build/trusted/bl32/sp_min_setup.o
                0x000000002ffedfd4                sp_min_plat_get_bl33_ep_info
 .text.sp_min_early_platform_setup2
                0x000000002ffee038      0x130 /home/ming/tf-a-stm32mp-2.2.r2-r0/tf-a-stm32mp-2.2.r2/../build/trusted/bl32/sp_min_setup.o
                0x000000002ffee038                sp_min_early_platform_setup2
 .text.sp_min_platform_setup
                0x000000002ffee168       0xa4 /home/ming/tf-a-stm32mp-2.2.r2-r0/tf-a-stm32mp-2.2.r2/../build/trusted/bl32/sp_min_setup.o
                0x000000002ffee168                sp_min_platform_setup
 .text.sp_min_plat_arch_setup
                0x000000002ffee20c        0x2 /home/ming/tf-a-stm32mp-2.2.r2-r0/tf-a-stm32mp-2.2.r2/../build/trusted/bl32/sp_min_setup.o
                0x000000002ffee20c                sp_min_plat_arch_setup
 *fill*         0x000000002ffee20e        0x2 
 .text.smp_synchro
                0x000000002ffee210       0xa4 /home/ming/tf-a-stm32mp-2.2.r2-r0/tf-a-stm32mp-2.2.r2/../build/trusted/bl32/stm32mp1_low_power.o
 .text.stm32_apply_pmic_suspend_config
                0x000000002ffee2b4       0x44 /home/ming/tf-a-stm32mp-2.2.r2-r0/tf-a-stm32mp-2.2.r2/../build/trusted/bl32/stm32mp1_low_power.o
                0x000000002ffee2b4                stm32_apply_pmic_suspend_config
 .text.enter_cstop
                0x000000002ffee2f8      0x164 /home/ming/tf-a-stm32mp-2.2.r2-r0/tf-a-stm32mp-2.2.r2/../build/trusted/bl32/stm32mp1_low_power.o
 .text.stm32_exit_cstop
                0x000000002ffee45c       0x9c /home/ming/tf-a-stm32mp-2.2.r2-r0/tf-a-stm32mp-2.2.r2/../build/trusted/bl32/stm32mp1_low_power.o
                0x000000002ffee45c                stm32_exit_cstop
 .text.stm32_pwr_down_wfi
                0x000000002ffee4f8       0x38 /home/ming/tf-a-stm32mp-2.2.r2-r0/tf-a-stm32mp-2.2.r2/../build/trusted/bl32/stm32mp1_low_power.o
                0x000000002ffee4f8                stm32_pwr_down_wfi
 .text.stm32_auto_stop
                0x000000002ffee530       0x4a /home/ming/tf-a-stm32mp-2.2.r2-r0/tf-a-stm32mp-2.2.r2/../build/trusted/bl32/stm32mp1_low_power.o
                0x000000002ffee530                stm32_auto_stop
 *fill*         0x000000002ffee57a        0x2 
 .text.stm32_enter_low_power
                0x000000002ffee57c       0x6c /home/ming/tf-a-stm32mp-2.2.r2-r0/tf-a-stm32mp-2.2.r2/../build/trusted/bl32/stm32mp1_low_power.o
                0x000000002ffee57c                stm32_enter_low_power
 .text.stm32_pwr_domain_off
                0x000000002ffee5e8        0x2 /home/ming/tf-a-stm32mp-2.2.r2-r0/tf-a-stm32mp-2.2.r2/../build/trusted/bl32/stm32mp1_pm.o
 .text.stm32_validate_power_state
                0x000000002ffee5ea       0x1c /home/ming/tf-a-stm32mp-2.2.r2-r0/tf-a-stm32mp-2.2.r2/../build/trusted/bl32/stm32mp1_pm.o
 *fill*         0x000000002ffee606        0x2 
 .text.stm32_validate_ns_entrypoint
                0x000000002ffee608       0x18 /home/ming/tf-a-stm32mp-2.2.r2-r0/tf-a-stm32mp-2.2.r2/../build/trusted/bl32/stm32mp1_pm.o
 .text.stm32_node_hw_state
                0x000000002ffee620        0xc /home/ming/tf-a-stm32mp-2.2.r2-r0/tf-a-stm32mp-2.2.r2/../build/trusted/bl32/stm32mp1_pm.o
 .text.stm32_get_sys_suspend_power_state
                0x000000002ffee62c        0x8 /home/ming/tf-a-stm32mp-2.2.r2-r0/tf-a-stm32mp-2.2.r2/../build/trusted/bl32/stm32mp1_pm.o
 .text.stm32_system_reset
                0x000000002ffee634       0x14 /home/ming/tf-a-stm32mp-2.2.r2-r0/tf-a-stm32mp-2.2.r2/../build/trusted/bl32/stm32mp1_pm.o
 .text.stm32_pwr_domain_suspend
                0x000000002ffee648       0x18 /home/ming/tf-a-stm32mp-2.2.r2-r0/tf-a-stm32mp-2.2.r2/../build/trusted/bl32/stm32mp1_pm.o
 .text.stm32_system_off
                0x000000002ffee660       0x3c /home/ming/tf-a-stm32mp-2.2.r2-r0/tf-a-stm32mp-2.2.r2/../build/trusted/bl32/stm32mp1_pm.o
 .text.stm32_pwr_domain_pwr_down_wfi
                0x000000002ffee69c       0x40 /home/ming/tf-a-stm32mp-2.2.r2-r0/tf-a-stm32mp-2.2.r2/../build/trusted/bl32/stm32mp1_pm.o
 .text.stm32_pwr_domain_on_finish
                0x000000002ffee6dc       0x14 /home/ming/tf-a-stm32mp-2.2.r2-r0/tf-a-stm32mp-2.2.r2/../build/trusted/bl32/stm32mp1_pm.o
 .text.stm32_pwr_domain_on
                0x000000002ffee6f0       0x84 /home/ming/tf-a-stm32mp-2.2.r2-r0/tf-a-stm32mp-2.2.r2/../build/trusted/bl32/stm32mp1_pm.o
 .text.stm32_cpu_standby
                0x000000002ffee774       0x3c /home/ming/tf-a-stm32mp-2.2.r2-r0/tf-a-stm32mp-2.2.r2/../build/trusted/bl32/stm32mp1_pm.o
 .text.stm32_pwr_domain_suspend_finish
                0x000000002ffee7b0        0x2 /home/ming/tf-a-stm32mp-2.2.r2-r0/tf-a-stm32mp-2.2.r2/../build/trusted/bl32/stm32mp1_pm.o
 *fill*         0x000000002ffee7b2        0x2 
 .text.plat_setup_psci_ops
                0x000000002ffee7b4       0x14 /home/ming/tf-a-stm32mp-2.2.r2-r0/tf-a-stm32mp-2.2.r2/../build/trusted/bl32/stm32mp1_pm.o
                0x000000002ffee7b4                plat_setup_psci_ops
 .text.stm32mp1_init_lp_states
                0x000000002ffee7c8      0x114 /home/ming/tf-a-stm32mp-2.2.r2-r0/tf-a-stm32mp-2.2.r2/../build/trusted/bl32/stm32mp1_power_config.o
                0x000000002ffee7c8                stm32mp1_init_lp_states
 .text.stm32mp1_set_pm_domain_state
                0x000000002ffee8dc       0x14 /home/ming/tf-a-stm32mp-2.2.r2-r0/tf-a-stm32mp-2.2.r2/../build/trusted/bl32/stm32mp1_power_config.o
                0x000000002ffee8dc                stm32mp1_set_pm_domain_state
 .text.stm32mp1_get_lp_soc_mode
                0x000000002ffee8f0       0x58 /home/ming/tf-a-stm32mp-2.2.r2-r0/tf-a-stm32mp-2.2.r2/../build/trusted/bl32/stm32mp1_power_config.o
                0x000000002ffee8f0                stm32mp1_get_lp_soc_mode
 .text.stm32mp1_get_retram_enabled
                0x000000002ffee948        0xc /home/ming/tf-a-stm32mp-2.2.r2-r0/tf-a-stm32mp-2.2.r2/../build/trusted/bl32/stm32mp1_power_config.o
                0x000000002ffee948                stm32mp1_get_retram_enabled
 .text.get_gpioz_nbpin
                0x000000002ffee954       0x34 /home/ming/tf-a-stm32mp-2.2.r2-r0/tf-a-stm32mp-2.2.r2/../build/trusted/bl32/stm32mp1_shared_resources.o
 .text.register_periph
                0x000000002ffee988       0xb0 /home/ming/tf-a-stm32mp-2.2.r2-r0/tf-a-stm32mp-2.2.r2/../build/trusted/bl32/stm32mp1_shared_resources.o
 .text.register_periph_iomem
                0x000000002ffeea38      0x118 /home/ming/tf-a-stm32mp-2.2.r2-r0/tf-a-stm32mp-2.2.r2/../build/trusted/bl32/stm32mp1_shared_resources.o
 .text.stm32mp_gpio_bank_is_non_secure.part.5
                0x000000002ffeeb50       0x40 /home/ming/tf-a-stm32mp-2.2.r2-r0/tf-a-stm32mp-2.2.r2/../build/trusted/bl32/stm32mp1_shared_resources.o
 .text.check_decprot
                0x000000002ffeeb90       0x88 /home/ming/tf-a-stm32mp-2.2.r2-r0/tf-a-stm32mp-2.2.r2/../build/trusted/bl32/stm32mp1_shared_resources.o
 .text.stm32mp_register_secure_periph
                0x000000002ffeec18        0x6 /home/ming/tf-a-stm32mp-2.2.r2-r0/tf-a-stm32mp-2.2.r2/../build/trusted/bl32/stm32mp1_shared_resources.o
                0x000000002ffeec18                stm32mp_register_secure_periph
 .text.stm32mp_register_secure_periph_iomem
                0x000000002ffeec1e        0x6 /home/ming/tf-a-stm32mp-2.2.r2-r0/tf-a-stm32mp-2.2.r2/../build/trusted/bl32/stm32mp1_shared_resources.o
                0x000000002ffeec1e                stm32mp_register_secure_periph_iomem
 .text.stm32mp_register_non_secure_periph_iomem
                0x000000002ffeec24        0x6 /home/ming/tf-a-stm32mp-2.2.r2-r0/tf-a-stm32mp-2.2.r2/../build/trusted/bl32/stm32mp1_shared_resources.o
                0x000000002ffeec24                stm32mp_register_non_secure_periph_iomem
 *fill*         0x000000002ffeec2a        0x2 
 .text.stm32mp_register_secure_gpio
                0x000000002ffeec2c       0x28 /home/ming/tf-a-stm32mp-2.2.r2-r0/tf-a-stm32mp-2.2.r2/../build/trusted/bl32/stm32mp1_shared_resources.o
                0x000000002ffeec2c                stm32mp_register_secure_gpio
 .text.stm32mp_register_non_secure_gpio
                0x000000002ffeec54       0x10 /home/ming/tf-a-stm32mp-2.2.r2-r0/tf-a-stm32mp-2.2.r2/../build/trusted/bl32/stm32mp1_shared_resources.o
                0x000000002ffeec54                stm32mp_register_non_secure_gpio
 .text.stm32mp1_register_etzpc_decprot
                0x000000002ffeec64       0xc4 /home/ming/tf-a-stm32mp-2.2.r2-r0/tf-a-stm32mp-2.2.r2/../build/trusted/bl32/stm32mp1_shared_resources.o
                0x000000002ffeec64                stm32mp1_register_etzpc_decprot
 .text.stm32mp_gpio_bank_is_non_secure
                0x000000002ffeed28       0x18 /home/ming/tf-a-stm32mp-2.2.r2-r0/tf-a-stm32mp-2.2.r2/../build/trusted/bl32/stm32mp1_shared_resources.o
                0x000000002ffeed28                stm32mp_gpio_bank_is_non_secure
 .text.stm32mp_nsec_can_access_clock
                0x000000002ffeed40       0xcc /home/ming/tf-a-stm32mp-2.2.r2-r0/tf-a-stm32mp-2.2.r2/../build/trusted/bl32/stm32mp1_shared_resources.o
                0x000000002ffeed40                stm32mp_nsec_can_access_clock
 .text.stm32mp_nsec_can_access_reset
                0x000000002ffeee0c       0xa0 /home/ming/tf-a-stm32mp-2.2.r2-r0/tf-a-stm32mp-2.2.r2/../build/trusted/bl32/stm32mp1_shared_resources.o
                0x000000002ffeee0c                stm32mp_nsec_can_access_reset
 .text.stm32mp_lock_periph_registering
                0x000000002ffeeeac      0x220 /home/ming/tf-a-stm32mp-2.2.r2-r0/tf-a-stm32mp-2.2.r2/../build/trusted/bl32/stm32mp1_shared_resources.o
                0x000000002ffeeeac                stm32mp_lock_periph_registering
 .text.plat_get_power_domain_tree_desc
                0x000000002ffef0cc        0x8 /home/ming/tf-a-stm32mp-2.2.r2-r0/tf-a-stm32mp-2.2.r2/../build/trusted/bl32/stm32mp1_topology.o
                0x000000002ffef0cc                plat_get_power_domain_tree_desc
 .text.plat_core_pos_by_mpidr
                0x000000002ffef0d4       0x20 /home/ming/tf-a-stm32mp-2.2.r2-r0/tf-a-stm32mp-2.2.r2/../build/trusted/bl32/stm32mp1_topology.o
                0x000000002ffef0d4                plat_core_pos_by_mpidr
 .text.gicd_read_igroupr
                0x000000002ffef0f4        0xa /home/ming/tf-a-stm32mp-2.2.r2-r0/tf-a-stm32mp-2.2.r2/../build/trusted/bl32/gic_common.o
                0x000000002ffef0f4                gicd_read_igroupr
 .text.gicd_read_icfgr
                0x000000002ffef0fe        0xc /home/ming/tf-a-stm32mp-2.2.r2-r0/tf-a-stm32mp-2.2.r2/../build/trusted/bl32/gic_common.o
                0x000000002ffef0fe                gicd_read_icfgr
 .text.gicd_write_igroupr
                0x000000002ffef10a        0xa /home/ming/tf-a-stm32mp-2.2.r2-r0/tf-a-stm32mp-2.2.r2/../build/trusted/bl32/gic_common.o
                0x000000002ffef10a                gicd_write_igroupr
 .text.gicd_write_isenabler
                0x000000002ffef114        0xc /home/ming/tf-a-stm32mp-2.2.r2-r0/tf-a-stm32mp-2.2.r2/../build/trusted/bl32/gic_common.o
                0x000000002ffef114                gicd_write_isenabler
 .text.gicd_write_icenabler
                0x000000002ffef120        0xc /home/ming/tf-a-stm32mp-2.2.r2-r0/tf-a-stm32mp-2.2.r2/../build/trusted/bl32/gic_common.o
                0x000000002ffef120                gicd_write_icenabler
 .text.gicd_write_ipriorityr
                0x000000002ffef12c        0xc /home/ming/tf-a-stm32mp-2.2.r2-r0/tf-a-stm32mp-2.2.r2/../build/trusted/bl32/gic_common.o
                0x000000002ffef12c                gicd_write_ipriorityr
 .text.gicd_write_icfgr
                0x000000002ffef138        0xc /home/ming/tf-a-stm32mp-2.2.r2-r0/tf-a-stm32mp-2.2.r2/../build/trusted/bl32/gic_common.o
                0x000000002ffef138                gicd_write_icfgr
 .text.gicd_set_igroupr
                0x000000002ffef144       0x20 /home/ming/tf-a-stm32mp-2.2.r2-r0/tf-a-stm32mp-2.2.r2/../build/trusted/bl32/gic_common.o
                0x000000002ffef144                gicd_set_igroupr
 .text.gicd_clr_igroupr
                0x000000002ffef164       0x22 /home/ming/tf-a-stm32mp-2.2.r2-r0/tf-a-stm32mp-2.2.r2/../build/trusted/bl32/gic_common.o
                0x000000002ffef164                gicd_clr_igroupr
 .text.gicd_set_isenabler
                0x000000002ffef186        0xc /home/ming/tf-a-stm32mp-2.2.r2-r0/tf-a-stm32mp-2.2.r2/../build/trusted/bl32/gic_common.o
                0x000000002ffef186                gicd_set_isenabler
 .text.gicd_set_icenabler
                0x000000002ffef192        0xc /home/ming/tf-a-stm32mp-2.2.r2-r0/tf-a-stm32mp-2.2.r2/../build/trusted/bl32/gic_common.o
                0x000000002ffef192                gicd_set_icenabler
 .text.gicd_set_ipriorityr
                0x000000002ffef19e        0xa /home/ming/tf-a-stm32mp-2.2.r2-r0/tf-a-stm32mp-2.2.r2/../build/trusted/bl32/gic_common.o
                0x000000002ffef19e                gicd_set_ipriorityr
 .text.gicd_set_icfgr
                0x000000002ffef1a8       0x2c /home/ming/tf-a-stm32mp-2.2.r2-r0/tf-a-stm32mp-2.2.r2/../build/trusted/bl32/gic_common.o
                0x000000002ffef1a8                gicd_set_icfgr
 .text.gicv2_get_cpuif_id
                0x000000002ffef1d4        0x8 /home/ming/tf-a-stm32mp-2.2.r2-r0/tf-a-stm32mp-2.2.r2/../build/trusted/bl32/gicv2_helpers.o
                0x000000002ffef1d4                gicv2_get_cpuif_id
 .text.gicv2_spis_configure_defaults
                0x000000002ffef1dc       0x50 /home/ming/tf-a-stm32mp-2.2.r2-r0/tf-a-stm32mp-2.2.r2/../build/trusted/bl32/gicv2_helpers.o
                0x000000002ffef1dc                gicv2_spis_configure_defaults
 .text.gicv2_secure_spis_configure_props
                0x000000002ffef22c       0x94 /home/ming/tf-a-stm32mp-2.2.r2-r0/tf-a-stm32mp-2.2.r2/../build/trusted/bl32/gicv2_helpers.o
                0x000000002ffef22c                gicv2_secure_spis_configure_props
 .text.gicv2_secure_ppi_sgi_setup_props
                0x000000002ffef2c0       0xb4 /home/ming/tf-a-stm32mp-2.2.r2-r0/tf-a-stm32mp-2.2.r2/../build/trusted/bl32/gicv2_helpers.o
                0x000000002ffef2c0                gicv2_secure_ppi_sgi_setup_props
 .text.gicv2_cpuif_enable
                0x000000002ffef374       0x2c /home/ming/tf-a-stm32mp-2.2.r2-r0/tf-a-stm32mp-2.2.r2/../build/trusted/bl32/gicv2_main.o
                0x000000002ffef374                gicv2_cpuif_enable
 .text.gicv2_pcpu_distif_init
                0x000000002ffef3a0       0x3c /home/ming/tf-a-stm32mp-2.2.r2-r0/tf-a-stm32mp-2.2.r2/../build/trusted/bl32/gicv2_main.o
                0x000000002ffef3a0                gicv2_pcpu_distif_init
 .text.gicv2_distif_init
                0x000000002ffef3dc       0x44 /home/ming/tf-a-stm32mp-2.2.r2-r0/tf-a-stm32mp-2.2.r2/../build/trusted/bl32/gicv2_main.o
                0x000000002ffef3dc                gicv2_distif_init
 .text.gicv2_driver_init
                0x000000002ffef420       0x64 /home/ming/tf-a-stm32mp-2.2.r2-r0/tf-a-stm32mp-2.2.r2/../build/trusted/bl32/gicv2_main.o
                0x000000002ffef420                gicv2_driver_init
 .text.gicv2_get_pending_interrupt_id
                0x000000002ffef484       0x38 /home/ming/tf-a-stm32mp-2.2.r2-r0/tf-a-stm32mp-2.2.r2/../build/trusted/bl32/gicv2_main.o
                0x000000002ffef484                gicv2_get_pending_interrupt_id
 .text.gicv2_acknowledge_interrupt
                0x000000002ffef4bc       0x24 /home/ming/tf-a-stm32mp-2.2.r2-r0/tf-a-stm32mp-2.2.r2/../build/trusted/bl32/gicv2_main.o
                0x000000002ffef4bc                gicv2_acknowledge_interrupt
 .text.gicv2_end_of_interrupt
                0x000000002ffef4e0       0x24 /home/ming/tf-a-stm32mp-2.2.r2-r0/tf-a-stm32mp-2.2.r2/../build/trusted/bl32/gicv2_main.o
                0x000000002ffef4e0                gicv2_end_of_interrupt
 .text.gicv2_set_pe_target_mask
                0x000000002ffef504       0x68 /home/ming/tf-a-stm32mp-2.2.r2-r0/tf-a-stm32mp-2.2.r2/../build/trusted/bl32/gicv2_main.o
                0x000000002ffef504                gicv2_set_pe_target_mask
 .text.gicv2_enable_interrupt
                0x000000002ffef56c       0x44 /home/ming/tf-a-stm32mp-2.2.r2-r0/tf-a-stm32mp-2.2.r2/../build/trusted/bl32/gicv2_main.o
                0x000000002ffef56c                gicv2_enable_interrupt
 .text.gicv2_disable_interrupt
                0x000000002ffef5b0       0x3c /home/ming/tf-a-stm32mp-2.2.r2-r0/tf-a-stm32mp-2.2.r2/../build/trusted/bl32/gicv2_main.o
                0x000000002ffef5b0                gicv2_disable_interrupt
 .text.gicv2_set_interrupt_priority
                0x000000002ffef5ec       0x40 /home/ming/tf-a-stm32mp-2.2.r2-r0/tf-a-stm32mp-2.2.r2/../build/trusted/bl32/gicv2_main.o
                0x000000002ffef5ec                gicv2_set_interrupt_priority
 .text.gicv2_set_interrupt_type
                0x000000002ffef62c       0x6c /home/ming/tf-a-stm32mp-2.2.r2-r0/tf-a-stm32mp-2.2.r2/../build/trusted/bl32/gicv2_main.o
                0x000000002ffef62c                gicv2_set_interrupt_type
 .text.gicv2_raise_sgi
                0x000000002ffef698       0x6c /home/ming/tf-a-stm32mp-2.2.r2-r0/tf-a-stm32mp-2.2.r2/../build/trusted/bl32/gicv2_main.o
                0x000000002ffef698                gicv2_raise_sgi
 .text.gicv2_set_spi_routing
                0x000000002ffef704       0x6c /home/ming/tf-a-stm32mp-2.2.r2-r0/tf-a-stm32mp-2.2.r2/../build/trusted/bl32/gicv2_main.o
                0x000000002ffef704                gicv2_set_spi_routing
 .text.gicv2_set_pmr
                0x000000002ffef770       0x38 /home/ming/tf-a-stm32mp-2.2.r2-r0/tf-a-stm32mp-2.2.r2/../build/trusted/bl32/gicv2_main.o
                0x000000002ffef770                gicv2_set_pmr
 .text.gicv2_interrupt_set_cfg
                0x000000002ffef7a8       0x14 /home/ming/tf-a-stm32mp-2.2.r2-r0/tf-a-stm32mp-2.2.r2/../build/trusted/bl32/gicv2_main.o
                0x000000002ffef7a8                gicv2_interrupt_set_cfg
 .text.plat_ic_get_pending_interrupt_id
                0x000000002ffef7bc       0x14 /home/ming/tf-a-stm32mp-2.2.r2-r0/tf-a-stm32mp-2.2.r2/../build/trusted/bl32/plat_gicv2.o
                0x000000002ffef7bc                plat_ic_get_pending_interrupt_id
 .text.plat_ic_acknowledge_interrupt
                0x000000002ffef7d0        0x4 /home/ming/tf-a-stm32mp-2.2.r2-r0/tf-a-stm32mp-2.2.r2/../build/trusted/bl32/plat_gicv2.o
                0x000000002ffef7d0                plat_ic_acknowledge_interrupt
 .text.plat_ic_end_of_interrupt
                0x000000002ffef7d4        0x4 /home/ming/tf-a-stm32mp-2.2.r2-r0/tf-a-stm32mp-2.2.r2/../build/trusted/bl32/plat_gicv2.o
                0x000000002ffef7d4                plat_ic_end_of_interrupt
 .text.plat_ic_disable_interrupt
                0x000000002ffef7d8        0x4 /home/ming/tf-a-stm32mp-2.2.r2-r0/tf-a-stm32mp-2.2.r2/../build/trusted/bl32/plat_gicv2.o
                0x000000002ffef7d8                plat_ic_disable_interrupt
 .text.plat_ic_set_interrupt_priority
                0x000000002ffef7dc        0x4 /home/ming/tf-a-stm32mp-2.2.r2-r0/tf-a-stm32mp-2.2.r2/../build/trusted/bl32/plat_gicv2.o
                0x000000002ffef7dc                plat_ic_set_interrupt_priority
 .text.plat_ic_set_priority_mask
                0x000000002ffef7e0        0x4 /home/ming/tf-a-stm32mp-2.2.r2-r0/tf-a-stm32mp-2.2.r2/../build/trusted/bl32/plat_gicv2.o
                0x000000002ffef7e0                plat_ic_set_priority_mask
 .text.fdt32_to_cpu
                0x000000002ffef7e4        0x4 /home/ming/tf-a-stm32mp-2.2.r2-r0/tf-a-stm32mp-2.2.r2/../build/trusted/bl32/stm32_gic.o
 .text.enable_gic_interrupt
                0x000000002ffef7e8       0x62 /home/ming/tf-a-stm32mp-2.2.r2-r0/tf-a-stm32mp-2.2.r2/../build/trusted/bl32/stm32_gic.o
 .text.stm32_gic_pcpu_init
                0x000000002ffef84a       0x16 /home/ming/tf-a-stm32mp-2.2.r2-r0/tf-a-stm32mp-2.2.r2/../build/trusted/bl32/stm32_gic.o
                0x000000002ffef84a                stm32_gic_pcpu_init
 .text.stm32_gic_init
                0x000000002ffef860       0x90 /home/ming/tf-a-stm32mp-2.2.r2-r0/tf-a-stm32mp-2.2.r2/../build/trusted/bl32/stm32_gic.o
                0x000000002ffef860                stm32_gic_init
 .text.stm32_gic_enable_spi
                0x000000002ffef8f0      0x138 /home/ming/tf-a-stm32mp-2.2.r2-r0/tf-a-stm32mp-2.2.r2/../build/trusted/bl32/stm32_gic.o
                0x000000002ffef8f0                stm32_gic_enable_spi
 .text.plat_get_target_pwr_state
                0x000000002ffefa28       0x24 /home/ming/tf-a-stm32mp-2.2.r2-r0/tf-a-stm32mp-2.2.r2/../build/trusted/bl32/plat_psci_common.o
                0x000000002ffefa28                plat_get_target_pwr_state
 .text.bsec_main
                0x000000002ffefa4c      0x12c /home/ming/tf-a-stm32mp-2.2.r2-r0/tf-a-stm32mp-2.2.r2/../build/trusted/bl32/bsec_svc.o
                0x000000002ffefa4c                bsec_main
 .text.pm_domain_scv_handler
                0x000000002ffefb78       0x18 /home/ming/tf-a-stm32mp-2.2.r2-r0/tf-a-stm32mp-2.2.r2/../build/trusted/bl32/low_power_svc.o
                0x000000002ffefb78                pm_domain_scv_handler
 .text.pwr_scv_handler
                0x000000002ffefb90       0x8c /home/ming/tf-a-stm32mp-2.2.r2-r0/tf-a-stm32mp-2.2.r2/../build/trusted/bl32/pwr_svc.o
                0x000000002ffefb90                pwr_scv_handler
 .text.rcc_scv_handler
                0x000000002ffefc1c       0x62 /home/ming/tf-a-stm32mp-2.2.r2-r0/tf-a-stm32mp-2.2.r2/../build/trusted/bl32/rcc_svc.o
                0x000000002ffefc1c                rcc_scv_handler
 .text.rcc_cal_scv_handler
                0x000000002ffefc7e       0x26 /home/ming/tf-a-stm32mp-2.2.r2-r0/tf-a-stm32mp-2.2.r2/../build/trusted/bl32/rcc_svc.o
                0x000000002ffefc7e                rcc_cal_scv_handler
 .text.rcc_opp_scv_handler
                0x000000002ffefca4       0x4c /home/ming/tf-a-stm32mp-2.2.r2-r0/tf-a-stm32mp-2.2.r2/../build/trusted/bl32/rcc_svc.o
                0x000000002ffefca4                rcc_opp_scv_handler
 .text.stm32mp1_svc_setup
                0x000000002ffefcf0        0x4 /home/ming/tf-a-stm32mp-2.2.r2-r0/tf-a-stm32mp-2.2.r2/../build/trusted/bl32/stm32mp1_svc_setup.o
 .text.stm32mp1_svc_smc_handler
                0x000000002ffefcf4      0x104 /home/ming/tf-a-stm32mp-2.2.r2-r0/tf-a-stm32mp-2.2.r2/../build/trusted/bl32/stm32mp1_svc_setup.o
 .text.discover_list_protocols
                0x000000002ffefdf8       0x90 /home/ming/tf-a-stm32mp-2.2.r2-r0/tf-a-stm32mp-2.2.r2/../build/trusted/bl32/base.o
 .text.discover_implementation_version
                0x000000002ffefe88       0x24 /home/ming/tf-a-stm32mp-2.2.r2-r0/tf-a-stm32mp-2.2.r2/../build/trusted/bl32/base.o
 .text.report_message_attributes
                0x000000002ffefeac       0x44 /home/ming/tf-a-stm32mp-2.2.r2-r0/tf-a-stm32mp-2.2.r2/../build/trusted/bl32/base.o
 .text.report_version
                0x000000002ffefef0       0x28 /home/ming/tf-a-stm32mp-2.2.r2-r0/tf-a-stm32mp-2.2.r2/../build/trusted/bl32/base.o
 .text.report_attributes
                0x000000002ffeff18       0x2e /home/ming/tf-a-stm32mp-2.2.r2-r0/tf-a-stm32mp-2.2.r2/../build/trusted/bl32/base.o
 *fill*         0x000000002ffeff46        0x2 
 .text.discover_sub_vendor
                0x000000002ffeff48       0x54 /home/ming/tf-a-stm32mp-2.2.r2-r0/tf-a-stm32mp-2.2.r2/../build/trusted/bl32/base.o
 .text.discover_vendor
                0x000000002ffeff9c       0x54 /home/ming/tf-a-stm32mp-2.2.r2-r0/tf-a-stm32mp-2.2.r2/../build/trusted/bl32/base.o
 .text.scmi_msg_get_base_handler
                0x000000002ffefff0       0x24 /home/ming/tf-a-stm32mp-2.2.r2-r0/tf-a-stm32mp-2.2.r2/../build/trusted/bl32/base.o
                0x000000002ffefff0                scmi_msg_get_base_handler
 .text.confine_array_index
                0x000000002fff0014        0xc /home/ming/tf-a-stm32mp-2.2.r2-r0/tf-a-stm32mp-2.2.r2/../build/trusted/bl32/clock.o
 .text.report_message_attributes
                0x000000002fff0020       0x44 /home/ming/tf-a-stm32mp-2.2.r2-r0/tf-a-stm32mp-2.2.r2/../build/trusted/bl32/clock.o
 .text.report_version
                0x000000002fff0064       0x28 /home/ming/tf-a-stm32mp-2.2.r2-r0/tf-a-stm32mp-2.2.r2/../build/trusted/bl32/clock.o
 .text.write_rate_desc_array_in_buffer
                0x000000002fff008c       0x34 /home/ming/tf-a-stm32mp-2.2.r2-r0/tf-a-stm32mp-2.2.r2/../build/trusted/bl32/clock.o
 .text.report_attributes
                0x000000002fff00c0       0x34 /home/ming/tf-a-stm32mp-2.2.r2-r0/tf-a-stm32mp-2.2.r2/../build/trusted/bl32/clock.o
 .text.scmi_clock_describe_rates
                0x000000002fff00f4       0xf8 /home/ming/tf-a-stm32mp-2.2.r2-r0/tf-a-stm32mp-2.2.r2/../build/trusted/bl32/clock.o
 .text.scmi_clock_rate_get
                0x000000002fff01ec       0x60 /home/ming/tf-a-stm32mp-2.2.r2-r0/tf-a-stm32mp-2.2.r2/../build/trusted/bl32/clock.o
 .text.scmi_clock_rate_set
                0x000000002fff024c       0x4a /home/ming/tf-a-stm32mp-2.2.r2-r0/tf-a-stm32mp-2.2.r2/../build/trusted/bl32/clock.o
 *fill*         0x000000002fff0296        0x2 
 .text.scmi_clock_attributes
                0x000000002fff0298       0x90 /home/ming/tf-a-stm32mp-2.2.r2-r0/tf-a-stm32mp-2.2.r2/../build/trusted/bl32/clock.o
 .text.scmi_clock_config_set
                0x000000002fff0328       0x4e /home/ming/tf-a-stm32mp-2.2.r2-r0/tf-a-stm32mp-2.2.r2/../build/trusted/bl32/clock.o
 *fill*         0x000000002fff0376        0x2 
 .text.scmi_msg_get_clock_handler
                0x000000002fff0378       0x20 /home/ming/tf-a-stm32mp-2.2.r2-r0/tf-a-stm32mp-2.2.r2/../build/trusted/bl32/clock.o
                0x000000002fff0378                scmi_msg_get_clock_handler
 .text.scmi_status_response
                0x000000002fff0398       0x30 /home/ming/tf-a-stm32mp-2.2.r2-r0/tf-a-stm32mp-2.2.r2/../build/trusted/bl32/entry.o
                0x000000002fff0398                scmi_status_response
 .text.scmi_write_response
                0x000000002fff03c8       0x2c /home/ming/tf-a-stm32mp-2.2.r2-r0/tf-a-stm32mp-2.2.r2/../build/trusted/bl32/entry.o
                0x000000002fff03c8                scmi_write_response
 .text.scmi_process_message
                0x000000002fff03f4       0x4c /home/ming/tf-a-stm32mp-2.2.r2-r0/tf-a-stm32mp-2.2.r2/../build/trusted/bl32/entry.o
                0x000000002fff03f4                scmi_process_message
 .text.report_message_attributes
                0x000000002fff0440       0x44 /home/ming/tf-a-stm32mp-2.2.r2-r0/tf-a-stm32mp-2.2.r2/../build/trusted/bl32/reset_domain.o
 .text.report_version
                0x000000002fff0484       0x28 /home/ming/tf-a-stm32mp-2.2.r2-r0/tf-a-stm32mp-2.2.r2/../build/trusted/bl32/reset_domain.o
 .text.report_attributes
                0x000000002fff04ac       0x2e /home/ming/tf-a-stm32mp-2.2.r2-r0/tf-a-stm32mp-2.2.r2/../build/trusted/bl32/reset_domain.o
 *fill*         0x000000002fff04da        0x2 
 .text.reset_domain_attributes
                0x000000002fff04dc       0x94 /home/ming/tf-a-stm32mp-2.2.r2-r0/tf-a-stm32mp-2.2.r2/../build/trusted/bl32/reset_domain.o
 .text.reset_request
                0x000000002fff0570       0x78 /home/ming/tf-a-stm32mp-2.2.r2-r0/tf-a-stm32mp-2.2.r2/../build/trusted/bl32/reset_domain.o
 .text.scmi_msg_get_rd_handler
                0x000000002fff05e8       0x24 /home/ming/tf-a-stm32mp-2.2.r2-r0/tf-a-stm32mp-2.2.r2/../build/trusted/bl32/reset_domain.o
                0x000000002fff05e8                scmi_msg_get_rd_handler
 .text.scmi_proccess_smt
                0x000000002fff060c       0xb0 /home/ming/tf-a-stm32mp-2.2.r2-r0/tf-a-stm32mp-2.2.r2/../build/trusted/bl32/smt.o
 .text.scmi_smt_fastcall_smc_entry
                0x000000002fff06bc       0x20 /home/ming/tf-a-stm32mp-2.2.r2-r0/tf-a-stm32mp-2.2.r2/../build/trusted/bl32/smt.o
                0x000000002fff06bc                scmi_smt_fastcall_smc_entry
 .text.scmi_smt_init_agent_channel
                0x000000002fff06dc       0x20 /home/ming/tf-a-stm32mp-2.2.r2-r0/tf-a-stm32mp-2.2.r2/../build/trusted/bl32/smt.o
                0x000000002fff06dc                scmi_smt_init_agent_channel
 .text.plat_scmi_protocol_count_paranoid
                0x000000002fff06fc        0x4 /home/ming/tf-a-stm32mp-2.2.r2-r0/tf-a-stm32mp-2.2.r2/../build/trusted/bl32/stm32mp1_scmi.o
 .text.unlikely.find_resource.part.0
                0x000000002fff0700       0x10 /home/ming/tf-a-stm32mp-2.2.r2-r0/tf-a-stm32mp-2.2.r2/../build/trusted/bl32/stm32mp1_scmi.o
 .text.find_clock
                0x000000002fff0710       0x34 /home/ming/tf-a-stm32mp-2.2.r2-r0/tf-a-stm32mp-2.2.r2/../build/trusted/bl32/stm32mp1_scmi.o
 .text.find_rd  0x000000002fff0744       0x34 /home/ming/tf-a-stm32mp-2.2.r2-r0/tf-a-stm32mp-2.2.r2/../build/trusted/bl32/stm32mp1_scmi.o
 .text.plat_scmi_get_channel
                0x000000002fff0778       0x20 /home/ming/tf-a-stm32mp-2.2.r2-r0/tf-a-stm32mp-2.2.r2/../build/trusted/bl32/stm32mp1_scmi.o
                0x000000002fff0778                plat_scmi_get_channel
 .text.plat_scmi_vendor_name
                0x000000002fff0798        0x8 /home/ming/tf-a-stm32mp-2.2.r2-r0/tf-a-stm32mp-2.2.r2/../build/trusted/bl32/stm32mp1_scmi.o
                0x000000002fff0798                plat_scmi_vendor_name
 .text.plat_scmi_sub_vendor_name
                0x000000002fff07a0        0x8 /home/ming/tf-a-stm32mp-2.2.r2-r0/tf-a-stm32mp-2.2.r2/../build/trusted/bl32/stm32mp1_scmi.o
                0x000000002fff07a0                plat_scmi_sub_vendor_name
 .text.plat_scmi_protocol_count
                0x000000002fff07a8       0x18 /home/ming/tf-a-stm32mp-2.2.r2-r0/tf-a-stm32mp-2.2.r2/../build/trusted/bl32/stm32mp1_scmi.o
                0x000000002fff07a8                plat_scmi_protocol_count
 .text.plat_scmi_protocol_list
                0x000000002fff07c0       0x20 /home/ming/tf-a-stm32mp-2.2.r2-r0/tf-a-stm32mp-2.2.r2/../build/trusted/bl32/stm32mp1_scmi.o
                0x000000002fff07c0                plat_scmi_protocol_list
 .text.plat_scmi_clock_count
                0x000000002fff07e0       0x18 /home/ming/tf-a-stm32mp-2.2.r2-r0/tf-a-stm32mp-2.2.r2/../build/trusted/bl32/stm32mp1_scmi.o
                0x000000002fff07e0                plat_scmi_clock_count
 .text.plat_scmi_clock_get_name
                0x000000002fff07f8       0x1c /home/ming/tf-a-stm32mp-2.2.r2-r0/tf-a-stm32mp-2.2.r2/../build/trusted/bl32/stm32mp1_scmi.o
                0x000000002fff07f8                plat_scmi_clock_get_name
 .text.plat_scmi_clock_rates_array
                0x000000002fff0814        0x6 /home/ming/tf-a-stm32mp-2.2.r2-r0/tf-a-stm32mp-2.2.r2/../build/trusted/bl32/stm32mp1_scmi.o
                0x000000002fff0814                plat_scmi_clock_rates_array
 .text.plat_scmi_clock_rates_by_step
                0x000000002fff081a       0x44 /home/ming/tf-a-stm32mp-2.2.r2-r0/tf-a-stm32mp-2.2.r2/../build/trusted/bl32/stm32mp1_scmi.o
                0x000000002fff081a                plat_scmi_clock_rates_by_step
 .text.plat_scmi_clock_set_rate
                0x000000002fff085e       0x48 /home/ming/tf-a-stm32mp-2.2.r2-r0/tf-a-stm32mp-2.2.r2/../build/trusted/bl32/stm32mp1_scmi.o
                0x000000002fff085e                plat_scmi_clock_set_rate
 .text.plat_scmi_clock_get_rate
                0x000000002fff08a6       0x20 /home/ming/tf-a-stm32mp-2.2.r2-r0/tf-a-stm32mp-2.2.r2/../build/trusted/bl32/stm32mp1_scmi.o
                0x000000002fff08a6                plat_scmi_clock_get_rate
 .text.plat_scmi_clock_get_state
                0x000000002fff08c6       0x1c /home/ming/tf-a-stm32mp-2.2.r2-r0/tf-a-stm32mp-2.2.r2/../build/trusted/bl32/stm32mp1_scmi.o
                0x000000002fff08c6                plat_scmi_clock_get_state
 .text.plat_scmi_clock_set_state
                0x000000002fff08e2       0x44 /home/ming/tf-a-stm32mp-2.2.r2-r0/tf-a-stm32mp-2.2.r2/../build/trusted/bl32/stm32mp1_scmi.o
                0x000000002fff08e2                plat_scmi_clock_set_state
 .text.plat_scmi_rd_get_name
                0x000000002fff0926        0xc /home/ming/tf-a-stm32mp-2.2.r2-r0/tf-a-stm32mp-2.2.r2/../build/trusted/bl32/stm32mp1_scmi.o
                0x000000002fff0926                plat_scmi_rd_get_name
 *fill*         0x000000002fff0932        0x2 
 .text.plat_scmi_rd_count
                0x000000002fff0934       0x18 /home/ming/tf-a-stm32mp-2.2.r2-r0/tf-a-stm32mp-2.2.r2/../build/trusted/bl32/stm32mp1_scmi.o
                0x000000002fff0934                plat_scmi_rd_count
 .text.plat_scmi_rd_autonomous
                0x000000002fff094c       0x52 /home/ming/tf-a-stm32mp-2.2.r2-r0/tf-a-stm32mp-2.2.r2/../build/trusted/bl32/stm32mp1_scmi.o
                0x000000002fff094c                plat_scmi_rd_autonomous
 .text.plat_scmi_rd_set_state
                0x000000002fff099e       0x44 /home/ming/tf-a-stm32mp-2.2.r2-r0/tf-a-stm32mp-2.2.r2/../build/trusted/bl32/stm32mp1_scmi.o
                0x000000002fff099e                plat_scmi_rd_set_state
 *fill*         0x000000002fff09e2        0x2 
 .text.stm32mp1_init_scmi_server
                0x000000002fff09e4       0xa8 /home/ming/tf-a-stm32mp-2.2.r2-r0/tf-a-stm32mp-2.2.r2/../build/trusted/bl32/stm32mp1_scmi.o
                0x000000002fff09e4                stm32mp1_init_scmi_server
 .text.stm32mp1_pm_save_scmi_state
                0x000000002fff0a8c       0x78 /home/ming/tf-a-stm32mp-2.2.r2-r0/tf-a-stm32mp-2.2.r2/../build/trusted/bl32/stm32mp1_scmi.o
                0x000000002fff0a8c                stm32mp1_pm_save_scmi_state
 .text.stm32mp1_pm_restore_scmi_state
                0x000000002fff0b04       0x7c /home/ming/tf-a-stm32mp-2.2.r2-r0/tf-a-stm32mp-2.2.r2/../build/trusted/bl32/stm32mp1_scmi.o
                0x000000002fff0b04                stm32mp1_pm_restore_scmi_state
 .text.tf_log   0x000000002fff0b80       0x5c /home/ming/tf-a-stm32mp-2.2.r2-r0/tf-a-stm32mp-2.2.r2/../build/trusted/bl32/tf_log.o
                0x000000002fff0b80                tf_log
 .text.console_is_registered
                0x000000002fff0bdc       0x28 /home/ming/tf-a-stm32mp-2.2.r2-r0/tf-a-stm32mp-2.2.r2/../build/trusted/bl32/multi_console.o
                0x000000002fff0bdc                console_is_registered
 .text.console_register
                0x000000002fff0c04       0x40 /home/ming/tf-a-stm32mp-2.2.r2-r0/tf-a-stm32mp-2.2.r2/../build/trusted/bl32/multi_console.o
                0x000000002fff0c04                console_register
 .text.console_switch_state
                0x000000002fff0c44        0xc /home/ming/tf-a-stm32mp-2.2.r2-r0/tf-a-stm32mp-2.2.r2/../build/trusted/bl32/multi_console.o
                0x000000002fff0c44                console_switch_state
 .text.console_set_scope
                0x000000002fff0c50       0x1c /home/ming/tf-a-stm32mp-2.2.r2-r0/tf-a-stm32mp-2.2.r2/../build/trusted/bl32/multi_console.o
                0x000000002fff0c50                console_set_scope
 .text.console_putc
                0x000000002fff0c6c       0x58 /home/ming/tf-a-stm32mp-2.2.r2-r0/tf-a-stm32mp-2.2.r2/../build/trusted/bl32/multi_console.o
                0x000000002fff0c6c                console_putc
 .text.console_flush
                0x000000002fff0cc4       0x40 /home/ming/tf-a-stm32mp-2.2.r2-r0/tf-a-stm32mp-2.2.r2/../build/trusted/bl32/multi_console.o
                0x000000002fff0cc4                console_flush
 .text.plat_log_get_prefix
                0x000000002fff0d04       0x24 /home/ming/tf-a-stm32mp-2.2.r2-r0/tf-a-stm32mp-2.2.r2/../build/trusted/bl32/plat_log_common.o
                0x000000002fff0d04                plat_log_get_prefix
 .text.bl32_plat_enable_mmu
                0x000000002fff0d28        0x4 /home/ming/tf-a-stm32mp-2.2.r2-r0/tf-a-stm32mp-2.2.r2/../build/trusted/bl32/plat_common.o
                0x000000002fff0d28                bl32_plat_enable_mmu
 .text.__ctzdi2
                0x000000002fff0d2c       0x20 /home/ming/tf-a-stm32mp-2.2.r2-r0/tf-a-stm32mp-2.2.r2/../build/trusted/bl32/ctzdi2.o
                0x000000002fff0d2c                __ctzdi2
 .text.__udivmoddi4
                0x000000002fff0d4c      0x190 /home/ming/tf-a-stm32mp-2.2.r2-r0/tf-a-stm32mp-2.2.r2/../build/trusted/bl32/udivmoddi4.o
                0x000000002fff0d4c                __udivmoddi4
 .text.plat_get_syscnt_freq2
                0x000000002fff0edc        0x6 /home/ming/tf-a-stm32mp-2.2.r2-r0/tf-a-stm32mp-2.2.r2/../build/trusted/bl32/stm32mp_common.o
                0x000000002fff0edc                plat_get_syscnt_freq2
 *fill*         0x000000002fff0ee2        0x2 
 .text.stm32mp_ddrctrl_base
                0x000000002fff0ee4        0x8 /home/ming/tf-a-stm32mp-2.2.r2-r0/tf-a-stm32mp-2.2.r2/../build/trusted/bl32/stm32mp_common.o
                0x000000002fff0ee4                stm32mp_ddrctrl_base
 .text.stm32mp_ddrphyc_base
                0x000000002fff0eec        0x8 /home/ming/tf-a-stm32mp-2.2.r2-r0/tf-a-stm32mp-2.2.r2/../build/trusted/bl32/stm32mp_common.o
                0x000000002fff0eec                stm32mp_ddrphyc_base
 .text.stm32mp_pwr_base
                0x000000002fff0ef4        0x8 /home/ming/tf-a-stm32mp-2.2.r2-r0/tf-a-stm32mp-2.2.r2/../build/trusted/bl32/stm32mp_common.o
                0x000000002fff0ef4                stm32mp_pwr_base
 .text.stm32mp_rcc_base
                0x000000002fff0efc        0x6 /home/ming/tf-a-stm32mp-2.2.r2-r0/tf-a-stm32mp-2.2.r2/../build/trusted/bl32/stm32mp_common.o
                0x000000002fff0efc                stm32mp_rcc_base
 .text.stm32mp_lock_available
                0x000000002fff0f02       0x10 /home/ming/tf-a-stm32mp-2.2.r2-r0/tf-a-stm32mp-2.2.r2/../build/trusted/bl32/stm32mp_common.o
                0x000000002fff0f02                stm32mp_lock_available
 *fill*         0x000000002fff0f12        0x2 
 .text.stm32mp_pwr_regs_lock
                0x000000002fff0f14       0x18 /home/ming/tf-a-stm32mp-2.2.r2-r0/tf-a-stm32mp-2.2.r2/../build/trusted/bl32/stm32mp_common.o
                0x000000002fff0f14                stm32mp_pwr_regs_lock
 .text.stm32mp_pwr_regs_unlock
                0x000000002fff0f2c       0x18 /home/ming/tf-a-stm32mp-2.2.r2-r0/tf-a-stm32mp-2.2.r2/../build/trusted/bl32/stm32mp_common.o
                0x000000002fff0f2c                stm32mp_pwr_regs_unlock
 .text.stm32_get_gpio_bank_base
                0x000000002fff0f44       0x28 /home/ming/tf-a-stm32mp-2.2.r2-r0/tf-a-stm32mp-2.2.r2/../build/trusted/bl32/stm32mp_common.o
                0x000000002fff0f44                stm32_get_gpio_bank_base
 .text.stm32_get_gpio_bank_offset
                0x000000002fff0f6c       0x20 /home/ming/tf-a-stm32mp-2.2.r2-r0/tf-a-stm32mp-2.2.r2/../build/trusted/bl32/stm32mp_common.o
                0x000000002fff0f6c                stm32_get_gpio_bank_offset
 .text.stm32mp_get_cpu_supply_name
                0x000000002fff0f8c       0x2e /home/ming/tf-a-stm32mp-2.2.r2-r0/tf-a-stm32mp-2.2.r2/../build/trusted/bl32/stm32mp_common.o
                0x000000002fff0f8c                stm32mp_get_cpu_supply_name
 *fill*         0x000000002fff0fba        0x2 
 .text.configure_mmu
                0x000000002fff0fbc       0x1c /home/ming/tf-a-stm32mp-2.2.r2-r0/tf-a-stm32mp-2.2.r2/../build/trusted/bl32/stm32mp1_private.o
                0x000000002fff0fbc                configure_mmu
 .text.stm32mp_mask_timer
                0x000000002fff0fd8       0x1a /home/ming/tf-a-stm32mp-2.2.r2-r0/tf-a-stm32mp-2.2.r2/../build/trusted/bl32/stm32mp1_private.o
                0x000000002fff0fd8                stm32mp_mask_timer
 .text.stm32mp_wait_cpu_reset
                0x000000002fff0ff2       0x42 /home/ming/tf-a-stm32mp-2.2.r2-r0/tf-a-stm32mp-2.2.r2/../build/trusted/bl32/stm32mp1_private.o
                0x000000002fff0ff2                stm32mp_wait_cpu_reset
 .text.stm32_get_gpio_bank_clock
                0x000000002fff1034       0x20 /home/ming/tf-a-stm32mp-2.2.r2-r0/tf-a-stm32mp-2.2.r2/../build/trusted/bl32/stm32mp1_private.o
                0x000000002fff1034                stm32_get_gpio_bank_clock
 .text.stm32_get_otp_index
                0x000000002fff1054       0x28 /home/ming/tf-a-stm32mp-2.2.r2-r0/tf-a-stm32mp-2.2.r2/../build/trusted/bl32/stm32mp1_private.o
                0x000000002fff1054                stm32_get_otp_index
 .text.stm32_get_otp_value_from_idx
                0x000000002fff107c       0x30 /home/ming/tf-a-stm32mp-2.2.r2-r0/tf-a-stm32mp-2.2.r2/../build/trusted/bl32/stm32mp1_private.o
                0x000000002fff107c                stm32_get_otp_value_from_idx
 .text.stm32_get_otp_value
                0x000000002fff10ac       0x48 /home/ming/tf-a-stm32mp-2.2.r2-r0/tf-a-stm32mp-2.2.r2/../build/trusted/bl32/stm32mp1_private.o
                0x000000002fff10ac                stm32_get_otp_value
 .text.get_part_number
                0x000000002fff10f4       0x4c /home/ming/tf-a-stm32mp-2.2.r2-r0/tf-a-stm32mp-2.2.r2/../build/trusted/bl32/stm32mp1_private.o
 .text.stm32mp_supports_cpu_opp
                0x000000002fff1140       0x40 /home/ming/tf-a-stm32mp-2.2.r2-r0/tf-a-stm32mp-2.2.r2/../build/trusted/bl32/stm32mp1_private.o
                0x000000002fff1140                stm32mp_supports_cpu_opp
 .text.stm32mp_is_single_core
                0x000000002fff1180       0x28 /home/ming/tf-a-stm32mp-2.2.r2-r0/tf-a-stm32mp-2.2.r2/../build/trusted/bl32/stm32mp1_private.o
                0x000000002fff1180                stm32mp_is_single_core
 .text.stm32mp_plat_reset
                0x000000002fff11a8       0xac /home/ming/tf-a-stm32mp-2.2.r2-r0/tf-a-stm32mp-2.2.r2/../build/trusted/bl32/stm32mp1_private.o
                0x000000002fff11a8                stm32mp_plat_reset
 .text.stm32_iwdg_get_instance
                0x000000002fff1254       0x28 /home/ming/tf-a-stm32mp-2.2.r2-r0/tf-a-stm32mp-2.2.r2/../build/trusted/bl32/stm32mp1_private.o
                0x000000002fff1254                stm32_iwdg_get_instance
 .text.stm32_iwdg_get_otp_config
                0x000000002fff127c       0x50 /home/ming/tf-a-stm32mp-2.2.r2-r0/tf-a-stm32mp-2.2.r2/../build/trusted/bl32/stm32mp1_private.o
                0x000000002fff127c                stm32_iwdg_get_otp_config
 .text.stm32mp_etzpc_binding2decprot
                0x000000002fff12cc       0x26 /home/ming/tf-a-stm32mp-2.2.r2-r0/tf-a-stm32mp-2.2.r2/../build/trusted/bl32/stm32mp1_private.o
                0x000000002fff12cc                stm32mp_etzpc_binding2decprot
 .text.xlat_arch_get_max_supported_pa
                0x000000002fff12f2        0x8 /home/ming/tf-a-stm32mp-2.2.r2-r0/tf-a-stm32mp-2.2.r2/../build/trusted/bl32/xlat_tables_arch.o
                0x000000002fff12f2                xlat_arch_get_max_supported_pa
 .text.xlat_get_min_virt_addr_space_size
                0x000000002fff12fa        0x6 /home/ming/tf-a-stm32mp-2.2.r2-r0/tf-a-stm32mp-2.2.r2/../build/trusted/bl32/xlat_tables_arch.o
                0x000000002fff12fa                xlat_get_min_virt_addr_space_size
 .text.is_dcache_enabled
                0x000000002fff1300       0x1c /home/ming/tf-a-stm32mp-2.2.r2-r0/tf-a-stm32mp-2.2.r2/../build/trusted/bl32/xlat_tables_arch.o
                0x000000002fff1300                is_dcache_enabled
 .text.xlat_arch_regime_get_xn_desc
                0x000000002fff131c       0x28 /home/ming/tf-a-stm32mp-2.2.r2-r0/tf-a-stm32mp-2.2.r2/../build/trusted/bl32/xlat_tables_arch.o
                0x000000002fff131c                xlat_arch_regime_get_xn_desc
 .text.xlat_arch_tlbi_va
                0x000000002fff1344       0x30 /home/ming/tf-a-stm32mp-2.2.r2-r0/tf-a-stm32mp-2.2.r2/../build/trusted/bl32/xlat_tables_arch.o
                0x000000002fff1344                xlat_arch_tlbi_va
 .text.xlat_arch_tlbi_va_sync
                0x000000002fff1374       0x10 /home/ming/tf-a-stm32mp-2.2.r2-r0/tf-a-stm32mp-2.2.r2/../build/trusted/bl32/xlat_tables_arch.o
                0x000000002fff1374                xlat_arch_tlbi_va_sync
 .text.xlat_arch_current_el
                0x000000002fff1384       0x3c /home/ming/tf-a-stm32mp-2.2.r2-r0/tf-a-stm32mp-2.2.r2/../build/trusted/bl32/xlat_tables_arch.o
                0x000000002fff1384                xlat_arch_current_el
 .text.is_mmu_enabled_ctx
                0x000000002fff13c0       0x40 /home/ming/tf-a-stm32mp-2.2.r2-r0/tf-a-stm32mp-2.2.r2/../build/trusted/bl32/xlat_tables_arch.o
                0x000000002fff13c0                is_mmu_enabled_ctx
 .text.setup_mmu_cfg
                0x000000002fff1400       0xac /home/ming/tf-a-stm32mp-2.2.r2-r0/tf-a-stm32mp-2.2.r2/../build/trusted/bl32/xlat_tables_arch.o
                0x000000002fff1400                setup_mmu_cfg
 .text.mmap_add_region
                0x000000002fff14ac       0x28 /home/ming/tf-a-stm32mp-2.2.r2-r0/tf-a-stm32mp-2.2.r2/../build/trusted/bl32/xlat_tables_context.o
                0x000000002fff14ac                mmap_add_region
 .text.mmap_add
                0x000000002fff14d4        0xc /home/ming/tf-a-stm32mp-2.2.r2-r0/tf-a-stm32mp-2.2.r2/../build/trusted/bl32/xlat_tables_context.o
                0x000000002fff14d4                mmap_add
 .text.mmap_add_dynamic_region
                0x000000002fff14e0       0x28 /home/ming/tf-a-stm32mp-2.2.r2-r0/tf-a-stm32mp-2.2.r2/../build/trusted/bl32/xlat_tables_context.o
                0x000000002fff14e0                mmap_add_dynamic_region
 .text.mmap_remove_dynamic_region
                0x000000002fff1508       0x10 /home/ming/tf-a-stm32mp-2.2.r2-r0/tf-a-stm32mp-2.2.r2/../build/trusted/bl32/xlat_tables_context.o
                0x000000002fff1508                mmap_remove_dynamic_region
 .text.init_xlat_tables
                0x000000002fff1518       0x3c /home/ming/tf-a-stm32mp-2.2.r2-r0/tf-a-stm32mp-2.2.r2/../build/trusted/bl32/xlat_tables_context.o
                0x000000002fff1518                init_xlat_tables
 .text.enable_mmu_svc_mon
                0x000000002fff1554       0x34 /home/ming/tf-a-stm32mp-2.2.r2-r0/tf-a-stm32mp-2.2.r2/../build/trusted/bl32/xlat_tables_context.o
                0x000000002fff1554                enable_mmu_svc_mon
 .text.mmap_add_region_check
                0x000000002fff1588      0x15c /home/ming/tf-a-stm32mp-2.2.r2-r0/tf-a-stm32mp-2.2.r2/../build/trusted/bl32/xlat_tables_core.o
 .text.xlat_clean_dcache_range
                0x000000002fff16e4       0x1a /home/ming/tf-a-stm32mp-2.2.r2-r0/tf-a-stm32mp-2.2.r2/../build/trusted/bl32/xlat_tables_core.o
 *fill*         0x000000002fff16fe        0x2 
 .text.xlat_table_get_index
                0x000000002fff1700       0x28 /home/ming/tf-a-stm32mp-2.2.r2-r0/tf-a-stm32mp-2.2.r2/../build/trusted/bl32/xlat_tables_core.o
 .text.xlat_tables_unmap_region
                0x000000002fff1728      0x154 /home/ming/tf-a-stm32mp-2.2.r2-r0/tf-a-stm32mp-2.2.r2/../build/trusted/bl32/xlat_tables_core.o
 .text.xlat_desc
                0x000000002fff187c       0xb0 /home/ming/tf-a-stm32mp-2.2.r2-r0/tf-a-stm32mp-2.2.r2/../build/trusted/bl32/xlat_tables_core.o
                0x000000002fff187c                xlat_desc
 .text.xlat_tables_map_region
                0x000000002fff192c      0x1bc /home/ming/tf-a-stm32mp-2.2.r2-r0/tf-a-stm32mp-2.2.r2/../build/trusted/bl32/xlat_tables_core.o
 .text.mmap_add_region_ctx
                0x000000002fff1ae8       0xf0 /home/ming/tf-a-stm32mp-2.2.r2-r0/tf-a-stm32mp-2.2.r2/../build/trusted/bl32/xlat_tables_core.o
                0x000000002fff1ae8                mmap_add_region_ctx
 .text.mmap_add_ctx
                0x000000002fff1bd8       0x18 /home/ming/tf-a-stm32mp-2.2.r2-r0/tf-a-stm32mp-2.2.r2/../build/trusted/bl32/xlat_tables_core.o
                0x000000002fff1bd8                mmap_add_ctx
 .text.mmap_add_dynamic_region_ctx
                0x000000002fff1bf0      0x174 /home/ming/tf-a-stm32mp-2.2.r2-r0/tf-a-stm32mp-2.2.r2/../build/trusted/bl32/xlat_tables_core.o
                0x000000002fff1bf0                mmap_add_dynamic_region_ctx
 .text.mmap_remove_dynamic_region_ctx
                0x000000002fff1d64      0x110 /home/ming/tf-a-stm32mp-2.2.r2-r0/tf-a-stm32mp-2.2.r2/../build/trusted/bl32/xlat_tables_core.o
                0x000000002fff1d64                mmap_remove_dynamic_region_ctx
 .text.init_xlat_tables_ctx
                0x000000002fff1e74      0x154 /home/ming/tf-a-stm32mp-2.2.r2-r0/tf-a-stm32mp-2.2.r2/../build/trusted/bl32/xlat_tables_core.o
                0x000000002fff1e74                init_xlat_tables_ctx
 .text.xlat_mmap_print
                0x000000002fff1fc8        0x2 /home/ming/tf-a-stm32mp-2.2.r2-r0/tf-a-stm32mp-2.2.r2/../build/trusted/bl32/xlat_tables_utils.o
                0x000000002fff1fc8                xlat_mmap_print
 .text.xlat_tables_print
                0x000000002fff1fca        0x2 /home/ming/tf-a-stm32mp-2.2.r2-r0/tf-a-stm32mp-2.2.r2/../build/trusted/bl32/xlat_tables_utils.o
                0x000000002fff1fca                xlat_tables_print
 .text.tzc400_set_action
                0x000000002fff1fcc       0x24 /home/ming/tf-a-stm32mp-2.2.r2-r0/tf-a-stm32mp-2.2.r2/../build/trusted/bl32/tzc400.o
                0x000000002fff1fcc                tzc400_set_action
 .text.tzc400_init
                0x000000002fff1ff0       0x5c /home/ming/tf-a-stm32mp-2.2.r2-r0/tf-a-stm32mp-2.2.r2/../build/trusted/bl32/tzc400.o
                0x000000002fff1ff0                tzc400_init
 .text.tzc400_configure_region
                0x000000002fff204c       0xc4 /home/ming/tf-a-stm32mp-2.2.r2-r0/tf-a-stm32mp-2.2.r2/../build/trusted/bl32/tzc400.o
                0x000000002fff204c                tzc400_configure_region
 .text.tzc400_enable_filters
                0x000000002fff2110       0x68 /home/ming/tf-a-stm32mp-2.2.r2-r0/tf-a-stm32mp-2.2.r2/../build/trusted/bl32/tzc400.o
                0x000000002fff2110                tzc400_enable_filters
 .text.tzc400_disable_filters
                0x000000002fff2178       0x48 /home/ming/tf-a-stm32mp-2.2.r2-r0/tf-a-stm32mp-2.2.r2/../build/trusted/bl32/tzc400.o
                0x000000002fff2178                tzc400_disable_filters
 .text.tzc400_is_pending_interrupt
                0x000000002fff21c0       0x3c /home/ming/tf-a-stm32mp-2.2.r2-r0/tf-a-stm32mp-2.2.r2/../build/trusted/bl32/tzc400.o
                0x000000002fff21c0                tzc400_is_pending_interrupt
 .text.tzc400_it_handler
                0x000000002fff21fc       0xbc /home/ming/tf-a-stm32mp-2.2.r2-r0/tf-a-stm32mp-2.2.r2/../build/trusted/bl32/tzc400.o
                0x000000002fff21fc                tzc400_it_handler
 .text.udelay   0x000000002fff22b8       0x5c /home/ming/tf-a-stm32mp-2.2.r2-r0/tf-a-stm32mp-2.2.r2/../build/trusted/bl32/delay_timer.o
                0x000000002fff22b8                udelay
 .text.mdelay   0x000000002fff2314        0xa /home/ming/tf-a-stm32mp-2.2.r2-r0/tf-a-stm32mp-2.2.r2/../build/trusted/bl32/delay_timer.o
                0x000000002fff2314                mdelay
 *fill*         0x000000002fff231e        0x2 
 .text.timer_init
                0x000000002fff2320       0x28 /home/ming/tf-a-stm32mp-2.2.r2-r0/tf-a-stm32mp-2.2.r2/../build/trusted/bl32/delay_timer.o
                0x000000002fff2320                timer_init
 .text.get_timer_value
                0x000000002fff2348        0x8 /home/ming/tf-a-stm32mp-2.2.r2-r0/tf-a-stm32mp-2.2.r2/../build/trusted/bl32/generic_delay_timer.o
 .text.generic_delay_timer_init_args
                0x000000002fff2350       0x18 /home/ming/tf-a-stm32mp-2.2.r2-r0/tf-a-stm32mp-2.2.r2/../build/trusted/bl32/generic_delay_timer.o
                0x000000002fff2350                generic_delay_timer_init_args
 .text.generic_delay_timer_init
                0x000000002fff2368       0x48 /home/ming/tf-a-stm32mp-2.2.r2-r0/tf-a-stm32mp-2.2.r2/../build/trusted/bl32/generic_delay_timer.o
                0x000000002fff2368                generic_delay_timer_init
 .text.fdt32_to_cpu
                0x000000002fff23b0        0x4 /home/ming/tf-a-stm32mp-2.2.r2-r0/tf-a-stm32mp-2.2.r2/../build/trusted/bl32/bsec2.o
 .text.bsec_lock
                0x000000002fff23b4       0x18 /home/ming/tf-a-stm32mp-2.2.r2-r0/tf-a-stm32mp-2.2.r2/../build/trusted/bl32/bsec2.o
 .text.bsec_unlock
                0x000000002fff23cc       0x18 /home/ming/tf-a-stm32mp-2.2.r2-r0/tf-a-stm32mp-2.2.r2/../build/trusted/bl32/bsec2.o
 .text.otp_bank_offset
                0x000000002fff23e4       0x18 /home/ming/tf-a-stm32mp-2.2.r2-r0/tf-a-stm32mp-2.2.r2/../build/trusted/bl32/bsec2.o
 .text.bsec_check_error
                0x000000002fff23fc       0x34 /home/ming/tf-a-stm32mp-2.2.r2-r0/tf-a-stm32mp-2.2.r2/../build/trusted/bl32/bsec2.o
 .text.bsec_find_otp_name_in_dt
                0x000000002fff2430       0xd0 /home/ming/tf-a-stm32mp-2.2.r2-r0/tf-a-stm32mp-2.2.r2/../build/trusted/bl32/bsec2.o
                0x000000002fff2430                bsec_find_otp_name_in_dt
 .text.bsec_read_otp
                0x000000002fff2500       0x20 /home/ming/tf-a-stm32mp-2.2.r2-r0/tf-a-stm32mp-2.2.r2/../build/trusted/bl32/bsec2.o
                0x000000002fff2500                bsec_read_otp
 .text.bsec_read_debug_conf
                0x000000002fff2520        0xc /home/ming/tf-a-stm32mp-2.2.r2-r0/tf-a-stm32mp-2.2.r2/../build/trusted/bl32/bsec2.o
                0x000000002fff2520                bsec_read_debug_conf
 .text.bsec_get_status
                0x000000002fff252c        0xc /home/ming/tf-a-stm32mp-2.2.r2-r0/tf-a-stm32mp-2.2.r2/../build/trusted/bl32/bsec2.o
                0x000000002fff252c                bsec_get_status
 .text.bsec_power_safmem
                0x000000002fff2538       0x60 /home/ming/tf-a-stm32mp-2.2.r2-r0/tf-a-stm32mp-2.2.r2/../build/trusted/bl32/bsec2.o
 .text.bsec_permanent_lock_otp
                0x000000002fff2598       0x90 /home/ming/tf-a-stm32mp-2.2.r2-r0/tf-a-stm32mp-2.2.r2/../build/trusted/bl32/bsec2.o
                0x000000002fff2598                bsec_permanent_lock_otp
 .text.bsec_get_version
                0x000000002fff2628       0x10 /home/ming/tf-a-stm32mp-2.2.r2-r0/tf-a-stm32mp-2.2.r2/../build/trusted/bl32/bsec2.o
                0x000000002fff2628                bsec_get_version
 .text.bsec_get_id
                0x000000002fff2638       0x10 /home/ming/tf-a-stm32mp-2.2.r2-r0/tf-a-stm32mp-2.2.r2/../build/trusted/bl32/bsec2.o
                0x000000002fff2638                bsec_get_id
 .text.bsec_read_sr_lock
                0x000000002fff2648       0x38 /home/ming/tf-a-stm32mp-2.2.r2-r0/tf-a-stm32mp-2.2.r2/../build/trusted/bl32/bsec2.o
                0x000000002fff2648                bsec_read_sr_lock
 .text.bsec_shadow_register
                0x000000002fff2680       0x7c /home/ming/tf-a-stm32mp-2.2.r2-r0/tf-a-stm32mp-2.2.r2/../build/trusted/bl32/bsec2.o
                0x000000002fff2680                bsec_shadow_register
 .text.bsec_probe
                0x000000002fff26fc      0x11c /home/ming/tf-a-stm32mp-2.2.r2-r0/tf-a-stm32mp-2.2.r2/../build/trusted/bl32/bsec2.o
                0x000000002fff26fc                bsec_probe
 .text.bsec_read_sw_lock
                0x000000002fff2818       0x38 /home/ming/tf-a-stm32mp-2.2.r2-r0/tf-a-stm32mp-2.2.r2/../build/trusted/bl32/bsec2.o
                0x000000002fff2818                bsec_read_sw_lock
 .text.bsec_write_otp
                0x000000002fff2850       0x44 /home/ming/tf-a-stm32mp-2.2.r2-r0/tf-a-stm32mp-2.2.r2/../build/trusted/bl32/bsec2.o
                0x000000002fff2850                bsec_write_otp
 .text.bsec_read_sp_lock
                0x000000002fff2894       0x38 /home/ming/tf-a-stm32mp-2.2.r2-r0/tf-a-stm32mp-2.2.r2/../build/trusted/bl32/bsec2.o
                0x000000002fff2894                bsec_read_sp_lock
 .text.bsec_read_permanent_lock
                0x000000002fff28cc       0x38 /home/ming/tf-a-stm32mp-2.2.r2-r0/tf-a-stm32mp-2.2.r2/../build/trusted/bl32/bsec2.o
                0x000000002fff28cc                bsec_read_permanent_lock
 .text.bsec_program_otp
                0x000000002fff2904       0xdc /home/ming/tf-a-stm32mp-2.2.r2-r0/tf-a-stm32mp-2.2.r2/../build/trusted/bl32/bsec2.o
                0x000000002fff2904                bsec_program_otp
 .text.bsec_check_nsec_access_rights
                0x000000002fff29e0       0x34 /home/ming/tf-a-stm32mp-2.2.r2-r0/tf-a-stm32mp-2.2.r2/../build/trusted/bl32/bsec2.o
                0x000000002fff29e0                bsec_check_nsec_access_rights
 .text.fdt_osc_read_freq
                0x000000002fff2a14       0xa0 /home/ming/tf-a-stm32mp-2.2.r2-r0/tf-a-stm32mp-2.2.r2/../build/trusted/bl32/stm32mp_clkfunc.o
                0x000000002fff2a14                fdt_osc_read_freq
 .text.fdt_get_rcc_node
                0x000000002fff2ab4        0xc /home/ming/tf-a-stm32mp-2.2.r2-r0/tf-a-stm32mp-2.2.r2/../build/trusted/bl32/stm32mp_clkfunc.o
                0x000000002fff2ab4                fdt_get_rcc_node
 .text.fdt_rcc_read_uint32_default
                0x000000002fff2ac0       0x1e /home/ming/tf-a-stm32mp-2.2.r2-r0/tf-a-stm32mp-2.2.r2/../build/trusted/bl32/stm32mp_clkfunc.o
                0x000000002fff2ac0                fdt_rcc_read_uint32_default
 .text.fdt_rcc_read_prop
                0x000000002fff2ade       0x30 /home/ming/tf-a-stm32mp-2.2.r2-r0/tf-a-stm32mp-2.2.r2/../build/trusted/bl32/stm32mp_clkfunc.o
                0x000000002fff2ade                fdt_rcc_read_prop
 .text.fdt_rcc_enable_it
                0x000000002fff2b0e       0x1c /home/ming/tf-a-stm32mp-2.2.r2-r0/tf-a-stm32mp-2.2.r2/../build/trusted/bl32/stm32mp_clkfunc.o
                0x000000002fff2b0e                fdt_rcc_enable_it
 *fill*         0x000000002fff2b2a        0x2 
 .text.fdt_get_clock_id
                0x000000002fff2b2c       0x48 /home/ming/tf-a-stm32mp-2.2.r2-r0/tf-a-stm32mp-2.2.r2/../build/trusted/bl32/stm32mp_clkfunc.o
                0x000000002fff2b2c                fdt_get_clock_id
 .text.fdt_get_clock_id_by_name
                0x000000002fff2b74       0x70 /home/ming/tf-a-stm32mp-2.2.r2-r0/tf-a-stm32mp-2.2.r2/../build/trusted/bl32/stm32mp_clkfunc.o
                0x000000002fff2b74                fdt_get_clock_id_by_name
 .text.stm32mp_stgen_get_counter
                0x000000002fff2be4       0x10 /home/ming/tf-a-stm32mp-2.2.r2-r0/tf-a-stm32mp-2.2.r2/../build/trusted/bl32/stm32mp_clkfunc.o
                0x000000002fff2be4                stm32mp_stgen_get_counter
 .text.stm32mp_stgen_restore_counter
                0x000000002fff2bf4       0x48 /home/ming/tf-a-stm32mp-2.2.r2-r0/tf-a-stm32mp-2.2.r2/../build/trusted/bl32/stm32mp_clkfunc.o
                0x000000002fff2bf4                stm32mp_stgen_restore_counter
 .text.stm32mp1_read_pll_freq
                0x000000002fff2c3c       0xbc /home/ming/tf-a-stm32mp-2.2.r2-r0/tf-a-stm32mp-2.2.r2/../build/trusted/bl32/stm32mp1_clk.o
 .text.get_clock_rate
                0x000000002fff2cf8      0x198 /home/ming/tf-a-stm32mp-2.2.r2-r0/tf-a-stm32mp-2.2.r2/../build/trusted/bl32/stm32mp1_clk.o
 .text.stm32mp1_pll_compute_pllxcfgr1
                0x000000002fff2e90       0x8c /home/ming/tf-a-stm32mp-2.2.r2-r0/tf-a-stm32mp-2.2.r2/../build/trusted/bl32/stm32mp1_clk.o
 .text.stm32mp1_pll_start
                0x000000002fff2f1c       0x24 /home/ming/tf-a-stm32mp-2.2.r2-r0/tf-a-stm32mp-2.2.r2/../build/trusted/bl32/stm32mp1_clk.o
 .text.stm32mp1_clk_lock
                0x000000002fff2f40       0x16 /home/ming/tf-a-stm32mp-2.2.r2-r0/tf-a-stm32mp-2.2.r2/../build/trusted/bl32/stm32mp1_clk.o
 .text.stm32mp1_clk_unlock
                0x000000002fff2f56       0x16 /home/ming/tf-a-stm32mp-2.2.r2-r0/tf-a-stm32mp-2.2.r2/../build/trusted/bl32/stm32mp1_clk.o
 .text.stm32mp1_pll_stop
                0x000000002fff2f6c       0x80 /home/ming/tf-a-stm32mp-2.2.r2-r0/tf-a-stm32mp-2.2.r2/../build/trusted/bl32/stm32mp1_clk.o
 .text.__clk_enable
                0x000000002fff2fec       0x22 /home/ming/tf-a-stm32mp-2.2.r2-r0/tf-a-stm32mp-2.2.r2/../build/trusted/bl32/stm32mp1_clk.o
 .text.__clk_disable
                0x000000002fff300e       0x24 /home/ming/tf-a-stm32mp-2.2.r2-r0/tf-a-stm32mp-2.2.r2/../build/trusted/bl32/stm32mp1_clk.o
 .text.clock_is_always_on
                0x000000002fff3032       0x1c /home/ming/tf-a-stm32mp-2.2.r2-r0/tf-a-stm32mp-2.2.r2/../build/trusted/bl32/stm32mp1_clk.o
 *fill*         0x000000002fff304e        0x2 
 .text.stm32mp1_clk_get_gated_id
                0x000000002fff3050       0x38 /home/ming/tf-a-stm32mp-2.2.r2-r0/tf-a-stm32mp-2.2.r2/../build/trusted/bl32/stm32mp1_clk.o
 .text.stm32mp1_clk_get_parent
                0x000000002fff3088       0x7c /home/ming/tf-a-stm32mp-2.2.r2-r0/tf-a-stm32mp-2.2.r2/../build/trusted/bl32/stm32mp1_clk.o
 .text.__stm32mp1_clk_enable
                0x000000002fff3104       0x7c /home/ming/tf-a-stm32mp-2.2.r2-r0/tf-a-stm32mp-2.2.r2/../build/trusted/bl32/stm32mp1_clk.o
 .text.__stm32mp1_clk_disable
                0x000000002fff3180       0x78 /home/ming/tf-a-stm32mp-2.2.r2-r0/tf-a-stm32mp-2.2.r2/../build/trusted/bl32/stm32mp1_clk.o
 .text.stm32mp1_set_clkdiv
                0x000000002fff31f8       0x6c /home/ming/tf-a-stm32mp-2.2.r2-r0/tf-a-stm32mp-2.2.r2/../build/trusted/bl32/stm32mp1_clk.o
 .text.stm32mp1_pll_output
                0x000000002fff3264       0x80 /home/ming/tf-a-stm32mp-2.2.r2-r0/tf-a-stm32mp-2.2.r2/../build/trusted/bl32/stm32mp1_clk.o
 .text.stm32mp1_set_clksrc
                0x000000002fff32e4       0x78 /home/ming/tf-a-stm32mp-2.2.r2-r0/tf-a-stm32mp-2.2.r2/../build/trusted/bl32/stm32mp1_clk.o
 .text.stm32mp1_pll_config_output
                0x000000002fff335c       0x34 /home/ming/tf-a-stm32mp-2.2.r2-r0/tf-a-stm32mp-2.2.r2/../build/trusted/bl32/stm32mp1_clk.o
 .text.stm32mp1_pll_config
                0x000000002fff3390       0x50 /home/ming/tf-a-stm32mp-2.2.r2-r0/tf-a-stm32mp-2.2.r2/../build/trusted/bl32/stm32mp1_clk.o
 .text.stm32mp1_pll1_config_from_opp_khz
                0x000000002fff33e0      0x14c /home/ming/tf-a-stm32mp-2.2.r2-r0/tf-a-stm32mp-2.2.r2/../build/trusted/bl32/stm32mp1_clk.o
 .text.stm32mp1_rcc_is_secure
                0x000000002fff352c        0xe /home/ming/tf-a-stm32mp-2.2.r2-r0/tf-a-stm32mp-2.2.r2/../build/trusted/bl32/stm32mp1_clk.o
                0x000000002fff352c                stm32mp1_rcc_is_secure
 .text.stm32mp1_rcc_is_mckprot
                0x000000002fff353a       0x14 /home/ming/tf-a-stm32mp-2.2.r2-r0/tf-a-stm32mp-2.2.r2/../build/trusted/bl32/stm32mp1_clk.o
                0x000000002fff353a                stm32mp1_rcc_is_mckprot
 *fill*         0x000000002fff354e        0x2 
 .text.stm32mp1_clk_rcc_regs_lock
                0x000000002fff3550        0xc /home/ming/tf-a-stm32mp-2.2.r2-r0/tf-a-stm32mp-2.2.r2/../build/trusted/bl32/stm32mp1_clk.o
                0x000000002fff3550                stm32mp1_clk_rcc_regs_lock
 .text.stm32mp1_clk_rcc_regs_unlock
                0x000000002fff355c        0xc /home/ming/tf-a-stm32mp-2.2.r2-r0/tf-a-stm32mp-2.2.r2/../build/trusted/bl32/stm32mp1_clk.o
                0x000000002fff355c                stm32mp1_clk_rcc_regs_unlock
 .text.stm32mp_clk_enable
                0x000000002fff3568        0x6 /home/ming/tf-a-stm32mp-2.2.r2-r0/tf-a-stm32mp-2.2.r2/../build/trusted/bl32/stm32mp1_clk.o
                0x000000002fff3568                stm32mp_clk_enable
 .text.stm32mp_clk_disable
                0x000000002fff356e        0x6 /home/ming/tf-a-stm32mp-2.2.r2-r0/tf-a-stm32mp-2.2.r2/../build/trusted/bl32/stm32mp1_clk.o
                0x000000002fff356e                stm32mp_clk_disable
 .text.stm32mp1_clk_force_enable
                0x000000002fff3574        0x6 /home/ming/tf-a-stm32mp-2.2.r2-r0/tf-a-stm32mp-2.2.r2/../build/trusted/bl32/stm32mp1_clk.o
                0x000000002fff3574                stm32mp1_clk_force_enable
 .text.stm32mp1_clk_force_disable
                0x000000002fff357a        0x6 /home/ming/tf-a-stm32mp-2.2.r2-r0/tf-a-stm32mp-2.2.r2/../build/trusted/bl32/stm32mp1_clk.o
                0x000000002fff357a                stm32mp1_clk_force_disable
 .text.stm32mp_clk_is_enabled
                0x000000002fff3580       0x40 /home/ming/tf-a-stm32mp-2.2.r2-r0/tf-a-stm32mp-2.2.r2/../build/trusted/bl32/stm32mp1_clk.o
                0x000000002fff3580                stm32mp_clk_is_enabled
 .text.stm32mp_clk_get_rate
                0x000000002fff35c0       0x16 /home/ming/tf-a-stm32mp-2.2.r2-r0/tf-a-stm32mp-2.2.r2/../build/trusted/bl32/stm32mp1_clk.o
                0x000000002fff35c0                stm32mp_clk_get_rate
 *fill*         0x000000002fff35d6        0x2 
 .text.clk_get_pll1_settings.part.5
                0x000000002fff35d8      0x258 /home/ming/tf-a-stm32mp-2.2.r2-r0/tf-a-stm32mp-2.2.r2/../build/trusted/bl32/stm32mp1_clk.o
 .text.stm32mp_clk_timer_get_rate
                0x000000002fff3830       0x3c /home/ming/tf-a-stm32mp-2.2.r2-r0/tf-a-stm32mp-2.2.r2/../build/trusted/bl32/stm32mp1_clk.o
                0x000000002fff3830                stm32mp_clk_timer_get_rate
 .text.stm32mp1_rtc_get_read_twice
                0x000000002fff386c       0x5e /home/ming/tf-a-stm32mp-2.2.r2-r0/tf-a-stm32mp-2.2.r2/../build/trusted/bl32/stm32mp1_clk.o
                0x000000002fff386c                stm32mp1_rtc_get_read_twice
 *fill*         0x000000002fff38ca        0x2 
 .text.stm32mp1_round_opp_khz
                0x000000002fff38cc       0x38 /home/ming/tf-a-stm32mp-2.2.r2-r0/tf-a-stm32mp-2.2.r2/../build/trusted/bl32/stm32mp1_clk.o
                0x000000002fff38cc                stm32mp1_round_opp_khz
 .text.stm32mp1_set_opp_khz
                0x000000002fff3904       0x70 /home/ming/tf-a-stm32mp-2.2.r2-r0/tf-a-stm32mp-2.2.r2/../build/trusted/bl32/stm32mp1_clk.o
                0x000000002fff3904                stm32mp1_set_opp_khz
 .text.stm32mp1_clk_compute_all_pll1_settings
                0x000000002fff3974      0x138 /home/ming/tf-a-stm32mp-2.2.r2-r0/tf-a-stm32mp-2.2.r2/../build/trusted/bl32/stm32mp1_clk.o
                0x000000002fff3974                stm32mp1_clk_compute_all_pll1_settings
 .text.stm32mp1_clk_lp_save_opp_pll1_settings
                0x000000002fff3aac       0x2c /home/ming/tf-a-stm32mp-2.2.r2-r0/tf-a-stm32mp-2.2.r2/../build/trusted/bl32/stm32mp1_clk.o
                0x000000002fff3aac                stm32mp1_clk_lp_save_opp_pll1_settings
 .text.stm32mp1_clk_lp_load_opp_pll1_settings
                0x000000002fff3ad8       0x20 /home/ming/tf-a-stm32mp-2.2.r2-r0/tf-a-stm32mp-2.2.r2/../build/trusted/bl32/stm32mp1_clk.o
                0x000000002fff3ad8                stm32mp1_clk_lp_load_opp_pll1_settings
 .text.stm32mp1_register_clock_parents_secure
                0x000000002fff3af8      0x120 /home/ming/tf-a-stm32mp-2.2.r2-r0/tf-a-stm32mp-2.2.r2/../build/trusted/bl32/stm32mp1_clk.o
                0x000000002fff3af8                stm32mp1_register_clock_parents_secure
 .text.save_clock_pm_context
                0x000000002fff3c18       0x50 /home/ming/tf-a-stm32mp-2.2.r2-r0/tf-a-stm32mp-2.2.r2/../build/trusted/bl32/stm32mp1_clk.o
                0x000000002fff3c18                save_clock_pm_context
 .text.restore_clock_pm_context
                0x000000002fff3c68       0x50 /home/ming/tf-a-stm32mp-2.2.r2-r0/tf-a-stm32mp-2.2.r2/../build/trusted/bl32/stm32mp1_clk.o
                0x000000002fff3c68                restore_clock_pm_context
 .text.stm32mp1_clock_suspend
                0x000000002fff3cb8       0x8c /home/ming/tf-a-stm32mp-2.2.r2-r0/tf-a-stm32mp-2.2.r2/../build/trusted/bl32/stm32mp1_clk.o
                0x000000002fff3cb8                stm32mp1_clock_suspend
 .text.stm32mp1_clock_resume
                0x000000002fff3d44       0xd4 /home/ming/tf-a-stm32mp-2.2.r2-r0/tf-a-stm32mp-2.2.r2/../build/trusted/bl32/stm32mp1_clk.o
                0x000000002fff3d44                stm32mp1_clock_resume
 .text.stm32mp1_clock_stopmode_save
                0x000000002fff3e18       0x4c /home/ming/tf-a-stm32mp-2.2.r2-r0/tf-a-stm32mp-2.2.r2/../build/trusted/bl32/stm32mp1_clk.o
                0x000000002fff3e18                stm32mp1_clock_stopmode_save
 .text.stm32mp1_clock_stopmode_resume
                0x000000002fff3e64       0x98 /home/ming/tf-a-stm32mp-2.2.r2-r0/tf-a-stm32mp-2.2.r2/../build/trusted/bl32/stm32mp1_clk.o
                0x000000002fff3e64                stm32mp1_clock_stopmode_resume
 .text.stm32mp1_dump_clocks_state
                0x000000002fff3efc        0x2 /home/ming/tf-a-stm32mp-2.2.r2-r0/tf-a-stm32mp-2.2.r2/../build/trusted/bl32/stm32mp1_clk.o
                0x000000002fff3efc                stm32mp1_dump_clocks_state
 *fill*         0x000000002fff3efe        0x2 
 .text.stm32mp1_clk_probe
                0x000000002fff3f00       0xc0 /home/ming/tf-a-stm32mp-2.2.r2-r0/tf-a-stm32mp-2.2.r2/../build/trusted/bl32/stm32mp1_clk.o