Archive member included to satisfy reference by file (symbol)

/home/ming/tf-a-stm32mp-2.2.r2-r0/tf-a-stm32mp-2.2.r2/../build/trusted/lib/libfdt.a(fdt.o)
                              /home/ming/tf-a-stm32mp-2.2.r2-r0/tf-a-stm32mp-2.2.r2/../build/trusted/bl2/stm32mp_dt.o (fdt_check_header)
/home/ming/tf-a-stm32mp-2.2.r2-r0/tf-a-stm32mp-2.2.r2/../build/trusted/lib/libfdt.a(fdt_addresses.o)
                              /home/ming/tf-a-stm32mp-2.2.r2-r0/tf-a-stm32mp-2.2.r2/../build/trusted/bl2/stm32mp_dt.o (fdt_address_cells)
/home/ming/tf-a-stm32mp-2.2.r2-r0/tf-a-stm32mp-2.2.r2/../build/trusted/lib/libfdt.a(fdt_ro.o)
                              /home/ming/tf-a-stm32mp-2.2.r2-r0/tf-a-stm32mp-2.2.r2/../build/trusted/bl2/stm32mp_clkfunc.o (fdt_get_name)
/home/ming/tf-a-stm32mp-2.2.r2-r0/tf-a-stm32mp-2.2.r2/../build/trusted/lib/libc.a(assert.o)
                              /home/ming/tf-a-stm32mp-2.2.r2-r0/tf-a-stm32mp-2.2.r2/../build/trusted/bl2/io_block.o (__assert)
/home/ming/tf-a-stm32mp-2.2.r2-r0/tf-a-stm32mp-2.2.r2/../build/trusted/lib/libc.a(memchr.o)
                              /home/ming/tf-a-stm32mp-2.2.r2-r0/tf-a-stm32mp-2.2.r2/../build/trusted/lib/libfdt.a(fdt_ro.o) (memchr)
/home/ming/tf-a-stm32mp-2.2.r2-r0/tf-a-stm32mp-2.2.r2/../build/trusted/lib/libc.a(memcmp.o)
                              /home/ming/tf-a-stm32mp-2.2.r2-r0/tf-a-stm32mp-2.2.r2/../build/trusted/bl2/stm32mp_crypto_lib.o (memcmp)
/home/ming/tf-a-stm32mp-2.2.r2-r0/tf-a-stm32mp-2.2.r2/../build/trusted/lib/libc.a(memcpy.o)
                              /home/ming/tf-a-stm32mp-2.2.r2-r0/tf-a-stm32mp-2.2.r2/../build/trusted/bl2/io_block.o (memcpy)
/home/ming/tf-a-stm32mp-2.2.r2-r0/tf-a-stm32mp-2.2.r2/../build/trusted/lib/libc.a(memmove.o)
                              /home/ming/tf-a-stm32mp-2.2.r2-r0/tf-a-stm32mp-2.2.r2/../build/trusted/bl2/xlat_tables_core.o (memmove)
/home/ming/tf-a-stm32mp-2.2.r2-r0/tf-a-stm32mp-2.2.r2/../build/trusted/lib/libc.a(memset.o)
                              /home/ming/tf-a-stm32mp-2.2.r2-r0/tf-a-stm32mp-2.2.r2/../build/trusted/bl2/stm32_fmc2_nand.o (memset)
/home/ming/tf-a-stm32mp-2.2.r2-r0/tf-a-stm32mp-2.2.r2/../build/trusted/lib/libc.a(printf.o)
                              /home/ming/tf-a-stm32mp-2.2.r2-r0/tf-a-stm32mp-2.2.r2/../build/trusted/bl2/tf_log.o (vprintf)
/home/ming/tf-a-stm32mp-2.2.r2-r0/tf-a-stm32mp-2.2.r2/../build/trusted/lib/libc.a(putchar.o)
                              /home/ming/tf-a-stm32mp-2.2.r2-r0/tf-a-stm32mp-2.2.r2/../build/trusted/bl2/tf_log.o (putchar)
/home/ming/tf-a-stm32mp-2.2.r2-r0/tf-a-stm32mp-2.2.r2/../build/trusted/lib/libc.a(snprintf.o)
                              /home/ming/tf-a-stm32mp-2.2.r2-r0/tf-a-stm32mp-2.2.r2/../build/trusted/bl2/stm32mp1_clk.o (snprintf)
/home/ming/tf-a-stm32mp-2.2.r2-r0/tf-a-stm32mp-2.2.r2/../build/trusted/lib/libc.a(strchr.o)
                              /home/ming/tf-a-stm32mp-2.2.r2-r0/tf-a-stm32mp-2.2.r2/../build/trusted/bl2/stm32mp_dt.o (strchr)
/home/ming/tf-a-stm32mp-2.2.r2-r0/tf-a-stm32mp-2.2.r2/../build/trusted/lib/libc.a(strcmp.o)
                              /home/ming/tf-a-stm32mp-2.2.r2-r0/tf-a-stm32mp-2.2.r2/../build/trusted/bl2/partition.o (strcmp)
/home/ming/tf-a-stm32mp-2.2.r2-r0/tf-a-stm32mp-2.2.r2/../build/trusted/lib/libc.a(strlen.o)
                              /home/ming/tf-a-stm32mp-2.2.r2-r0/tf-a-stm32mp-2.2.r2/../build/trusted/bl2/stpmic1.o (strlen)
/home/ming/tf-a-stm32mp-2.2.r2-r0/tf-a-stm32mp-2.2.r2/../build/trusted/lib/libc.a(strncmp.o)
                              /home/ming/tf-a-stm32mp-2.2.r2-r0/tf-a-stm32mp-2.2.r2/../build/trusted/bl2/raw_nand.o (strncmp)
/home/ming/tf-a-stm32mp-2.2.r2-r0/tf-a-stm32mp-2.2.r2/../build/trusted/lib/libc.a(strnlen.o)
                              /home/ming/tf-a-stm32mp-2.2.r2-r0/tf-a-stm32mp-2.2.r2/../build/trusted/lib/libfdt.a(fdt_ro.o) (strnlen)
/home/ming/tf-a-stm32mp-2.2.r2-r0/tf-a-stm32mp-2.2.r2/../build/trusted/lib/libc.a(strrchr.o)
                              /home/ming/tf-a-stm32mp-2.2.r2-r0/tf-a-stm32mp-2.2.r2/../build/trusted/lib/libfdt.a(fdt_ro.o) (strrchr)

Allocating common symbols
Common symbol       size              file

mmu_cfg_params      0x18              /home/ming/tf-a-stm32mp-2.2.r2-r0/tf-a-stm32mp-2.2.r2/../build/trusted/bl2/xlat_tables_context.o
auth_img_flags      0x78              /home/ming/tf-a-stm32mp-2.2.r2-r0/tf-a-stm32mp-2.2.r2/../build/trusted/bl2/stm32mp_cot.o
console_list        0x4               /home/ming/tf-a-stm32mp-2.2.r2-r0/tf-a-stm32mp-2.2.r2/../build/trusted/bl2/multi_console.o

Discarded input sections

 .text          0x0000000000000000        0x0 /home/ming/tf-a-stm32mp-2.2.r2-r0/tf-a-stm32mp-2.2.r2/../build/trusted/bl2/build_message.o
 .data          0x0000000000000000        0x0 /home/ming/tf-a-stm32mp-2.2.r2-r0/tf-a-stm32mp-2.2.r2/../build/trusted/bl2/build_message.o
 .bss           0x0000000000000000        0x0 /home/ming/tf-a-stm32mp-2.2.r2-r0/tf-a-stm32mp-2.2.r2/../build/trusted/bl2/build_message.o
[...]
Memory Configuration

Name             Origin             Length             Attributes
RAM              0x000000002ffd4000 0x0000000000017000 xrw
*default*        0x0000000000000000 0xffffffffffffffff

Linker script and memory map

                0x000000002ffd4000                . = 0x2ffd4000
                0x0000000000000001                ASSERT ((. == ALIGN (0x1000)), BL2_BASE address is not aligned on a page boundary.)

ro              0x000000002ffd4000    0x12000
                0x000000002ffd4000                __RO_START__ = .
                0x000000002ffd4000                __TEXT_RESIDENT_START__ = .
 *bl2_el3_entrypoint.o(.text*)
 .text.asm.bl2_entrypoint
                0x000000002ffd4000      0x158 /home/ming/tf-a-stm32mp-2.2.r2-r0/tf-a-stm32mp-2.2.r2/../build/trusted/bl2/bl2_el3_entrypoint.o
                0x000000002ffd4000                bl2_entrypoint
 .text.asm.bl2_run_next_image
                0x000000002ffd4158       0x40 /home/ming/tf-a-stm32mp-2.2.r2-r0/tf-a-stm32mp-2.2.r2/../build/trusted/bl2/bl2_el3_entrypoint.o
                0x000000002ffd4158                bl2_run_next_image
 *(.text.asm.*)
 .text.asm.spin_lock
                0x000000002ffd4198       0x24 /home/ming/tf-a-stm32mp-2.2.r2-r0/tf-a-stm32mp-2.2.r2/../build/trusted/bl2/spinlock.o
                0x000000002ffd4198                spin_lock
 .text.asm.spin_unlock
                0x000000002ffd41bc       0x18 /home/ming/tf-a-stm32mp-2.2.r2-r0/tf-a-stm32mp-2.2.r2/../build/trusted/bl2/spinlock.o
                0x000000002ffd41bc                spin_unlock
 .text.asm.plat_set_my_stack
                0x000000002ffd41d4       0x10 /home/ming/tf-a-stm32mp-2.2.r2-r0/tf-a-stm32mp-2.2.r2/../build/trusted/bl2/platform_up_stack.o
                0x000000002ffd41d4                plat_set_my_stack
 .text.asm.reset_handler
                0x000000002ffd41e4       0x38 /home/ming/tf-a-stm32mp-2.2.r2-r0/tf-a-stm32mp-2.2.r2/../build/trusted/bl2/cpu_helpers.o
                0x000000002ffd41e4                reset_handler
 .text.asm.get_cpu_ops_ptr
                0x000000002ffd421c       0x44 /home/ming/tf-a-stm32mp-2.2.r2-r0/tf-a-stm32mp-2.2.r2/../build/trusted/bl2/cpu_helpers.o
                0x000000002ffd421c                get_cpu_ops_ptr
 .text.asm.do_panic
                0x000000002ffd4260       0x3c /home/ming/tf-a-stm32mp-2.2.r2-r0/tf-a-stm32mp-2.2.r2/../build/trusted/bl2/debug.o
                0x000000002ffd4260                do_panic
 .text.asm.report_exception
                0x000000002ffd429c       0x14 /home/ming/tf-a-stm32mp-2.2.r2-r0/tf-a-stm32mp-2.2.r2/../build/trusted/bl2/debug.o
                0x000000002ffd429c                report_exception
 .text.asm.report_undef_inst
                0x000000002ffd42b0       0x10 /home/ming/tf-a-stm32mp-2.2.r2-r0/tf-a-stm32mp-2.2.r2/../build/trusted/bl2/debug.o
                0x000000002ffd42b0                report_undef_inst
 .text.asm.report_prefetch_abort
                0x000000002ffd42c0       0x10 /home/ming/tf-a-stm32mp-2.2.r2-r0/tf-a-stm32mp-2.2.r2/../build/trusted/bl2/debug.o
                0x000000002ffd42c0                report_prefetch_abort
 .text.asm.report_data_abort
                0x000000002ffd42d0       0x10 /home/ming/tf-a-stm32mp-2.2.r2-r0/tf-a-stm32mp-2.2.r2/../build/trusted/bl2/debug.o
                0x000000002ffd42d0                report_data_abort
 .text.asm.asm_assert
                0x000000002ffd42e0       0x7c /home/ming/tf-a-stm32mp-2.2.r2-r0/tf-a-stm32mp-2.2.r2/../build/trusted/bl2/debug.o
                0x000000002ffd42e0                asm_assert
 .text.asm.asm_print_str
                0x000000002ffd435c       0x1c /home/ming/tf-a-stm32mp-2.2.r2-r0/tf-a-stm32mp-2.2.r2/../build/trusted/bl2/debug.o
                0x000000002ffd435c                asm_print_str
 .text.asm.asm_print_hex
                0x000000002ffd4378       0x34 /home/ming/tf-a-stm32mp-2.2.r2-r0/tf-a-stm32mp-2.2.r2/../build/trusted/bl2/debug.o
                0x000000002ffd4378                asm_print_hex
 .text.asm.flush_dcache_range
                0x000000002ffd43ac       0x3c /home/ming/tf-a-stm32mp-2.2.r2-r0/tf-a-stm32mp-2.2.r2/../build/trusted/bl2/cache_helpers.o
                0x000000002ffd43ac                flush_dcache_range
 .text.asm.clean_dcache_range
                0x000000002ffd43e8       0x3c /home/ming/tf-a-stm32mp-2.2.r2-r0/tf-a-stm32mp-2.2.r2/../build/trusted/bl2/cache_helpers.o
                0x000000002ffd43e8                clean_dcache_range
 .text.asm.inv_dcache_range
                0x000000002ffd4424       0x3c /home/ming/tf-a-stm32mp-2.2.r2-r0/tf-a-stm32mp-2.2.r2/../build/trusted/bl2/cache_helpers.o
                0x000000002ffd4424                inv_dcache_range
 .text.asm.zeromem
                0x000000002ffd4460       0x64 /home/ming/tf-a-stm32mp-2.2.r2-r0/tf-a-stm32mp-2.2.r2/../build/trusted/bl2/misc_helpers.o
                0x000000002ffd4460                zeromem
                0x000000002ffd4460                zero_normalmem
 .text.asm.disable_mmu_secure
                0x000000002ffd44c4       0x1c /home/ming/tf-a-stm32mp-2.2.r2-r0/tf-a-stm32mp-2.2.r2/../build/trusted/bl2/misc_helpers.o
                0x000000002ffd44c4                disable_mmu_secure
 .text.asm.disable_mmu_icache_secure
                0x000000002ffd44e0        0xc /home/ming/tf-a-stm32mp-2.2.r2-r0/tf-a-stm32mp-2.2.r2/../build/trusted/bl2/misc_helpers.o
                0x000000002ffd44e0                disable_mmu_icache_secure
 .text.asm.console_stm32_core_init
                0x000000002ffd44ec       0x7c /home/ming/tf-a-stm32mp-2.2.r2-r0/tf-a-stm32mp-2.2.r2/../build/trusted/bl2/stm32_console.o
                0x000000002ffd44ec                console_stm32_core_init
 .text.asm.console_stm32_register
                0x000000002ffd4568       0x58 /home/ming/tf-a-stm32mp-2.2.r2-r0/tf-a-stm32mp-2.2.r2/../build/trusted/bl2/stm32_console.o
                0x000000002ffd4568                console_stm32_register
 .text.asm.console_stm32_core_putc
                0x000000002ffd45c0       0x48 /home/ming/tf-a-stm32mp-2.2.r2-r0/tf-a-stm32mp-2.2.r2/../build/trusted/bl2/stm32_console.o
                0x000000002ffd45c0                console_stm32_core_putc
 .text.asm.console_stm32_putc
                0x000000002ffd4608       0x20 /home/ming/tf-a-stm32mp-2.2.r2-r0/tf-a-stm32mp-2.2.r2/../build/trusted/bl2/stm32_console.o
                0x000000002ffd4608                console_stm32_putc
 .text.asm.console_stm32_core_flush
                0x000000002ffd4628       0x30 /home/ming/tf-a-stm32mp-2.2.r2-r0/tf-a-stm32mp-2.2.r2/../build/trusted/bl2/stm32_console.o
                0x000000002ffd4628                console_stm32_core_flush
 .text.asm.console_stm32_flush
                0x000000002ffd4658       0x20 /home/ming/tf-a-stm32mp-2.2.r2-r0/tf-a-stm32mp-2.2.r2/../build/trusted/bl2/stm32_console.o
                0x000000002ffd4658                console_stm32_flush
 .text.asm.enable_mmu_direct_svc_mon
                0x000000002ffd4678       0x80 /home/ming/tf-a-stm32mp-2.2.r2-r0/tf-a-stm32mp-2.2.r2/../build/trusted/bl2/enable_mmu.o
                0x000000002ffd4678                enable_mmu_direct_svc_mon
 .text.asm.cortex_a7_enable_smp
                0x000000002ffd46f8       0x14 /home/ming/tf-a-stm32mp-2.2.r2-r0/tf-a-stm32mp-2.2.r2/../build/trusted/bl2/cortex_a7.o
 .text.asm.cortex_a7_reset_func
                0x000000002ffd470c        0x4 /home/ming/tf-a-stm32mp-2.2.r2-r0/tf-a-stm32mp-2.2.r2/../build/trusted/bl2/cortex_a7.o
 .text.asm.platform_mem_init
                0x000000002ffd4710        0x4 /home/ming/tf-a-stm32mp-2.2.r2-r0/tf-a-stm32mp-2.2.r2/../build/trusted/bl2/stm32mp1_helper.o
                0x000000002ffd4710                platform_mem_init
 .text.asm.plat_report_exception
                0x000000002ffd4714       0x7c /home/ming/tf-a-stm32mp-2.2.r2-r0/tf-a-stm32mp-2.2.r2/../build/trusted/bl2/stm32mp1_helper.o
                0x000000002ffd4714                plat_report_exception
 .text.asm.plat_report_undef_inst
                0x000000002ffd4790       0x30 /home/ming/tf-a-stm32mp-2.2.r2-r0/tf-a-stm32mp-2.2.r2/../build/trusted/bl2/stm32mp1_helper.o
                0x000000002ffd4790                plat_report_undef_inst
 .text.asm.plat_report_prefetch_abort
                0x000000002ffd47c0       0x58 /home/ming/tf-a-stm32mp-2.2.r2-r0/tf-a-stm32mp-2.2.r2/../build/trusted/bl2/stm32mp1_helper.o
                0x000000002ffd47c0                plat_report_prefetch_abort
 .text.asm.plat_report_data_abort
                0x000000002ffd4818       0x58 /home/ming/tf-a-stm32mp-2.2.r2-r0/tf-a-stm32mp-2.2.r2/../build/trusted/bl2/stm32mp1_helper.o
                0x000000002ffd4818                plat_report_data_abort
 .text.asm.plat_reset_handler
                0x000000002ffd4870        0x4 /home/ming/tf-a-stm32mp-2.2.r2-r0/tf-a-stm32mp-2.2.r2/../build/trusted/bl2/stm32mp1_helper.o
                0x000000002ffd4870                plat_reset_handler
 .text.asm.plat_get_my_entrypoint
                0x000000002ffd4874        0x8 /home/ming/tf-a-stm32mp-2.2.r2-r0/tf-a-stm32mp-2.2.r2/../build/trusted/bl2/stm32mp1_helper.o
                0x000000002ffd4874                plat_get_my_entrypoint
 .text.asm.plat_secondary_cold_boot_setup
                0x000000002ffd487c        0x4 /home/ming/tf-a-stm32mp-2.2.r2-r0/tf-a-stm32mp-2.2.r2/../build/trusted/bl2/stm32mp1_helper.o
                0x000000002ffd487c                plat_secondary_cold_boot_setup
 .text.asm.plat_is_my_cpu_primary
                0x000000002ffd4880       0x20 /home/ming/tf-a-stm32mp-2.2.r2-r0/tf-a-stm32mp-2.2.r2/../build/trusted/bl2/stm32mp1_helper.o
                0x000000002ffd4880                plat_is_my_cpu_primary
 .text.asm.plat_crash_console_init
                0x000000002ffd48a0       0x98 /home/ming/tf-a-stm32mp-2.2.r2-r0/tf-a-stm32mp-2.2.r2/../build/trusted/bl2/stm32mp1_helper.o
                0x000000002ffd48a0                plat_crash_console_init
 .text.asm.plat_crash_console_flush
                0x000000002ffd4938        0xc /home/ming/tf-a-stm32mp-2.2.r2-r0/tf-a-stm32mp-2.2.r2/../build/trusted/bl2/stm32mp1_helper.o
                0x000000002ffd4938                plat_crash_console_flush
 .text.asm.plat_crash_console_putc
                0x000000002ffd4944        0xc /home/ming/tf-a-stm32mp-2.2.r2-r0/tf-a-stm32mp-2.2.r2/../build/trusted/bl2/stm32mp1_helper.o
                0x000000002ffd4944                plat_crash_console_putc
 .text.asm.plat_panic_handler
                0x000000002ffd4950       0x14 /home/ming/tf-a-stm32mp-2.2.r2-r0/tf-a-stm32mp-2.2.r2/../build/trusted/bl2/stm32mp1_helper.o
                0x000000002ffd4950                plat_panic_handler
                0x000000002ffd4964                __TEXT_RESIDENT_END__ = .
 *(.text*)
 .text.device_type_block
                0x000000002ffd4964        0x4 /home/ming/tf-a-stm32mp-2.2.r2-r0/tf-a-stm32mp-2.2.r2/../build/trusted/bl2/io_block.o
                0x000000002ffd4964                device_type_block
 .text.block_close
                0x000000002ffd4968        0x8 /home/ming/tf-a-stm32mp-2.2.r2-r0/tf-a-stm32mp-2.2.r2/../build/trusted/bl2/io_block.o
 .text.block_write
                0x000000002ffd4970      0x12c /home/ming/tf-a-stm32mp-2.2.r2-r0/tf-a-stm32mp-2.2.r2/../build/trusted/bl2/io_block.o
 .text.block_read
                0x000000002ffd4a9c       0xe0 /home/ming/tf-a-stm32mp-2.2.r2-r0/tf-a-stm32mp-2.2.r2/../build/trusted/bl2/io_block.o
 .text.block_dev_open
                0x000000002ffd4b7c       0x78 /home/ming/tf-a-stm32mp-2.2.r2-r0/tf-a-stm32mp-2.2.r2/../build/trusted/bl2/io_block.o
 .text.block_seek
                0x000000002ffd4bf4       0x64 /home/ming/tf-a-stm32mp-2.2.r2-r0/tf-a-stm32mp-2.2.r2/../build/trusted/bl2/io_block.o
 .text.block_open
                0x000000002ffd4c58       0x4c /home/ming/tf-a-stm32mp-2.2.r2-r0/tf-a-stm32mp-2.2.r2/../build/trusted/bl2/io_block.o
 .text.block_dev_close
                0x000000002ffd4ca4       0x48 /home/ming/tf-a-stm32mp-2.2.r2-r0/tf-a-stm32mp-2.2.r2/../build/trusted/bl2/io_block.o
 .text.register_io_dev_block
                0x000000002ffd4cec       0x2c /home/ming/tf-a-stm32mp-2.2.r2-r0/tf-a-stm32mp-2.2.r2/../build/trusted/bl2/io_block.o
                0x000000002ffd4cec                register_io_dev_block
 .text.device_type_dummy
                0x000000002ffd4d18        0x4 /home/ming/tf-a-stm32mp-2.2.r2-r0/tf-a-stm32mp-2.2.r2/../build/trusted/bl2/io_dummy.o
 .text.dummy_dev_close
                0x000000002ffd4d1c        0x4 /home/ming/tf-a-stm32mp-2.2.r2-r0/tf-a-stm32mp-2.2.r2/../build/trusted/bl2/io_dummy.o
 .text.dummy_dev_open
                0x000000002ffd4d20       0x1c /home/ming/tf-a-stm32mp-2.2.r2-r0/tf-a-stm32mp-2.2.r2/../build/trusted/bl2/io_dummy.o
 .text.dummy_block_close
                0x000000002ffd4d3c       0x20 /home/ming/tf-a-stm32mp-2.2.r2-r0/tf-a-stm32mp-2.2.r2/../build/trusted/bl2/io_dummy.o
 .text.dummy_block_read
                0x000000002ffd4d5c       0x18 /home/ming/tf-a-stm32mp-2.2.r2-r0/tf-a-stm32mp-2.2.r2/../build/trusted/bl2/io_dummy.o
 .text.dummy_block_len
                0x000000002ffd4d74       0x20 /home/ming/tf-a-stm32mp-2.2.r2-r0/tf-a-stm32mp-2.2.r2/../build/trusted/bl2/io_dummy.o
 .text.dummy_block_open
                0x000000002ffd4d94       0x3c /home/ming/tf-a-stm32mp-2.2.r2-r0/tf-a-stm32mp-2.2.r2/../build/trusted/bl2/io_dummy.o
 .text.register_io_dev_dummy
                0x000000002ffd4dd0       0x28 /home/ming/tf-a-stm32mp-2.2.r2-r0/tf-a-stm32mp-2.2.r2/../build/trusted/bl2/io_dummy.o
                0x000000002ffd4dd0                register_io_dev_dummy
 .text.device_type_mtd
                0x000000002ffd4df8        0x4 /home/ming/tf-a-stm32mp-2.2.r2-r0/tf-a-stm32mp-2.2.r2/../build/trusted/bl2/io_mtd.o
                0x000000002ffd4df8                device_type_mtd
 .text.mtd_close
                0x000000002ffd4dfc        0x8 /home/ming/tf-a-stm32mp-2.2.r2-r0/tf-a-stm32mp-2.2.r2/../build/trusted/bl2/io_mtd.o
 .text.mtd_read
                0x000000002ffd4e04       0x84 /home/ming/tf-a-stm32mp-2.2.r2-r0/tf-a-stm32mp-2.2.r2/../build/trusted/bl2/io_mtd.o
 .text.mtd_seek
                0x000000002ffd4e88       0x70 /home/ming/tf-a-stm32mp-2.2.r2-r0/tf-a-stm32mp-2.2.r2/../build/trusted/bl2/io_mtd.o
 .text.mtd_open
                0x000000002ffd4ef8       0x24 /home/ming/tf-a-stm32mp-2.2.r2-r0/tf-a-stm32mp-2.2.r2/../build/trusted/bl2/io_mtd.o
 .text.mtd_dev_close
                0x000000002ffd4f1c       0x2c /home/ming/tf-a-stm32mp-2.2.r2-r0/tf-a-stm32mp-2.2.r2/../build/trusted/bl2/io_mtd.o
 .text.mtd_dev_open
                0x000000002ffd4f48       0x50 /home/ming/tf-a-stm32mp-2.2.r2-r0/tf-a-stm32mp-2.2.r2/../build/trusted/bl2/io_mtd.o
 .text.register_io_dev_mtd
                0x000000002ffd4f98       0x1c /home/ming/tf-a-stm32mp-2.2.r2-r0/tf-a-stm32mp-2.2.r2/../build/trusted/bl2/io_mtd.o
                0x000000002ffd4f98                register_io_dev_mtd
 .text.is_valid_dev
                0x000000002ffd4fb4       0x18 /home/ming/tf-a-stm32mp-2.2.r2-r0/tf-a-stm32mp-2.2.r2/../build/trusted/bl2/io_storage.o
 .text.is_valid_entity
                0x000000002ffd4fcc       0x12 /home/ming/tf-a-stm32mp-2.2.r2-r0/tf-a-stm32mp-2.2.r2/../build/trusted/bl2/io_storage.o
 *fill*         0x000000002ffd4fde        0x2 
 .text.free_entity
                0x000000002ffd4fe0       0x40 /home/ming/tf-a-stm32mp-2.2.r2-r0/tf-a-stm32mp-2.2.r2/../build/trusted/bl2/io_storage.o
 .text.io_register_device
                0x000000002ffd5020       0x28 /home/ming/tf-a-stm32mp-2.2.r2-r0/tf-a-stm32mp-2.2.r2/../build/trusted/bl2/io_storage.o
                0x000000002ffd5020                io_register_device
 .text.io_dev_open
                0x000000002ffd5048       0x28 /home/ming/tf-a-stm32mp-2.2.r2-r0/tf-a-stm32mp-2.2.r2/../build/trusted/bl2/io_storage.o
                0x000000002ffd5048                io_dev_open
 .text.io_dev_init
                0x000000002ffd5070       0x34 /home/ming/tf-a-stm32mp-2.2.r2-r0/tf-a-stm32mp-2.2.r2/../build/trusted/bl2/io_storage.o
                0x000000002ffd5070                io_dev_init
 .text.io_dev_close
                0x000000002ffd50a4       0x30 /home/ming/tf-a-stm32mp-2.2.r2-r0/tf-a-stm32mp-2.2.r2/../build/trusted/bl2/io_storage.o
                0x000000002ffd50a4                io_dev_close
 .text.io_open  0x000000002ffd50d4       0x90 /home/ming/tf-a-stm32mp-2.2.r2-r0/tf-a-stm32mp-2.2.r2/../build/trusted/bl2/io_storage.o
                0x000000002ffd50d4                io_open
 .text.io_seek  0x000000002ffd5164       0x44 /home/ming/tf-a-stm32mp-2.2.r2-r0/tf-a-stm32mp-2.2.r2/../build/trusted/bl2/io_storage.o
                0x000000002ffd5164                io_seek
 .text.io_size  0x000000002ffd51a8       0x34 /home/ming/tf-a-stm32mp-2.2.r2-r0/tf-a-stm32mp-2.2.r2/../build/trusted/bl2/io_storage.o
                0x000000002ffd51a8                io_size
 .text.io_read  0x000000002ffd51dc       0x40 /home/ming/tf-a-stm32mp-2.2.r2-r0/tf-a-stm32mp-2.2.r2/../build/trusted/bl2/io_storage.o
                0x000000002ffd51dc                io_read
 .text.io_close
                0x000000002ffd521c       0x30 /home/ming/tf-a-stm32mp-2.2.r2-r0/tf-a-stm32mp-2.2.r2/../build/trusted/bl2/io_storage.o
                0x000000002ffd521c                io_close
 .text.hash_write_data
                0x000000002ffd524c       0x68 /home/ming/tf-a-stm32mp-2.2.r2-r0/tf-a-stm32mp-2.2.r2/../build/trusted/bl2/stm32_hash.o
 .text.stm32_hash_update
                0x000000002ffd52b4       0xb0 /home/ming/tf-a-stm32mp-2.2.r2-r0/tf-a-stm32mp-2.2.r2/../build/trusted/bl2/stm32_hash.o
                0x000000002ffd52b4                stm32_hash_update
 .text.stm32_hash_final
                0x000000002ffd5364      0x110 /home/ming/tf-a-stm32mp-2.2.r2-r0/tf-a-stm32mp-2.2.r2/../build/trusted/bl2/stm32_hash.o
                0x000000002ffd5364                stm32_hash_final
 .text.stm32_hash_final_update
                0x000000002ffd5474       0x16 /home/ming/tf-a-stm32mp-2.2.r2-r0/tf-a-stm32mp-2.2.r2/../build/trusted/bl2/stm32_hash.o
                0x000000002ffd5474                stm32_hash_final_update
 *fill*         0x000000002ffd548a        0x2 
 .text.stm32_hash_init
                0x000000002ffd548c       0x5c /home/ming/tf-a-stm32mp-2.2.r2-r0/tf-a-stm32mp-2.2.r2/../build/trusted/bl2/stm32_hash.o
                0x000000002ffd548c                stm32_hash_init
 .text.stm32_hash_register
                0x000000002ffd54e8       0x88 /home/ming/tf-a-stm32mp-2.2.r2-r0/tf-a-stm32mp-2.2.r2/../build/trusted/bl2/stm32_hash.o
                0x000000002ffd54e8                stm32_hash_register
 .text.device_type_stm32image
                0x000000002ffd5570        0x4 /home/ming/tf-a-stm32mp-2.2.r2-r0/tf-a-stm32mp-2.2.r2/../build/trusted/bl2/io_stm32image.o
 .text.stm32image_dev_close
                0x000000002ffd5574       0x1c /home/ming/tf-a-stm32mp-2.2.r2-r0/tf-a-stm32mp-2.2.r2/../build/trusted/bl2/io_stm32image.o
 .text.stm32image_partition_close
                0x000000002ffd5590        0xc /home/ming/tf-a-stm32mp-2.2.r2-r0/tf-a-stm32mp-2.2.r2/../build/trusted/bl2/io_stm32image.o
 .text.stm32image_dev_init
                0x000000002ffd559c       0x44 /home/ming/tf-a-stm32mp-2.2.r2-r0/tf-a-stm32mp-2.2.r2/../build/trusted/bl2/io_stm32image.o
 .text.stm32image_partition_read
                0x000000002ffd55e0      0x100 /home/ming/tf-a-stm32mp-2.2.r2-r0/tf-a-stm32mp-2.2.r2/../build/trusted/bl2/io_stm32image.o
 .text.stm32image_partition_size
                0x000000002ffd56e0       0xf4 /home/ming/tf-a-stm32mp-2.2.r2-r0/tf-a-stm32mp-2.2.r2/../build/trusted/bl2/io_stm32image.o
 .text.stm32image_dev_open
                0x000000002ffd57d4       0x48 /home/ming/tf-a-stm32mp-2.2.r2-r0/tf-a-stm32mp-2.2.r2/../build/trusted/bl2/io_stm32image.o
 .text.stm32image_partition_open
                0x000000002ffd581c       0x50 /home/ming/tf-a-stm32mp-2.2.r2-r0/tf-a-stm32mp-2.2.r2/../build/trusted/bl2/io_stm32image.o
 .text.register_io_dev_stm32image
                0x000000002ffd586c       0x2c /home/ming/tf-a-stm32mp-2.2.r2-r0/tf-a-stm32mp-2.2.r2/../build/trusted/bl2/io_stm32image.o
                0x000000002ffd586c                register_io_dev_stm32image
 .text.boot_mmc
                0x000000002ffd5898      0x140 /home/ming/tf-a-stm32mp-2.2.r2-r0/tf-a-stm32mp-2.2.r2/../build/trusted/bl2/bl2_io_storage.o
 .text.open_storage
                0x000000002ffd59d8       0x10 /home/ming/tf-a-stm32mp-2.2.r2-r0/tf-a-stm32mp-2.2.r2/../build/trusted/bl2/bl2_io_storage.o
 .text.open_image
                0x000000002ffd59e8       0x10 /home/ming/tf-a-stm32mp-2.2.r2-r0/tf-a-stm32mp-2.2.r2/../build/trusted/bl2/bl2_io_storage.o
 .text.open_dummy
                0x000000002ffd59f8       0x10 /home/ming/tf-a-stm32mp-2.2.r2-r0/tf-a-stm32mp-2.2.r2/../build/trusted/bl2/bl2_io_storage.o
 .text.stm32mp_io_setup
                0x000000002ffd5a08      0x290 /home/ming/tf-a-stm32mp-2.2.r2-r0/tf-a-stm32mp-2.2.r2/../build/trusted/bl2/bl2_io_storage.o
                0x000000002ffd5a08                stm32mp_io_setup
 .text.plat_get_image_source
                0x000000002ffd5c98       0x40 /home/ming/tf-a-stm32mp-2.2.r2-r0/tf-a-stm32mp-2.2.r2/../build/trusted/bl2/bl2_io_storage.o
                0x000000002ffd5c98                plat_get_image_source
 .text.plat_try_next_boot_source
                0x000000002ffd5cd8       0x84 /home/ming/tf-a-stm32mp-2.2.r2-r0/tf-a-stm32mp-2.2.r2/../build/trusted/bl2/bl2_io_storage.o
                0x000000002ffd5cd8                plat_try_next_boot_source
 .text.get_boot_device
                0x000000002ffd5d5c        0x4 /home/ming/tf-a-stm32mp-2.2.r2-r0/tf-a-stm32mp-2.2.r2/../build/trusted/bl2/bl2_plat_setup.o
                0x000000002ffd5d5c                get_boot_device
 .text.bl2_el3_early_platform_setup
                0x000000002ffd5d60        0x4 /home/ming/tf-a-stm32mp-2.2.r2-r0/tf-a-stm32mp-2.2.r2/../build/trusted/bl2/bl2_plat_setup.o
                0x000000002ffd5d60                bl2_el3_early_platform_setup
 .text.bl2_platform_setup
                0x000000002ffd5d64       0x9c /home/ming/tf-a-stm32mp-2.2.r2-r0/tf-a-stm32mp-2.2.r2/../build/trusted/bl2/bl2_plat_setup.o
                0x000000002ffd5d64                bl2_platform_setup
 .text.bl2_el3_plat_arch_setup
                0x000000002ffd5e00      0x440 /home/ming/tf-a-stm32mp-2.2.r2-r0/tf-a-stm32mp-2.2.r2/../build/trusted/bl2/bl2_plat_setup.o
                0x000000002ffd5e00                bl2_el3_plat_arch_setup
 .text.bl2_plat_handle_post_image_load
                0x000000002ffd6240       0x30 /home/ming/tf-a-stm32mp-2.2.r2-r0/tf-a-stm32mp-2.2.r2/../build/trusted/bl2/bl2_plat_setup.o
                0x000000002ffd6240                bl2_plat_handle_post_image_load
 .text.auth_get_param.isra.0
                0x000000002ffd6270       0x3e /home/ming/tf-a-stm32mp-2.2.r2-r0/tf-a-stm32mp-2.2.r2/../build/trusted/bl2/auth_mod.o
 .text.plat_set_nv_ctr2
                0x000000002ffd62ae        0x6 /home/ming/tf-a-stm32mp-2.2.r2-r0/tf-a-stm32mp-2.2.r2/../build/trusted/bl2/auth_mod.o
                0x000000002ffd62ae                plat_set_nv_ctr2
 .text.auth_mod_get_parent_id
                0x000000002ffd62b4       0x40 /home/ming/tf-a-stm32mp-2.2.r2-r0/tf-a-stm32mp-2.2.r2/../build/trusted/bl2/auth_mod.o
                0x000000002ffd62b4                auth_mod_get_parent_id
 .text.auth_mod_init
                0x000000002ffd62f4       0x28 /home/ming/tf-a-stm32mp-2.2.r2-r0/tf-a-stm32mp-2.2.r2/../build/trusted/bl2/auth_mod.o
                0x000000002ffd62f4                auth_mod_init
 .text.auth_mod_verify_img
                0x000000002ffd631c      0x278 /home/ming/tf-a-stm32mp-2.2.r2-r0/tf-a-stm32mp-2.2.r2/../build/trusted/bl2/auth_mod.o
                0x000000002ffd631c                auth_mod_verify_img
 .text.crypto_mod_init
                0x000000002ffd6594       0x44 /home/ming/tf-a-stm32mp-2.2.r2-r0/tf-a-stm32mp-2.2.r2/../build/trusted/bl2/crypto_mod.o
                0x000000002ffd6594                crypto_mod_init
 .text.crypto_mod_verify_signature
                0x000000002ffd65d8       0x58 /home/ming/tf-a-stm32mp-2.2.r2-r0/tf-a-stm32mp-2.2.r2/../build/trusted/bl2/crypto_mod.o
                0x000000002ffd65d8                crypto_mod_verify_signature
 .text.crypto_mod_verify_hash
                0x000000002ffd6630       0x38 /home/ming/tf-a-stm32mp-2.2.r2-r0/tf-a-stm32mp-2.2.r2/../build/trusted/bl2/crypto_mod.o
                0x000000002ffd6630                crypto_mod_verify_hash
 .text.img_parser_init
                0x000000002ffd6668       0x94 /home/ming/tf-a-stm32mp-2.2.r2-r0/tf-a-stm32mp-2.2.r2/../build/trusted/bl2/img_parser_mod.o
                0x000000002ffd6668                img_parser_init
 .text.img_parser_check_integrity
                0x000000002ffd66fc       0x48 /home/ming/tf-a-stm32mp-2.2.r2-r0/tf-a-stm32mp-2.2.r2/../build/trusted/bl2/img_parser_mod.o
                0x000000002ffd66fc                img_parser_check_integrity
 .text.img_parser_get_auth_param
                0x000000002ffd6744       0x78 /home/ming/tf-a-stm32mp-2.2.r2-r0/tf-a-stm32mp-2.2.r2/../build/trusted/bl2/img_parser_mod.o
                0x000000002ffd6744                img_parser_get_auth_param
 .text.crypto_verify_hash
                0x000000002ffd67bc       0x46 /home/ming/tf-a-stm32mp-2.2.r2-r0/tf-a-stm32mp-2.2.r2/../build/trusted/bl2/stm32mp_crypto_lib.o
 *fill*         0x000000002ffd6802        0x2 
 .text.crypto_verify_signature
                0x000000002ffd6804       0xfc /home/ming/tf-a-stm32mp-2.2.r2-r0/tf-a-stm32mp-2.2.r2/../build/trusted/bl2/stm32mp_crypto_lib.o
 .text.crypto_lib_init
                0x000000002ffd6900       0x60 /home/ming/tf-a-stm32mp-2.2.r2-r0/tf-a-stm32mp-2.2.r2/../build/trusted/bl2/stm32mp_crypto_lib.o
 .text.img_lib_init
                0x000000002ffd6960        0x2 /home/ming/tf-a-stm32mp-2.2.r2-r0/tf-a-stm32mp-2.2.r2/../build/trusted/bl2/stm32mp_img_parser_lib.o
 .text.img_get_auth_param
                0x000000002ffd6962       0x74 /home/ming/tf-a-stm32mp-2.2.r2-r0/tf-a-stm32mp-2.2.r2/../build/trusted/bl2/stm32mp_img_parser_lib.o
 .text.img_check_integrity
                0x000000002ffd69d6       0x12 /home/ming/tf-a-stm32mp-2.2.r2-r0/tf-a-stm32mp-2.2.r2/../build/trusted/bl2/stm32mp_img_parser_lib.o
 .text.plat_get_rotpk_info
                0x000000002ffd69e8       0x88 /home/ming/tf-a-stm32mp-2.2.r2-r0/tf-a-stm32mp-2.2.r2/../build/trusted/bl2/stm32mp_trusted_boot.o
                0x000000002ffd69e8                plat_get_rotpk_info
 .text.plat_get_nv_ctr
                0x000000002ffd6a70       0x18 /home/ming/tf-a-stm32mp-2.2.r2-r0/tf-a-stm32mp-2.2.r2/../build/trusted/bl2/stm32mp_trusted_boot.o
                0x000000002ffd6a70                plat_get_nv_ctr
 .text.plat_set_nv_ctr
                0x000000002ffd6a88        0x6 /home/ming/tf-a-stm32mp-2.2.r2-r0/tf-a-stm32mp-2.2.r2/../build/trusted/bl2/stm32mp_trusted_boot.o
                0x000000002ffd6a88                plat_set_nv_ctr
 *fill*         0x000000002ffd6a8e        0x2 
 .text.mmc_send_cmd
                0x000000002ffd6a90       0x44 /home/ming/tf-a-stm32mp-2.2.r2-r0/tf-a-stm32mp-2.2.r2/../build/trusted/bl2/mmc.o
 .text.mmc_device_state
                0x000000002ffd6ad4       0x48 /home/ming/tf-a-stm32mp-2.2.r2-r0/tf-a-stm32mp-2.2.r2/../build/trusted/bl2/mmc.o
 .text.mmc_reset_to_idle
                0x000000002ffd6b1c       0x1c /home/ming/tf-a-stm32mp-2.2.r2-r0/tf-a-stm32mp-2.2.r2/../build/trusted/bl2/mmc.o
 .text.mmc_set_ext_csd
                0x000000002ffd6b38       0x34 /home/ming/tf-a-stm32mp-2.2.r2-r0/tf-a-stm32mp-2.2.r2/../build/trusted/bl2/mmc.o
 .text.unlikely.sd_switch.constprop.3
                0x000000002ffd6b6c       0x48 /home/ming/tf-a-stm32mp-2.2.r2-r0/tf-a-stm32mp-2.2.r2/../build/trusted/bl2/mmc.o
 .text.mmc_read_blocks
                0x000000002ffd6bb4       0xcc /home/ming/tf-a-stm32mp-2.2.r2-r0/tf-a-stm32mp-2.2.r2/../build/trusted/bl2/mmc.o
                0x000000002ffd6bb4                mmc_read_blocks
 .text.mmc_init
                0x000000002ffd6c80      0x4e8 /home/ming/tf-a-stm32mp-2.2.r2-r0/tf-a-stm32mp-2.2.r2/../build/trusted/bl2/mmc.o
                0x000000002ffd6c80                mmc_init
 .text.parse_gpt_entry
                0x000000002ffd7168       0x94 /home/ming/tf-a-stm32mp-2.2.r2-r0/tf-a-stm32mp-2.2.r2/../build/trusted/bl2/gpt.o
                0x000000002ffd7168                parse_gpt_entry
 .text.load_partition_table
                0x000000002ffd71fc      0x1f4 /home/ming/tf-a-stm32mp-2.2.r2-r0/tf-a-stm32mp-2.2.r2/../build/trusted/bl2/partition.o
                0x000000002ffd71fc                load_partition_table
 .text.get_partition_entry
                0x000000002ffd73f0       0x3c /home/ming/tf-a-stm32mp-2.2.r2-r0/tf-a-stm32mp-2.2.r2/../build/trusted/bl2/partition.o
                0x000000002ffd73f0                get_partition_entry
 .text.partition_init
                0x000000002ffd742c        0x4 /home/ming/tf-a-stm32mp-2.2.r2-r0/tf-a-stm32mp-2.2.r2/../build/trusted/bl2/partition.o
                0x000000002ffd742c                partition_init
 .text.device_type_mmc
                0x000000002ffd7430        0x4 /home/ming/tf-a-stm32mp-2.2.r2-r0/tf-a-stm32mp-2.2.r2/../build/trusted/bl2/io_mmc.o
 .text.mmc_dev_init
                0x000000002ffd7434        0x4 /home/ming/tf-a-stm32mp-2.2.r2-r0/tf-a-stm32mp-2.2.r2/../build/trusted/bl2/io_mmc.o
 .text.mmc_block_open
                0x000000002ffd7438       0x10 /home/ming/tf-a-stm32mp-2.2.r2-r0/tf-a-stm32mp-2.2.r2/../build/trusted/bl2/io_mmc.o
 .text.mmc_block_seek
                0x000000002ffd7448       0x10 /home/ming/tf-a-stm32mp-2.2.r2-r0/tf-a-stm32mp-2.2.r2/../build/trusted/bl2/io_mmc.o
 .text.mmc_block_close
                0x000000002ffd7458        0x4 /home/ming/tf-a-stm32mp-2.2.r2-r0/tf-a-stm32mp-2.2.r2/../build/trusted/bl2/io_mmc.o
 .text.mmc_block_read
                0x000000002ffd745c       0x74 /home/ming/tf-a-stm32mp-2.2.r2-r0/tf-a-stm32mp-2.2.r2/../build/trusted/bl2/io_mmc.o
 .text.mmc_dev_open
                0x000000002ffd74d0       0x1c /home/ming/tf-a-stm32mp-2.2.r2-r0/tf-a-stm32mp-2.2.r2/../build/trusted/bl2/io_mmc.o
 .text.mmc_dev_close
                0x000000002ffd74ec        0x4 /home/ming/tf-a-stm32mp-2.2.r2-r0/tf-a-stm32mp-2.2.r2/../build/trusted/bl2/io_mmc.o
 .text.register_io_dev_mmc
                0x000000002ffd74f0       0x28 /home/ming/tf-a-stm32mp-2.2.r2-r0/tf-a-stm32mp-2.2.r2/../build/trusted/bl2/io_mmc.o
                0x000000002ffd74f0                register_io_dev_mmc
 .text.stm32_sdmmc2_write
                0x000000002ffd7518        0x4 /home/ming/tf-a-stm32mp-2.2.r2-r0/tf-a-stm32mp-2.2.r2/../build/trusted/bl2/stm32_sdmmc2.o
 .text.dump_registers
                0x000000002ffd751c       0xc4 /home/ming/tf-a-stm32mp-2.2.r2-r0/tf-a-stm32mp-2.2.r2/../build/trusted/bl2/stm32_sdmmc2.o
 .text.stm32_sdmmc2_set_ios
                0x000000002ffd75e0       0x8c /home/ming/tf-a-stm32mp-2.2.r2-r0/tf-a-stm32mp-2.2.r2/../build/trusted/bl2/stm32_sdmmc2.o
 .text.stm32_sdmmc2_init
                0x000000002ffd766c       0x8c /home/ming/tf-a-stm32mp-2.2.r2-r0/tf-a-stm32mp-2.2.r2/../build/trusted/bl2/stm32_sdmmc2.o
 .text.stm32_sdmmc2_send_cmd
                0x000000002ffd76f8      0x2cc /home/ming/tf-a-stm32mp-2.2.r2-r0/tf-a-stm32mp-2.2.r2/../build/trusted/bl2/stm32_sdmmc2.o
 .text.stm32_sdmmc2_stop_transfer
                0x000000002ffd79c4       0x20 /home/ming/tf-a-stm32mp-2.2.r2-r0/tf-a-stm32mp-2.2.r2/../build/trusted/bl2/stm32_sdmmc2.o
 .text.stm32_sdmmc2_read
                0x000000002ffd79e4      0x12c /home/ming/tf-a-stm32mp-2.2.r2-r0/tf-a-stm32mp-2.2.r2/../build/trusted/bl2/stm32_sdmmc2.o
 .text.plat_sdmmc2_use_dma
                0x000000002ffd7b10        0x4 /home/ming/tf-a-stm32mp-2.2.r2-r0/tf-a-stm32mp-2.2.r2/../build/trusted/bl2/stm32_sdmmc2.o
                0x000000002ffd7b10                plat_sdmmc2_use_dma
 .text.stm32_sdmmc2_prepare
                0x000000002ffd7b14       0xb4 /home/ming/tf-a-stm32mp-2.2.r2-r0/tf-a-stm32mp-2.2.r2/../build/trusted/bl2/stm32_sdmmc2.o
 .text.stm32_sdmmc2_mmc_get_device_size
                0x000000002ffd7bc8       0x10 /home/ming/tf-a-stm32mp-2.2.r2-r0/tf-a-stm32mp-2.2.r2/../build/trusted/bl2/stm32_sdmmc2.o
                0x000000002ffd7bc8                stm32_sdmmc2_mmc_get_device_size
 .text.stm32_sdmmc2_mmc_init
                0x000000002ffd7bd8      0x1c8 /home/ming/tf-a-stm32mp-2.2.r2-r0/tf-a-stm32mp-2.2.r2/../build/trusted/bl2/stm32_sdmmc2.o
                0x000000002ffd7bd8                stm32_sdmmc2_mmc_init
 .text.nand_send_addr
                0x000000002ffd7da0       0x38 /home/ming/tf-a-stm32mp-2.2.r2-r0/tf-a-stm32mp-2.2.r2/../build/trusted/bl2/raw_nand.o
 .text.nand_send_cmd
                0x000000002ffd7dd8       0x2c /home/ming/tf-a-stm32mp-2.2.r2-r0/tf-a-stm32mp-2.2.r2/../build/trusted/bl2/raw_nand.o
 .text.nand_read_data
                0x000000002ffd7e04       0x40 /home/ming/tf-a-stm32mp-2.2.r2-r0/tf-a-stm32mp-2.2.r2/../build/trusted/bl2/raw_nand.o
 .text.nand_send_wait
                0x000000002ffd7e44       0x34 /home/ming/tf-a-stm32mp-2.2.r2-r0/tf-a-stm32mp-2.2.r2/../build/trusted/bl2/raw_nand.o
 .text.nand_read_param_page
                0x000000002ffd7e78       0xf4 /home/ming/tf-a-stm32mp-2.2.r2-r0/tf-a-stm32mp-2.2.r2/../build/trusted/bl2/raw_nand.o
 .text.nand_change_read_column_cmd
                0x000000002ffd7f6c       0x58 /home/ming/tf-a-stm32mp-2.2.r2-r0/tf-a-stm32mp-2.2.r2/../build/trusted/bl2/raw_nand.o
                0x000000002ffd7f6c                nand_change_read_column_cmd
 .text.nand_read_page_cmd
                0x000000002ffd7fc4       0xa8 /home/ming/tf-a-stm32mp-2.2.r2-r0/tf-a-stm32mp-2.2.r2/../build/trusted/bl2/raw_nand.o
                0x000000002ffd7fc4                nand_read_page_cmd
 .text.nand_mtd_read_page_raw
                0x000000002ffd806c       0x14 /home/ming/tf-a-stm32mp-2.2.r2-r0/tf-a-stm32mp-2.2.r2/../build/trusted/bl2/raw_nand.o
 .text.nand_mtd_block_is_bad
                0x000000002ffd8080       0x64 /home/ming/tf-a-stm32mp-2.2.r2-r0/tf-a-stm32mp-2.2.r2/../build/trusted/bl2/raw_nand.o
 .text.nand_wait_ready
                0x000000002ffd80e4       0x84 /home/ming/tf-a-stm32mp-2.2.r2-r0/tf-a-stm32mp-2.2.r2/../build/trusted/bl2/raw_nand.o
                0x000000002ffd80e4                nand_wait_ready
 .text.nand_raw_ctrl_init
                0x000000002ffd8168        0xc /home/ming/tf-a-stm32mp-2.2.r2-r0/tf-a-stm32mp-2.2.r2/../build/trusted/bl2/raw_nand.o
                0x000000002ffd8168                nand_raw_ctrl_init
 .text.nand_raw_init
                0x000000002ffd8174       0xf0 /home/ming/tf-a-stm32mp-2.2.r2-r0/tf-a-stm32mp-2.2.r2/../build/trusted/bl2/raw_nand.o
                0x000000002ffd8174                nand_raw_init
 .text.fdt32_to_cpu
                0x000000002ffd8264        0x4 /home/ming/tf-a-stm32mp-2.2.r2-r0/tf-a-stm32mp-2.2.r2/../build/trusted/bl2/stm32_fmc2_nand.o
 .text.stm32_fmc2_set_buswidth_16
                0x000000002ffd8268       0x20 /home/ming/tf-a-stm32mp-2.2.r2-r0/tf-a-stm32mp-2.2.r2/../build/trusted/bl2/stm32_fmc2_nand.o
 .text.stm32_fmc2_set_ecc
                0x000000002ffd8288       0x20 /home/ming/tf-a-stm32mp-2.2.r2-r0/tf-a-stm32mp-2.2.r2/../build/trusted/bl2/stm32_fmc2_nand.o
 .text.stm32_fmc2_setup
                0x000000002ffd82a8       0x6c /home/ming/tf-a-stm32mp-2.2.r2-r0/tf-a-stm32mp-2.2.r2/../build/trusted/bl2/stm32_fmc2_nand.o
 .text.stm32_fmc2_exec
                0x000000002ffd8314      0x178 /home/ming/tf-a-stm32mp-2.2.r2-r0/tf-a-stm32mp-2.2.r2/../build/trusted/bl2/stm32_fmc2_nand.o
 .text.stm32_fmc2_read_page
                0x000000002ffd848c      0x300 /home/ming/tf-a-stm32mp-2.2.r2-r0/tf-a-stm32mp-2.2.r2/../build/trusted/bl2/stm32_fmc2_nand.o
 .text.stm32_fmc2_init
                0x000000002ffd878c      0x498 /home/ming/tf-a-stm32mp-2.2.r2-r0/tf-a-stm32mp-2.2.r2/../build/trusted/bl2/stm32_fmc2_nand.o
                0x000000002ffd878c                stm32_fmc2_init
 .text.spi_nand_reg
                0x000000002ffd8c24       0x4a /home/ming/tf-a-stm32mp-2.2.r2-r0/tf-a-stm32mp-2.2.r2/../build/trusted/bl2/spi_nand.o
 *fill*         0x000000002ffd8c6e        0x2 
 .text.spi_nand_load_page
                0x000000002ffd8c70       0x54 /home/ming/tf-a-stm32mp-2.2.r2-r0/tf-a-stm32mp-2.2.r2/../build/trusted/bl2/spi_nand.o
 .text.spi_nand_read_from_cache
                0x000000002ffd8cc4       0x50 /home/ming/tf-a-stm32mp-2.2.r2-r0/tf-a-stm32mp-2.2.r2/../build/trusted/bl2/spi_nand.o
 .text.spi_nand_update_cfg
                0x000000002ffd8d14       0x38 /home/ming/tf-a-stm32mp-2.2.r2-r0/tf-a-stm32mp-2.2.r2/../build/trusted/bl2/spi_nand.o
 .text.spi_nand_wait_ready
                0x000000002ffd8d4c       0x58 /home/ming/tf-a-stm32mp-2.2.r2-r0/tf-a-stm32mp-2.2.r2/../build/trusted/bl2/spi_nand.o
 .text.spi_nand_mtd_read_page
                0x000000002ffd8da4       0x4c /home/ming/tf-a-stm32mp-2.2.r2-r0/tf-a-stm32mp-2.2.r2/../build/trusted/bl2/spi_nand.o
 .text.spi_nand_mtd_block_is_bad
                0x000000002ffd8df0       0x64 /home/ming/tf-a-stm32mp-2.2.r2-r0/tf-a-stm32mp-2.2.r2/../build/trusted/bl2/spi_nand.o
 .text.spi_nand_init
                0x000000002ffd8e54       0xf8 /home/ming/tf-a-stm32mp-2.2.r2-r0/tf-a-stm32mp-2.2.r2/../build/trusted/bl2/spi_nand.o
                0x000000002ffd8e54                spi_nand_init
 .text.spi_nor_reg
                0x000000002ffd8f4c       0x32 /home/ming/tf-a-stm32mp-2.2.r2-r0/tf-a-stm32mp-2.2.r2/../build/trusted/bl2/spi_nor.o
 .text.spi_nor_write_en
                0x000000002ffd8f7e        0xc /home/ming/tf-a-stm32mp-2.2.r2-r0/tf-a-stm32mp-2.2.r2/../build/trusted/bl2/spi_nor.o
 .text.spi_nor_read_sr
                0x000000002ffd8f8a        0xc /home/ming/tf-a-stm32mp-2.2.r2-r0/tf-a-stm32mp-2.2.r2/../build/trusted/bl2/spi_nor.o
 *fill*         0x000000002ffd8f96        0x2 
 .text.spi_nor_clean_bar
                0x000000002ffd8f98       0x30 /home/ming/tf-a-stm32mp-2.2.r2-r0/tf-a-stm32mp-2.2.r2/../build/trusted/bl2/spi_nor.o
 .text.spi_nor_wait_ready
                0x000000002ffd8fc8       0x80 /home/ming/tf-a-stm32mp-2.2.r2-r0/tf-a-stm32mp-2.2.r2/../build/trusted/bl2/spi_nor.o
 .text.spi_nor_read
                0x000000002ffd9048       0xb8 /home/ming/tf-a-stm32mp-2.2.r2-r0/tf-a-stm32mp-2.2.r2/../build/trusted/bl2/spi_nor.o
                0x000000002ffd9048                spi_nor_read
 .text.spi_nor_init
                0x000000002ffd9100      0x18c /home/ming/tf-a-stm32mp-2.2.r2-r0/tf-a-stm32mp-2.2.r2/../build/trusted/bl2/spi_nor.o
                0x000000002ffd9100                spi_nor_init
 .text.fdt32_to_cpu
                0x000000002ffd928c        0x4 /home/ming/tf-a-stm32mp-2.2.r2-r0/tf-a-stm32mp-2.2.r2/../build/trusted/bl2/spi_mem.o
 .text.spi_mem_check_buswidth_req
                0x000000002ffd9290       0x40 /home/ming/tf-a-stm32mp-2.2.r2-r0/tf-a-stm32mp-2.2.r2/../build/trusted/bl2/spi_mem.o
 .text.spi_mem_exec_op
                0x000000002ffd92d0       0x7c /home/ming/tf-a-stm32mp-2.2.r2-r0/tf-a-stm32mp-2.2.r2/../build/trusted/bl2/spi_mem.o
                0x000000002ffd92d0                spi_mem_exec_op
 .text.spi_mem_init_slave
                0x000000002ffd934c      0x1d8 /home/ming/tf-a-stm32mp-2.2.r2-r0/tf-a-stm32mp-2.2.r2/../build/trusted/bl2/spi_mem.o
                0x000000002ffd934c                spi_mem_init_slave
 .text.stm32_qspi_read_fifo
                0x000000002ffd9524        0x6 /home/ming/tf-a-stm32mp-2.2.r2-r0/tf-a-stm32mp-2.2.r2/../build/trusted/bl2/stm32_qspi.o
 .text.stm32_qspi_write_fifo
                0x000000002ffd952a        0x6 /home/ming/tf-a-stm32mp-2.2.r2-r0/tf-a-stm32mp-2.2.r2/../build/trusted/bl2/stm32_qspi.o
 .text.stm32_qspi_claim_bus
                0x000000002ffd9530       0x28 /home/ming/tf-a-stm32mp-2.2.r2-r0/tf-a-stm32mp-2.2.r2/../build/trusted/bl2/stm32_qspi.o
 .text.stm32_qspi_release_bus
                0x000000002ffd9558       0x14 /home/ming/tf-a-stm32mp-2.2.r2-r0/tf-a-stm32mp-2.2.r2/../build/trusted/bl2/stm32_qspi.o
 .text.stm32_qspi_wait_for_not_busy
                0x000000002ffd956c       0x58 /home/ming/tf-a-stm32mp-2.2.r2-r0/tf-a-stm32mp-2.2.r2/../build/trusted/bl2/stm32_qspi.o
 .text.stm32_qspi_set_mode
                0x000000002ffd95c4       0x3c /home/ming/tf-a-stm32mp-2.2.r2-r0/tf-a-stm32mp-2.2.r2/../build/trusted/bl2/stm32_qspi.o
 .text.stm32_qspi_set_speed
                0x000000002ffd9600       0x74 /home/ming/tf-a-stm32mp-2.2.r2-r0/tf-a-stm32mp-2.2.r2/../build/trusted/bl2/stm32_qspi.o
 .text.stm32_qspi_exec_op
                0x000000002ffd9674      0x244 /home/ming/tf-a-stm32mp-2.2.r2-r0/tf-a-stm32mp-2.2.r2/../build/trusted/bl2/stm32_qspi.o
 .text.stm32_qspi_init
                0x000000002ffd98b8       0xd0 /home/ming/tf-a-stm32mp-2.2.r2-r0/tf-a-stm32mp-2.2.r2/../build/trusted/bl2/stm32_qspi.o
                0x000000002ffd98b8                stm32_qspi_init
 .text.nand_read
                0x000000002ffd9988      0x114 /home/ming/tf-a-stm32mp-2.2.r2-r0/tf-a-stm32mp-2.2.r2/../build/trusted/bl2/core.o
                0x000000002ffd9988                nand_read
 .text.get_nand_device
                0x000000002ffd9a9c        0x8 /home/ming/tf-a-stm32mp-2.2.r2-r0/tf-a-stm32mp-2.2.r2/../build/trusted/bl2/core.o
                0x000000002ffd9a9c                get_nand_device
 .text.get_data_from_otp
                0x000000002ffd9aa4       0xe4 /home/ming/tf-a-stm32mp-2.2.r2-r0/tf-a-stm32mp-2.2.r2/../build/trusted/bl2/stm32mp1_boot_device.o
 .text.plat_get_raw_nand_data
                0x000000002ffd9b88       0x10 /home/ming/tf-a-stm32mp-2.2.r2-r0/tf-a-stm32mp-2.2.r2/../build/trusted/bl2/stm32mp1_boot_device.o
                0x000000002ffd9b88                plat_get_raw_nand_data
 .text.plat_get_spi_nand_data
                0x000000002ffd9b98       0x32 /home/ming/tf-a-stm32mp-2.2.r2-r0/tf-a-stm32mp-2.2.r2/../build/trusted/bl2/stm32mp1_boot_device.o
                0x000000002ffd9b98                plat_get_spi_nand_data
 .text.plat_get_nor_data
                0x000000002ffd9bca       0x2c /home/ming/tf-a-stm32mp-2.2.r2-r0/tf-a-stm32mp-2.2.r2/../build/trusted/bl2/stm32mp1_boot_device.o
                0x000000002ffd9bca                plat_get_nor_data
 *fill*         0x000000002ffd9bf6        0x2 
 .text.set_reg  0x000000002ffd9bf8       0x50 /home/ming/tf-a-stm32mp-2.2.r2-r0/tf-a-stm32mp-2.2.r2/../build/trusted/bl2/stm32mp1_ddr.o
 .text.board_ddr_power_init
                0x000000002ffd9c48       0x1a /home/ming/tf-a-stm32mp-2.2.r2-r0/tf-a-stm32mp-2.2.r2/../build/trusted/bl2/stm32mp1_ddr.o
 .text.stm32mp1_mode_register_write.isra.0
                0x000000002ffd9c62       0x22 /home/ming/tf-a-stm32mp-2.2.r2-r0/tf-a-stm32mp-2.2.r2/../build/trusted/bl2/stm32mp1_ddr.o
 .text.stm32mp1_wait_sw_done_ack
                0x000000002ffd9c84       0x54 /home/ming/tf-a-stm32mp-2.2.r2-r0/tf-a-stm32mp-2.2.r2/../build/trusted/bl2/stm32mp1_ddr.o
 .text.stm32mp1_wait_operating_mode.isra.2
                0x000000002ffd9cd8       0x6c /home/ming/tf-a-stm32mp-2.2.r2-r0/tf-a-stm32mp-2.2.r2/../build/trusted/bl2/stm32mp1_ddr.o
 .text.stm32mp1_ddrphy_idone_wait
                0x000000002ffd9d44       0x68 /home/ming/tf-a-stm32mp-2.2.r2-r0/tf-a-stm32mp-2.2.r2/../build/trusted/bl2/stm32mp1_ddr.o
 .text.stm32mp1_ddr_init
                0x000000002ffd9dac      0x4dc /home/ming/tf-a-stm32mp-2.2.r2-r0/tf-a-stm32mp-2.2.r2/../build/trusted/bl2/stm32mp1_ddr.o
                0x000000002ffd9dac                stm32mp1_ddr_init
 .text.stm32mp1_ddr_setup
                0x000000002ffda288      0x370 /home/ming/tf-a-stm32mp-2.2.r2-r0/tf-a-stm32mp-2.2.r2/../build/trusted/bl2/stm32mp1_ram.o
 .text.stm32mp1_ddr_clk_enable
                0x000000002ffda5f8       0x44 /home/ming/tf-a-stm32mp-2.2.r2-r0/tf-a-stm32mp-2.2.r2/../build/trusted/bl2/stm32mp1_ram.o
                0x000000002ffda5f8                stm32mp1_ddr_clk_enable
 .text.stm32mp1_ddr_probe
                0x000000002ffda63c       0x3c /home/ming/tf-a-stm32mp-2.2.r2-r0/tf-a-stm32mp-2.2.r2/../build/trusted/bl2/stm32mp1_ram.o
                0x000000002ffda63c                stm32mp1_ddr_probe
 .text.flush_bl_params_desc_args
                0x000000002ffda678       0x34 /home/ming/tf-a-stm32mp-2.2.r2-r0/tf-a-stm32mp-2.2.r2/../build/trusted/bl2/desc_image_load.o
                0x000000002ffda678                flush_bl_params_desc_args
 .text.flush_bl_params_desc
                0x000000002ffda6ac       0x1c /home/ming/tf-a-stm32mp-2.2.r2-r0/tf-a-stm32mp-2.2.r2/../build/trusted/bl2/desc_image_load.o
                0x000000002ffda6ac                flush_bl_params_desc
 .text.get_bl_params_node_index
                0x000000002ffda6c8       0x44 /home/ming/tf-a-stm32mp-2.2.r2-r0/tf-a-stm32mp-2.2.r2/../build/trusted/bl2/desc_image_load.o
                0x000000002ffda6c8                get_bl_params_node_index
 .text.get_bl_mem_params_node
                0x000000002ffda70c       0x30 /home/ming/tf-a-stm32mp-2.2.r2-r0/tf-a-stm32mp-2.2.r2/../build/trusted/bl2/desc_image_load.o
                0x000000002ffda70c                get_bl_mem_params_node
 .text.get_bl_load_info_from_mem_params_desc
                0x000000002ffda73c       0x54 /home/ming/tf-a-stm32mp-2.2.r2-r0/tf-a-stm32mp-2.2.r2/../build/trusted/bl2/desc_image_load.o
                0x000000002ffda73c                get_bl_load_info_from_mem_params_desc
 .text.get_next_bl_params_from_mem_params_desc
                0x000000002ffda790       0xbc /home/ming/tf-a-stm32mp-2.2.r2-r0/tf-a-stm32mp-2.2.r2/../build/trusted/bl2/desc_image_load.o
                0x000000002ffda790                get_next_bl_params_from_mem_params_desc
 .text.plat_flush_next_bl_params
                0x000000002ffda84c        0x4 /home/ming/tf-a-stm32mp-2.2.r2-r0/tf-a-stm32mp-2.2.r2/../build/trusted/bl2/plat_image_load.o
                0x000000002ffda84c                plat_flush_next_bl_params
 .text.plat_get_bl_image_load_info
                0x000000002ffda850       0x90 /home/ming/tf-a-stm32mp-2.2.r2-r0/tf-a-stm32mp-2.2.r2/../build/trusted/bl2/plat_image_load.o
                0x000000002ffda850                plat_get_bl_image_load_info
 .text.plat_get_next_bl_params
                0x000000002ffda8e0        0x4 /home/ming/tf-a-stm32mp-2.2.r2-r0/tf-a-stm32mp-2.2.r2/../build/trusted/bl2/plat_image_load.o
                0x000000002ffda8e0                plat_get_next_bl_params
 .text.bl2_load_images
                0x000000002ffda8e4      0x110 /home/ming/tf-a-stm32mp-2.2.r2-r0/tf-a-stm32mp-2.2.r2/../build/trusted/bl2/bl2_image_load_v2.o
                0x000000002ffda8e4                bl2_load_images
 .text.bl2_el3_setup
                0x000000002ffda9f4        0xe /home/ming/tf-a-stm32mp-2.2.r2-r0/tf-a-stm32mp-2.2.r2/../build/trusted/bl2/bl2_main.o
                0x000000002ffda9f4                bl2_el3_setup
 *fill*         0x000000002ffdaa02        0x2 
 .text.bl2_main
                0x000000002ffdaa04       0x50 /home/ming/tf-a-stm32mp-2.2.r2-r0/tf-a-stm32mp-2.2.r2/../build/trusted/bl2/bl2_main.o
                0x000000002ffdaa04                bl2_main
 .text.bl2_arch_setup
                0x000000002ffdaa54        0x2 /home/ming/tf-a-stm32mp-2.2.r2-r0/tf-a-stm32mp-2.2.r2/../build/trusted/bl2/bl2_arch_setup.o
                0x000000002ffdaa54                bl2_arch_setup
 *fill*         0x000000002ffdaa56        0x2 
 .text.load_auth_image_internal
                0x000000002ffdaa58      0x138 /home/ming/tf-a-stm32mp-2.2.r2-r0/tf-a-stm32mp-2.2.r2/../build/trusted/bl2/bl_common.o
 .text.load_auth_image
                0x000000002ffdab90       0x22 /home/ming/tf-a-stm32mp-2.2.r2-r0/tf-a-stm32mp-2.2.r2/../build/trusted/bl2/bl_common.o
                0x000000002ffdab90                load_auth_image
 *fill*         0x000000002ffdabb2        0x2 
 .text.print_entry_point_info
                0x000000002ffdabb4       0x20 /home/ming/tf-a-stm32mp-2.2.r2-r0/tf-a-stm32mp-2.2.r2/../build/trusted/bl2/bl_common.o
                0x000000002ffdabb4                print_entry_point_info
 .text.tf_log   0x000000002ffdabd4       0x5c /home/ming/tf-a-stm32mp-2.2.r2-r0/tf-a-stm32mp-2.2.r2/../build/trusted/bl2/tf_log.o
                0x000000002ffdabd4                tf_log
 .text.console_is_registered
                0x000000002ffdac30       0x28 /home/ming/tf-a-stm32mp-2.2.r2-r0/tf-a-stm32mp-2.2.r2/../build/trusted/bl2/multi_console.o
                0x000000002ffdac30                console_is_registered
 .text.console_register
                0x000000002ffdac58       0x40 /home/ming/tf-a-stm32mp-2.2.r2-r0/tf-a-stm32mp-2.2.r2/../build/trusted/bl2/multi_console.o
                0x000000002ffdac58                console_register
 .text.console_set_scope
                0x000000002ffdac98       0x1c /home/ming/tf-a-stm32mp-2.2.r2-r0/tf-a-stm32mp-2.2.r2/../build/trusted/bl2/multi_console.o
                0x000000002ffdac98                console_set_scope
 .text.console_putc
                0x000000002ffdacb4       0x58 /home/ming/tf-a-stm32mp-2.2.r2-r0/tf-a-stm32mp-2.2.r2/../build/trusted/bl2/multi_console.o
                0x000000002ffdacb4                console_putc
 .text.console_flush
                0x000000002ffdad0c       0x40 /home/ming/tf-a-stm32mp-2.2.r2-r0/tf-a-stm32mp-2.2.r2/../build/trusted/bl2/multi_console.o
                0x000000002ffdad0c                console_flush
 .text.bl2_el3_plat_prepare_exit
                0x000000002ffdad4c        0x2 /home/ming/tf-a-stm32mp-2.2.r2-r0/tf-a-stm32mp-2.2.r2/../build/trusted/bl2/plat_bl_common.o
                0x000000002ffdad4c                bl2_el3_plat_prepare_exit
 .text.plat_error_handler
                0x000000002ffdad4e        0x4 /home/ming/tf-a-stm32mp-2.2.r2-r0/tf-a-stm32mp-2.2.r2/../build/trusted/bl2/plat_bl_common.o
                0x000000002ffdad4e                plat_error_handler
 .text.bl2_plat_preload_setup
                0x000000002ffdad52        0x2 /home/ming/tf-a-stm32mp-2.2.r2-r0/tf-a-stm32mp-2.2.r2/../build/trusted/bl2/plat_bl_common.o
                0x000000002ffdad52                bl2_plat_preload_setup
 .text.bl2_plat_handle_pre_image_load
                0x000000002ffdad54        0x4 /home/ming/tf-a-stm32mp-2.2.r2-r0/tf-a-stm32mp-2.2.r2/../build/trusted/bl2/plat_bl_common.o
                0x000000002ffdad54                bl2_plat_handle_pre_image_load
 .text.plat_log_get_prefix
                0x000000002ffdad58       0x24 /home/ming/tf-a-stm32mp-2.2.r2-r0/tf-a-stm32mp-2.2.r2/../build/trusted/bl2/plat_log_common.o
                0x000000002ffdad58                plat_log_get_prefix
 .text.__popcountsi2
                0x000000002ffdad7c       0x2a /home/ming/tf-a-stm32mp-2.2.r2-r0/tf-a-stm32mp-2.2.r2/../build/trusted/bl2/popcountsi2.o
                0x000000002ffdad7c                __popcountsi2
 .text.__ctzdi2
                0x000000002ffdada6       0x20 /home/ming/tf-a-stm32mp-2.2.r2-r0/tf-a-stm32mp-2.2.r2/../build/trusted/bl2/ctzdi2.o
                0x000000002ffdada6                __ctzdi2
 .text.__udivmoddi4
                0x000000002ffdadc6      0x190 /home/ming/tf-a-stm32mp-2.2.r2-r0/tf-a-stm32mp-2.2.r2/../build/trusted/bl2/udivmoddi4.o
                0x000000002ffdadc6                __udivmoddi4
 .text.plat_get_syscnt_freq2
                0x000000002ffdaf56        0x6 /home/ming/tf-a-stm32mp-2.2.r2-r0/tf-a-stm32mp-2.2.r2/../build/trusted/bl2/stm32mp_common.o
                0x000000002ffdaf56                plat_get_syscnt_freq2
 .text.stm32mp_save_boot_ctx_address
                0x000000002ffdaf5c        0xc /home/ming/tf-a-stm32mp-2.2.r2-r0/tf-a-stm32mp-2.2.r2/../build/trusted/bl2/stm32mp_common.o
                0x000000002ffdaf5c                stm32mp_save_boot_ctx_address
 .text.stm32mp_get_boot_ctx_address
                0x000000002ffdaf68        0xc /home/ming/tf-a-stm32mp-2.2.r2-r0/tf-a-stm32mp-2.2.r2/../build/trusted/bl2/stm32mp_common.o
                0x000000002ffdaf68                stm32mp_get_boot_ctx_address
 .text.stm32mp_ddrctrl_base
                0x000000002ffdaf74        0x8 /home/ming/tf-a-stm32mp-2.2.r2-r0/tf-a-stm32mp-2.2.r2/../build/trusted/bl2/stm32mp_common.o
                0x000000002ffdaf74                stm32mp_ddrctrl_base
 .text.stm32mp_ddrphyc_base
                0x000000002ffdaf7c        0x8 /home/ming/tf-a-stm32mp-2.2.r2-r0/tf-a-stm32mp-2.2.r2/../build/trusted/bl2/stm32mp_common.o
                0x000000002ffdaf7c                stm32mp_ddrphyc_base
 .text.stm32mp_pwr_base
                0x000000002ffdaf84        0x8 /home/ming/tf-a-stm32mp-2.2.r2-r0/tf-a-stm32mp-2.2.r2/../build/trusted/bl2/stm32mp_common.o
                0x000000002ffdaf84                stm32mp_pwr_base
 .text.stm32mp_rcc_base
                0x000000002ffdaf8c        0x6 /home/ming/tf-a-stm32mp-2.2.r2-r0/tf-a-stm32mp-2.2.r2/../build/trusted/bl2/stm32mp_common.o
                0x000000002ffdaf8c                stm32mp_rcc_base
 .text.stm32mp_lock_available
                0x000000002ffdaf92       0x10 /home/ming/tf-a-stm32mp-2.2.r2-r0/tf-a-stm32mp-2.2.r2/../build/trusted/bl2/stm32mp_common.o
                0x000000002ffdaf92                stm32mp_lock_available
 *fill*         0x000000002ffdafa2        0x2 
 .text.stm32_get_gpio_bank_base
                0x000000002ffdafa4       0x28 /home/ming/tf-a-stm32mp-2.2.r2-r0/tf-a-stm32mp-2.2.r2/../build/trusted/bl2/stm32mp_common.o
                0x000000002ffdafa4                stm32_get_gpio_bank_base
 .text.stm32_get_gpio_bank_offset
                0x000000002ffdafcc       0x20 /home/ming/tf-a-stm32mp-2.2.r2-r0/tf-a-stm32mp-2.2.r2/../build/trusted/bl2/stm32mp_common.o
                0x000000002ffdafcc                stm32_get_gpio_bank_offset
 .text.stm32mp_check_header
                0x000000002ffdafec       0xc0 /home/ming/tf-a-stm32mp-2.2.r2-r0/tf-a-stm32mp-2.2.r2/../build/trusted/bl2/stm32mp_common.o
                0x000000002ffdafec                stm32mp_check_header
 .text.stm32mp_get_cpu_supply_name
                0x000000002ffdb0ac       0x2e /home/ming/tf-a-stm32mp-2.2.r2-r0/tf-a-stm32mp-2.2.r2/../build/trusted/bl2/stm32mp_common.o
                0x000000002ffdb0ac                stm32mp_get_cpu_supply_name
 *fill*         0x000000002ffdb0da        0x2 
 .text.stm32mp_save_loaded_header
                0x000000002ffdb0dc       0x1c /home/ming/tf-a-stm32mp-2.2.r2-r0/tf-a-stm32mp-2.2.r2/../build/trusted/bl2/stm32mp_common.o
                0x000000002ffdb0dc                stm32mp_save_loaded_header
 .text.stm32mp_delete_loaded_header
                0x000000002ffdb0f8       0x1c /home/ming/tf-a-stm32mp-2.2.r2-r0/tf-a-stm32mp-2.2.r2/../build/trusted/bl2/stm32mp_common.o
                0x000000002ffdb0f8                stm32mp_delete_loaded_header
 .text.stm32mp_get_loaded_header
                0x000000002ffdb114       0x1c /home/ming/tf-a-stm32mp-2.2.r2-r0/tf-a-stm32mp-2.2.r2/../build/trusted/bl2/stm32mp_common.o
                0x000000002ffdb114                stm32mp_get_loaded_header
 .text.configure_mmu
                0x000000002ffdb130       0x1c /home/ming/tf-a-stm32mp-2.2.r2-r0/tf-a-stm32mp-2.2.r2/../build/trusted/bl2/stm32mp1_private.o
                0x000000002ffdb130                configure_mmu
 .text.stm32_get_gpio_bank_clock
                0x000000002ffdb14c       0x20 /home/ming/tf-a-stm32mp-2.2.r2-r0/tf-a-stm32mp-2.2.r2/../build/trusted/bl2/stm32mp1_private.o
                0x000000002ffdb14c                stm32_get_gpio_bank_clock
 .text.stm32_get_otp_index
                0x000000002ffdb16c       0x28 /home/ming/tf-a-stm32mp-2.2.r2-r0/tf-a-stm32mp-2.2.r2/../build/trusted/bl2/stm32mp1_private.o
                0x000000002ffdb16c                stm32_get_otp_index
 .text.stm32_get_otp_value_from_idx
                0x000000002ffdb194       0x30 /home/ming/tf-a-stm32mp-2.2.r2-r0/tf-a-stm32mp-2.2.r2/../build/trusted/bl2/stm32mp1_private.o
                0x000000002ffdb194                stm32_get_otp_value_from_idx
 .text.stm32_get_otp_value
                0x000000002ffdb1c4       0x48 /home/ming/tf-a-stm32mp-2.2.r2-r0/tf-a-stm32mp-2.2.r2/../build/trusted/bl2/stm32mp1_private.o
                0x000000002ffdb1c4                stm32_get_otp_value
 .text.get_part_number
                0x000000002ffdb20c       0x4c /home/ming/tf-a-stm32mp-2.2.r2-r0/tf-a-stm32mp-2.2.r2/../build/trusted/bl2/stm32mp1_private.o
 .text.stm32mp_supports_cpu_opp
                0x000000002ffdb258       0x40 /home/ming/tf-a-stm32mp-2.2.r2-r0/tf-a-stm32mp-2.2.r2/../build/trusted/bl2/stm32mp1_private.o
                0x000000002ffdb258                stm32mp_supports_cpu_opp
 .text.stm32mp_print_cpuinfo
                0x000000002ffdb298      0x148 /home/ming/tf-a-stm32mp-2.2.r2-r0/tf-a-stm32mp-2.2.r2/../build/trusted/bl2/stm32mp1_private.o
                0x000000002ffdb298                stm32mp_print_cpuinfo
 .text.stm32mp_print_boardinfo
                0x000000002ffdb3e0       0x4c /home/ming/tf-a-stm32mp-2.2.r2-r0/tf-a-stm32mp-2.2.r2/../build/trusted/bl2/stm32mp1_private.o
                0x000000002ffdb3e0                stm32mp_print_boardinfo
 .text.stm32mp_is_closed_device
                0x000000002ffdb42c       0x20 /home/ming/tf-a-stm32mp-2.2.r2-r0/tf-a-stm32mp-2.2.r2/../build/trusted/bl2/stm32mp1_private.o
                0x000000002ffdb42c                stm32mp_is_closed_device
 .text.stm32mp_is_auth_supported
                0x000000002ffdb44c       0x3c /home/ming/tf-a-stm32mp-2.2.r2-r0/tf-a-stm32mp-2.2.r2/../build/trusted/bl2/stm32mp1_private.o
                0x000000002ffdb44c                stm32mp_is_auth_supported
 .text.stm32_iwdg_get_instance
                0x000000002ffdb488       0x28 /home/ming/tf-a-stm32mp-2.2.r2-r0/tf-a-stm32mp-2.2.r2/../build/trusted/bl2/stm32mp1_private.o
                0x000000002ffdb488                stm32_iwdg_get_instance
 .text.stm32_iwdg_get_otp_config
                0x000000002ffdb4b0       0x50 /home/ming/tf-a-stm32mp-2.2.r2-r0/tf-a-stm32mp-2.2.r2/../build/trusted/bl2/stm32mp1_private.o
                0x000000002ffdb4b0                stm32_iwdg_get_otp_config
 .text.stm32_iwdg_shadow_update
                0x000000002ffdb500       0x70 /home/ming/tf-a-stm32mp-2.2.r2-r0/tf-a-stm32mp-2.2.r2/../build/trusted/bl2/stm32mp1_private.o
                0x000000002ffdb500                stm32_iwdg_shadow_update
 .text.plat_bind_regulator
                0x000000002ffdb570       0x50 /home/ming/tf-a-stm32mp-2.2.r2-r0/tf-a-stm32mp-2.2.r2/../build/trusted/bl2/stm32mp1_private.o
                0x000000002ffdb570                plat_bind_regulator
 .text.xlat_arch_get_max_supported_pa
                0x000000002ffdb5c0        0x8 /home/ming/tf-a-stm32mp-2.2.r2-r0/tf-a-stm32mp-2.2.r2/../build/trusted/bl2/xlat_tables_arch.o
                0x000000002ffdb5c0                xlat_arch_get_max_supported_pa
 .text.xlat_get_min_virt_addr_space_size
                0x000000002ffdb5c8        0x6 /home/ming/tf-a-stm32mp-2.2.r2-r0/tf-a-stm32mp-2.2.r2/../build/trusted/bl2/xlat_tables_arch.o
                0x000000002ffdb5c8                xlat_get_min_virt_addr_space_size
 .text.is_dcache_enabled
                0x000000002ffdb5ce       0x1c /home/ming/tf-a-stm32mp-2.2.r2-r0/tf-a-stm32mp-2.2.r2/../build/trusted/bl2/xlat_tables_arch.o
                0x000000002ffdb5ce                is_dcache_enabled
 *fill*         0x000000002ffdb5ea        0x2 
 .text.xlat_arch_regime_get_xn_desc
                0x000000002ffdb5ec       0x28 /home/ming/tf-a-stm32mp-2.2.r2-r0/tf-a-stm32mp-2.2.r2/../build/trusted/bl2/xlat_tables_arch.o
                0x000000002ffdb5ec                xlat_arch_regime_get_xn_desc
 .text.xlat_arch_tlbi_va
                0x000000002ffdb614       0x30 /home/ming/tf-a-stm32mp-2.2.r2-r0/tf-a-stm32mp-2.2.r2/../build/trusted/bl2/xlat_tables_arch.o
                0x000000002ffdb614                xlat_arch_tlbi_va
 .text.xlat_arch_tlbi_va_sync
                0x000000002ffdb644       0x10 /home/ming/tf-a-stm32mp-2.2.r2-r0/tf-a-stm32mp-2.2.r2/../build/trusted/bl2/xlat_tables_arch.o
                0x000000002ffdb644                xlat_arch_tlbi_va_sync
 .text.xlat_arch_current_el
                0x000000002ffdb654       0x3c /home/ming/tf-a-stm32mp-2.2.r2-r0/tf-a-stm32mp-2.2.r2/../build/trusted/bl2/xlat_tables_arch.o
                0x000000002ffdb654                xlat_arch_current_el
 .text.is_mmu_enabled_ctx
                0x000000002ffdb690       0x40 /home/ming/tf-a-stm32mp-2.2.r2-r0/tf-a-stm32mp-2.2.r2/../build/trusted/bl2/xlat_tables_arch.o
                0x000000002ffdb690                is_mmu_enabled_ctx
 .text.setup_mmu_cfg
                0x000000002ffdb6d0       0xac /home/ming/tf-a-stm32mp-2.2.r2-r0/tf-a-stm32mp-2.2.r2/../build/trusted/bl2/xlat_tables_arch.o
                0x000000002ffdb6d0                setup_mmu_cfg
 .text.mmap_add_region
                0x000000002ffdb77c       0x28 /home/ming/tf-a-stm32mp-2.2.r2-r0/tf-a-stm32mp-2.2.r2/../build/trusted/bl2/xlat_tables_context.o
                0x000000002ffdb77c                mmap_add_region
 .text.mmap_add
                0x000000002ffdb7a4        0xc /home/ming/tf-a-stm32mp-2.2.r2-r0/tf-a-stm32mp-2.2.r2/../build/trusted/bl2/xlat_tables_context.o
                0x000000002ffdb7a4                mmap_add
 .text.mmap_add_dynamic_region
                0x000000002ffdb7b0       0x28 /home/ming/tf-a-stm32mp-2.2.r2-r0/tf-a-stm32mp-2.2.r2/../build/trusted/bl2/xlat_tables_context.o
                0x000000002ffdb7b0                mmap_add_dynamic_region
 .text.mmap_remove_dynamic_region
                0x000000002ffdb7d8       0x10 /home/ming/tf-a-stm32mp-2.2.r2-r0/tf-a-stm32mp-2.2.r2/../build/trusted/bl2/xlat_tables_context.o
                0x000000002ffdb7d8                mmap_remove_dynamic_region
 .text.init_xlat_tables
                0x000000002ffdb7e8       0x3c /home/ming/tf-a-stm32mp-2.2.r2-r0/tf-a-stm32mp-2.2.r2/../build/trusted/bl2/xlat_tables_context.o
                0x000000002ffdb7e8                init_xlat_tables
 .text.enable_mmu_svc_mon
                0x000000002ffdb824       0x34 /home/ming/tf-a-stm32mp-2.2.r2-r0/tf-a-stm32mp-2.2.r2/../build/trusted/bl2/xlat_tables_context.o
                0x000000002ffdb824                enable_mmu_svc_mon
 .text.mmap_add_region_check
                0x000000002ffdb858      0x15c /home/ming/tf-a-stm32mp-2.2.r2-r0/tf-a-stm32mp-2.2.r2/../build/trusted/bl2/xlat_tables_core.o
 .text.xlat_clean_dcache_range
                0x000000002ffdb9b4       0x1a /home/ming/tf-a-stm32mp-2.2.r2-r0/tf-a-stm32mp-2.2.r2/../build/trusted/bl2/xlat_tables_core.o
 *fill*         0x000000002ffdb9ce        0x2 
 .text.xlat_table_get_index
                0x000000002ffdb9d0       0x28 /home/ming/tf-a-stm32mp-2.2.r2-r0/tf-a-stm32mp-2.2.r2/../build/trusted/bl2/xlat_tables_core.o
 .text.xlat_tables_unmap_region
                0x000000002ffdb9f8      0x154 /home/ming/tf-a-stm32mp-2.2.r2-r0/tf-a-stm32mp-2.2.r2/../build/trusted/bl2/xlat_tables_core.o
 .text.xlat_desc
                0x000000002ffdbb4c       0xb0 /home/ming/tf-a-stm32mp-2.2.r2-r0/tf-a-stm32mp-2.2.r2/../build/trusted/bl2/xlat_tables_core.o
                0x000000002ffdbb4c                xlat_desc
 .text.xlat_tables_map_region
                0x000000002ffdbbfc      0x1bc /home/ming/tf-a-stm32mp-2.2.r2-r0/tf-a-stm32mp-2.2.r2/../build/trusted/bl2/xlat_tables_core.o
 .text.mmap_add_region_ctx
                0x000000002ffdbdb8       0xf0 /home/ming/tf-a-stm32mp-2.2.r2-r0/tf-a-stm32mp-2.2.r2/../build/trusted/bl2/xlat_tables_core.o
                0x000000002ffdbdb8                mmap_add_region_ctx
 .text.mmap_add_ctx
                0x000000002ffdbea8       0x18 /home/ming/tf-a-stm32mp-2.2.r2-r0/tf-a-stm32mp-2.2.r2/../build/trusted/bl2/xlat_tables_core.o
                0x000000002ffdbea8                mmap_add_ctx
 .text.mmap_add_dynamic_region_ctx
                0x000000002ffdbec0      0x174 /home/ming/tf-a-stm32mp-2.2.r2-r0/tf-a-stm32mp-2.2.r2/../build/trusted/bl2/xlat_tables_core.o
                0x000000002ffdbec0                mmap_add_dynamic_region_ctx
 .text.mmap_remove_dynamic_region_ctx
                0x000000002ffdc034      0x110 /home/ming/tf-a-stm32mp-2.2.r2-r0/tf-a-stm32mp-2.2.r2/../build/trusted/bl2/xlat_tables_core.o
                0x000000002ffdc034                mmap_remove_dynamic_region_ctx
 .text.init_xlat_tables_ctx
                0x000000002ffdc144      0x154 /home/ming/tf-a-stm32mp-2.2.r2-r0/tf-a-stm32mp-2.2.r2/../build/trusted/bl2/xlat_tables_core.o
                0x000000002ffdc144                init_xlat_tables_ctx
 .text.xlat_mmap_print
                0x000000002ffdc298        0x2 /home/ming/tf-a-stm32mp-2.2.r2-r0/tf-a-stm32mp-2.2.r2/../build/trusted/bl2/xlat_tables_utils.o
                0x000000002ffdc298                xlat_mmap_print
 .text.xlat_tables_print
                0x000000002ffdc29a        0x2 /home/ming/tf-a-stm32mp-2.2.r2-r0/tf-a-stm32mp-2.2.r2/../build/trusted/bl2/xlat_tables_utils.o
                0x000000002ffdc29a                xlat_tables_print
 .text.tzc400_set_action
                0x000000002ffdc29c       0x24 /home/ming/tf-a-stm32mp-2.2.r2-r0/tf-a-stm32mp-2.2.r2/../build/trusted/bl2/tzc400.o
                0x000000002ffdc29c                tzc400_set_action
 .text.tzc400_init
                0x000000002ffdc2c0       0x5c /home/ming/tf-a-stm32mp-2.2.r2-r0/tf-a-stm32mp-2.2.r2/../build/trusted/bl2/tzc400.o
                0x000000002ffdc2c0                tzc400_init
 .text.tzc400_configure_region
                0x000000002ffdc31c       0xc4 /home/ming/tf-a-stm32mp-2.2.r2-r0/tf-a-stm32mp-2.2.r2/../build/trusted/bl2/tzc400.o
                0x000000002ffdc31c                tzc400_configure_region
 .text.tzc400_enable_filters
                0x000000002ffdc3e0       0x68 /home/ming/tf-a-stm32mp-2.2.r2-r0/tf-a-stm32mp-2.2.r2/../build/trusted/bl2/tzc400.o
                0x000000002ffdc3e0                tzc400_enable_filters
 .text.tzc400_disable_filters
                0x000000002ffdc448       0x48 /home/ming/tf-a-stm32mp-2.2.r2-r0/tf-a-stm32mp-2.2.r2/../build/trusted/bl2/tzc400.o
                0x000000002ffdc448                tzc400_disable_filters
 .text.udelay   0x000000002ffdc490       0x5c /home/ming/tf-a-stm32mp-2.2.r2-r0/tf-a-stm32mp-2.2.r2/../build/trusted/bl2/delay_timer.o
                0x000000002ffdc490                udelay
 .text.mdelay   0x000000002ffdc4ec        0xa /home/ming/tf-a-stm32mp-2.2.r2-r0/tf-a-stm32mp-2.2.r2/../build/trusted/bl2/delay_timer.o
                0x000000002ffdc4ec                mdelay
 *fill*         0x000000002ffdc4f6        0x2 
 .text.timer_init
                0x000000002ffdc4f8       0x28 /home/ming/tf-a-stm32mp-2.2.r2-r0/tf-a-stm32mp-2.2.r2/../build/trusted/bl2/delay_timer.o
                0x000000002ffdc4f8                timer_init
 .text.get_timer_value
                0x000000002ffdc520        0x8 /home/ming/tf-a-stm32mp-2.2.r2-r0/tf-a-stm32mp-2.2.r2/../build/trusted/bl2/generic_delay_timer.o
 .text.generic_delay_timer_init_args
                0x000000002ffdc528       0x18 /home/ming/tf-a-stm32mp-2.2.r2-r0/tf-a-stm32mp-2.2.r2/../build/trusted/bl2/generic_delay_timer.o
                0x000000002ffdc528                generic_delay_timer_init_args
 .text.generic_delay_timer_init
                0x000000002ffdc540       0x48 /home/ming/tf-a-stm32mp-2.2.r2-r0/tf-a-stm32mp-2.2.r2/../build/trusted/bl2/generic_delay_timer.o
                0x000000002ffdc540                generic_delay_timer_init
 .text.bsec_lock
                0x000000002ffdc588       0x18 /home/ming/tf-a-stm32mp-2.2.r2-r0/tf-a-stm32mp-2.2.r2/../build/trusted/bl2/bsec2.o
 .text.bsec_unlock
                0x000000002ffdc5a0       0x18 /home/ming/tf-a-stm32mp-2.2.r2-r0/tf-a-stm32mp-2.2.r2/../build/trusted/bl2/bsec2.o
 .text.otp_bank_offset
                0x000000002ffdc5b8       0x18 /home/ming/tf-a-stm32mp-2.2.r2-r0/tf-a-stm32mp-2.2.r2/../build/trusted/bl2/bsec2.o
 .text.bsec_check_error
                0x000000002ffdc5d0       0x34 /home/ming/tf-a-stm32mp-2.2.r2-r0/tf-a-stm32mp-2.2.r2/../build/trusted/bl2/bsec2.o
 .text.bsec_find_otp_name_in_dt
                0x000000002ffdc604      0x104 /home/ming/tf-a-stm32mp-2.2.r2-r0/tf-a-stm32mp-2.2.r2/../build/trusted/bl2/bsec2.o
                0x000000002ffdc604                bsec_find_otp_name_in_dt
 .text.bsec_read_otp
                0x000000002ffdc708       0x20 /home/ming/tf-a-stm32mp-2.2.r2-r0/tf-a-stm32mp-2.2.r2/../build/trusted/bl2/bsec2.o
                0x000000002ffdc708                bsec_read_otp
 .text.bsec_read_debug_conf
                0x000000002ffdc728        0xc /home/ming/tf-a-stm32mp-2.2.r2-r0/tf-a-stm32mp-2.2.r2/../build/trusted/bl2/bsec2.o
                0x000000002ffdc728                bsec_read_debug_conf
 .text.bsec_get_status
                0x000000002ffdc734        0xc /home/ming/tf-a-stm32mp-2.2.r2-r0/tf-a-stm32mp-2.2.r2/../build/trusted/bl2/bsec2.o
                0x000000002ffdc734                bsec_get_status
 .text.bsec_power_safmem
                0x000000002ffdc740       0x60 /home/ming/tf-a-stm32mp-2.2.r2-r0/tf-a-stm32mp-2.2.r2/../build/trusted/bl2/bsec2.o
 .text.bsec_get_version
                0x000000002ffdc7a0       0x10 /home/ming/tf-a-stm32mp-2.2.r2-r0/tf-a-stm32mp-2.2.r2/../build/trusted/bl2/bsec2.o
                0x000000002ffdc7a0                bsec_get_version
 .text.bsec_get_id
                0x000000002ffdc7b0       0x10 /home/ming/tf-a-stm32mp-2.2.r2-r0/tf-a-stm32mp-2.2.r2/../build/trusted/bl2/bsec2.o
                0x000000002ffdc7b0                bsec_get_id
 .text.bsec_probe
                0x000000002ffdc7c0       0x50 /home/ming/tf-a-stm32mp-2.2.r2-r0/tf-a-stm32mp-2.2.r2/../build/trusted/bl2/bsec2.o
                0x000000002ffdc7c0                bsec_probe
 .text.bsec_set_sr_lock
                0x000000002ffdc810       0x38 /home/ming/tf-a-stm32mp-2.2.r2-r0/tf-a-stm32mp-2.2.r2/../build/trusted/bl2/bsec2.o
                0x000000002ffdc810                bsec_set_sr_lock
 .text.bsec_read_sr_lock
                0x000000002ffdc848       0x38 /home/ming/tf-a-stm32mp-2.2.r2-r0/tf-a-stm32mp-2.2.r2/../build/trusted/bl2/bsec2.o
                0x000000002ffdc848                bsec_read_sr_lock
 .text.bsec_shadow_register
                0x000000002ffdc880       0x7c /home/ming/tf-a-stm32mp-2.2.r2-r0/tf-a-stm32mp-2.2.r2/../build/trusted/bl2/bsec2.o
                0x000000002ffdc880                bsec_shadow_register
 .text.bsec_set_sw_lock
                0x000000002ffdc8fc       0x38 /home/ming/tf-a-stm32mp-2.2.r2-r0/tf-a-stm32mp-2.2.r2/../build/trusted/bl2/bsec2.o
                0x000000002ffdc8fc                bsec_set_sw_lock
 .text.bsec_read_sw_lock
                0x000000002ffdc934       0x38 /home/ming/tf-a-stm32mp-2.2.r2-r0/tf-a-stm32mp-2.2.r2/../build/trusted/bl2/bsec2.o
                0x000000002ffdc934                bsec_read_sw_lock
 .text.bsec_write_otp
                0x000000002ffdc96c       0x44 /home/ming/tf-a-stm32mp-2.2.r2-r0/tf-a-stm32mp-2.2.r2/../build/trusted/bl2/bsec2.o
                0x000000002ffdc96c                bsec_write_otp
 .text.bsec_read_sp_lock
                0x000000002ffdc9b0       0x38 /home/ming/tf-a-stm32mp-2.2.r2-r0/tf-a-stm32mp-2.2.r2/../build/trusted/bl2/bsec2.o
                0x000000002ffdc9b0                bsec_read_sp_lock
 .text.bsec_read_permanent_lock
                0x000000002ffdc9e8       0x38 /home/ming/tf-a-stm32mp-2.2.r2-r0/tf-a-stm32mp-2.2.r2/../build/trusted/bl2/bsec2.o
                0x000000002ffdc9e8                bsec_read_permanent_lock
 .text.bsec_program_otp
                0x000000002ffdca20       0xdc /home/ming/tf-a-stm32mp-2.2.r2-r0/tf-a-stm32mp-2.2.r2/../build/trusted/bl2/bsec2.o
                0x000000002ffdca20                bsec_program_otp
 .text.bsec_shadow_read_otp
                0x000000002ffdcafc       0x3c /home/ming/tf-a-stm32mp-2.2.r2-r0/tf-a-stm32mp-2.2.r2/../build/trusted/bl2/bsec2.o
                0x000000002ffdcafc                bsec_shadow_read_otp
 .text.fdt_osc_read_freq
                0x000000002ffdcb38       0xa0 /home/ming/tf-a-stm32mp-2.2.r2-r0/tf-a-stm32mp-2.2.r2/../build/trusted/bl2/stm32mp_clkfunc.o
                0x000000002ffdcb38                fdt_osc_read_freq
 .text.fdt_osc_read_bool
                0x000000002ffdcbd8       0x74 /home/ming/tf-a-stm32mp-2.2.r2-r0/tf-a-stm32mp-2.2.r2/../build/trusted/bl2/stm32mp_clkfunc.o
                0x000000002ffdcbd8                fdt_osc_read_bool
 .text.fdt_osc_read_uint32_default
                0x000000002ffdcc4c       0x74 /home/ming/tf-a-stm32mp-2.2.r2-r0/tf-a-stm32mp-2.2.r2/../build/trusted/bl2/stm32mp_clkfunc.o
                0x000000002ffdcc4c                fdt_osc_read_uint32_default
 .text.fdt_get_rcc_node
                0x000000002ffdccc0        0xc /home/ming/tf-a-stm32mp-2.2.r2-r0/tf-a-stm32mp-2.2.r2/../build/trusted/bl2/stm32mp_clkfunc.o
                0x000000002ffdccc0                fdt_get_rcc_node
 .text.fdt_rcc_read_uint32_array
                0x000000002ffdcccc       0x24 /home/ming/tf-a-stm32mp-2.2.r2-r0/tf-a-stm32mp-2.2.r2/../build/trusted/bl2/stm32mp_clkfunc.o
                0x000000002ffdcccc                fdt_rcc_read_uint32_array
 .text.fdt_rcc_subnode_offset
                0x000000002ffdccf0       0x2e /home/ming/tf-a-stm32mp-2.2.r2-r0/tf-a-stm32mp-2.2.r2/../build/trusted/bl2/stm32mp_clkfunc.o
                0x000000002ffdccf0                fdt_rcc_subnode_offset
 .text.fdt_rcc_read_prop
                0x000000002ffdcd1e       0x30 /home/ming/tf-a-stm32mp-2.2.r2-r0/tf-a-stm32mp-2.2.r2/../build/trusted/bl2/stm32mp_clkfunc.o
                0x000000002ffdcd1e                fdt_rcc_read_prop
 .text.fdt_get_rcc_secure_status
                0x000000002ffdcd4e       0x18 /home/ming/tf-a-stm32mp-2.2.r2-r0/tf-a-stm32mp-2.2.r2/../build/trusted/bl2/stm32mp_clkfunc.o
                0x000000002ffdcd4e                fdt_get_rcc_secure_status
 *fill*         0x000000002ffdcd66        0x2 
 .text.fdt_get_clock_id
                0x000000002ffdcd68       0x48 /home/ming/tf-a-stm32mp-2.2.r2-r0/tf-a-stm32mp-2.2.r2/../build/trusted/bl2/stm32mp_clkfunc.o
                0x000000002ffdcd68                fdt_get_clock_id
 .text.fdt_is_pll1_predefined
                0x000000002ffdcdb0       0x14 /home/ming/tf-a-stm32mp-2.2.r2-r0/tf-a-stm32mp-2.2.r2/../build/trusted/bl2/stm32mp_clkfunc.o
                0x000000002ffdcdb0                fdt_is_pll1_predefined
 .text.stm32mp_stgen_get_counter
                0x000000002ffdcdc4       0x10 /home/ming/tf-a-stm32mp-2.2.r2-r0/tf-a-stm32mp-2.2.r2/../build/trusted/bl2/stm32mp_clkfunc.o
                0x000000002ffdcdc4                stm32mp_stgen_get_counter
 .text.stm32mp_stgen_config
                0x000000002ffdcdd4       0x60 /home/ming/tf-a-stm32mp-2.2.r2-r0/tf-a-stm32mp-2.2.r2/../build/trusted/bl2/stm32mp_clkfunc.o
                0x000000002ffdcdd4                stm32mp_stgen_config
 .text.stm32mp1_read_pll_freq
                0x000000002ffdce34       0xbc /home/ming/tf-a-stm32mp-2.2.r2-r0/tf-a-stm32mp-2.2.r2/../build/trusted/bl2/stm32mp1_clk.o
 .text.get_clock_rate
                0x000000002ffdcef0      0x198 /home/ming/tf-a-stm32mp-2.2.r2-r0/tf-a-stm32mp-2.2.r2/../build/trusted/bl2/stm32mp1_clk.o
 .text.stm32mp1_pll_compute_pllxcfgr1
                0x000000002ffdd088       0x8c /home/ming/tf-a-stm32mp-2.2.r2-r0/tf-a-stm32mp-2.2.r2/../build/trusted/bl2/stm32mp1_clk.o
 .text.stm32mp1_pll_start
                0x000000002ffdd114       0x24 /home/ming/tf-a-stm32mp-2.2.r2-r0/tf-a-stm32mp-2.2.r2/../build/trusted/bl2/stm32mp1_clk.o
 .text.stm32mp1_mco_csg
                0x000000002ffdd138       0x3a /home/ming/tf-a-stm32mp-2.2.r2-r0/tf-a-stm32mp-2.2.r2/../build/trusted/bl2/stm32mp1_clk.o
 .text.stm32mp1_clk_lock
                0x000000002ffdd172       0x16 /home/ming/tf-a-stm32mp-2.2.r2-r0/tf-a-stm32mp-2.2.r2/../build/trusted/bl2/stm32mp1_clk.o
 .text.stm32mp1_clk_unlock
                0x000000002ffdd188       0x16 /home/ming/tf-a-stm32mp-2.2.r2-r0/tf-a-stm32mp-2.2.r2/../build/trusted/bl2/stm32mp1_clk.o
 *fill*         0x000000002ffdd19e        0x2 
 .text.stm32mp1_pll_stop
                0x000000002ffdd1a0       0x80 /home/ming/tf-a-stm32mp-2.2.r2-r0/tf-a-stm32mp-2.2.r2/../build/trusted/bl2/stm32mp1_clk.o
 .text.__clk_enable
                0x000000002ffdd220       0x22 /home/ming/tf-a-stm32mp-2.2.r2-r0/tf-a-stm32mp-2.2.r2/../build/trusted/bl2/stm32mp1_clk.o
 .text.__clk_disable
                0x000000002ffdd242       0x24 /home/ming/tf-a-stm32mp-2.2.r2-r0/tf-a-stm32mp-2.2.r2/../build/trusted/bl2/stm32mp1_clk.o
 *fill*         0x000000002ffdd266        0x2 
 .text.stm32mp1_check_pll_conf
                0x000000002ffdd268      0x110 /home/ming/tf-a-stm32mp-2.2.r2-r0/tf-a-stm32mp-2.2.r2/../build/trusted/bl2/stm32mp1_clk.o
 .text.clock_is_always_on
                0x000000002ffdd378       0x1c /home/ming/tf-a-stm32mp-2.2.r2-r0/tf-a-stm32mp-2.2.r2/../build/trusted/bl2/stm32mp1_clk.o
 .text.stm32mp1_clk_get_gated_id
                0x000000002ffdd394       0x38 /home/ming/tf-a-stm32mp-2.2.r2-r0/tf-a-stm32mp-2.2.r2/../build/trusted/bl2/stm32mp1_clk.o
 .text.stm32mp1_clk_get_parent
                0x000000002ffdd3cc       0x7c /home/ming/tf-a-stm32mp-2.2.r2-r0/tf-a-stm32mp-2.2.r2/../build/trusted/bl2/stm32mp1_clk.o
 .text.__stm32mp1_clk_enable
                0x000000002ffdd448       0x78 /home/ming/tf-a-stm32mp-2.2.r2-r0/tf-a-stm32mp-2.2.r2/../build/trusted/bl2/stm32mp1_clk.o
 .text.__stm32mp1_clk_disable
                0x000000002ffdd4c0       0x74 /home/ming/tf-a-stm32mp-2.2.r2-r0/tf-a-stm32mp-2.2.r2/../build/trusted/bl2/stm32mp1_clk.o
 .text.unlikely.stm32mp1_pkcs_config
                0x000000002ffdd534       0x26 /home/ming/tf-a-stm32mp-2.2.r2-r0/tf-a-stm32mp-2.2.r2/../build/trusted/bl2/stm32mp1_clk.o
 *fill*         0x000000002ffdd55a        0x2 
 .text.stm32mp1_set_clkdiv
                0x000000002ffdd55c       0x6c /home/ming/tf-a-stm32mp-2.2.r2-r0/tf-a-stm32mp-2.2.r2/../build/trusted/bl2/stm32mp1_clk.o
 .text.stm32mp1_osc_wait
                0x000000002ffdd5c8       0x84 /home/ming/tf-a-stm32mp-2.2.r2-r0/tf-a-stm32mp-2.2.r2/../build/trusted/bl2/stm32mp1_clk.o
 .text.stm32mp1_set_clksrc
                0x000000002ffdd64c       0x78 /home/ming/tf-a-stm32mp-2.2.r2-r0/tf-a-stm32mp-2.2.r2/../build/trusted/bl2/stm32mp1_clk.o
 .text.stm32mp1_pll_output
                0x000000002ffdd6c4       0x80 /home/ming/tf-a-stm32mp-2.2.r2-r0/tf-a-stm32mp-2.2.r2/../build/trusted/bl2/stm32mp1_clk.o
 .text.stm32mp1_pll_config_output
                0x000000002ffdd744       0x34 /home/ming/tf-a-stm32mp-2.2.r2-r0/tf-a-stm32mp-2.2.r2/../build/trusted/bl2/stm32mp1_clk.o
 .text.stm32mp1_pll_config
                0x000000002ffdd778       0x50 /home/ming/tf-a-stm32mp-2.2.r2-r0/tf-a-stm32mp-2.2.r2/../build/trusted/bl2/stm32mp1_clk.o
 .text.stm32mp1_clk_rcc_regs_lock
                0x000000002ffdd7c8        0xc /home/ming/tf-a-stm32mp-2.2.r2-r0/tf-a-stm32mp-2.2.r2/../build/trusted/bl2/stm32mp1_clk.o
                0x000000002ffdd7c8                stm32mp1_clk_rcc_regs_lock
 .text.stm32mp1_clk_rcc_regs_unlock
                0x000000002ffdd7d4        0xc /home/ming/tf-a-stm32mp-2.2.r2-r0/tf-a-stm32mp-2.2.r2/../build/trusted/bl2/stm32mp1_clk.o
                0x000000002ffdd7d4                stm32mp1_clk_rcc_regs_unlock
 .text.stm32mp_clk_enable
                0x000000002ffdd7e0        0x6 /home/ming/tf-a-stm32mp-2.2.r2-r0/tf-a-stm32mp-2.2.r2/../build/trusted/bl2/stm32mp1_clk.o
                0x000000002ffdd7e0                stm32mp_clk_enable
 .text.stm32mp_clk_disable
                0x000000002ffdd7e6        0x6 /home/ming/tf-a-stm32mp-2.2.r2-r0/tf-a-stm32mp-2.2.r2/../build/trusted/bl2/stm32mp1_clk.o
                0x000000002ffdd7e6                stm32mp_clk_disable
 .text.stm32mp1_clk_force_enable
                0x000000002ffdd7ec        0x6 /home/ming/tf-a-stm32mp-2.2.r2-r0/tf-a-stm32mp-2.2.r2/../build/trusted/bl2/stm32mp1_clk.o
                0x000000002ffdd7ec                stm32mp1_clk_force_enable
 .text.stm32mp_clk_get_rate
                0x000000002ffdd7f2       0x16 /home/ming/tf-a-stm32mp-2.2.r2-r0/tf-a-stm32mp-2.2.r2/../build/trusted/bl2/stm32mp1_clk.o
                0x000000002ffdd7f2                stm32mp_clk_get_rate
 .text.clk_get_pll1_settings.part.5
                0x000000002ffdd808      0x258 /home/ming/tf-a-stm32mp-2.2.r2-r0/tf-a-stm32mp-2.2.r2/../build/trusted/bl2/stm32mp1_clk.o
 .text.stm32mp1_clk_get_maxfreq_opp
                0x000000002ffdda60       0x54 /home/ming/tf-a-stm32mp-2.2.r2-r0/tf-a-stm32mp-2.2.r2/../build/trusted/bl2/stm32mp1_clk.o
                0x000000002ffdda60                stm32mp1_clk_get_maxfreq_opp
 .text.stm32mp1_clk_lp_load_opp_pll1_settings
                0x000000002ffddab4       0x20 /home/ming/tf-a-stm32mp-2.2.r2-r0/tf-a-stm32mp-2.2.r2/../build/trusted/bl2/stm32mp1_clk.o
                0x000000002ffddab4                stm32mp1_clk_lp_load_opp_pll1_settings
 .text.stm32mp1_clk_init
                0x000000002ffddad4      0x690 /home/ming/tf-a-stm32mp-2.2.r2-r0/tf-a-stm32mp-2.2.r2/../build/trusted/bl2/stm32mp1_clk.o
                0x000000002ffddad4                stm32mp1_clk_init
 .text.stm32mp1_clk_probe
                0x000000002ffde164       0xa4 /home/ming/tf-a-stm32mp-2.2.r2-r0/tf-a-stm32mp-2.2.r2/../build/trusted/bl2/stm32mp1_clk.o
                0x000000002ffde164                stm32mp1_clk_probe
 .text.ddr_enable_clock
                0x000000002ffde208       0x22 /home/ming/tf-a-stm32mp-2.2.r2-r0/tf-a-stm32mp-2.2.r2/../build/trusted/bl2/stm32mp1_ddr_helpers.o
                0x000000002ffde208                ddr_enable_clock
 *fill*         0x000000002ffde22a        0x2 
 .text.ddr_read_sr_mode
                0x000000002ffde22c       0x18 /home/ming/tf-a-stm32mp-2.2.r2-r0/tf-a-stm32mp-2.2.r2/../build/trusted/bl2/stm32mp1_ddr_helpers.o
                0x000000002ffde22c                ddr_read_sr_mode
 .text.ddr_set_sr_mode
                0x000000002ffde244      0x1cc /home/ming/tf-a-stm32mp-2.2.r2-r0/tf-a-stm32mp-2.2.r2/../build/trusted/bl2/stm32mp1_ddr_helpers.o
                0x000000002ffde244                ddr_set_sr_mode
 .text.fdt32_to_cpu
                0x000000002ffde410        0x4 /home/ming/tf-a-stm32mp-2.2.r2-r0/tf-a-stm32mp-2.2.r2/../build/trusted/bl2/stm32_gpio.o
 .text.set_gpio
                0x000000002ffde414       0xdc /home/ming/tf-a-stm32mp-2.2.r2-r0/tf-a-stm32mp-2.2.r2/../build/trusted/bl2/stm32_gpio.o
                0x000000002ffde414                set_gpio
 .text.dt_set_pinctrl_config
                0x000000002ffde4f0      0x204 /home/ming/tf-a-stm32mp-2.2.r2-r0/tf-a-stm32mp-2.2.r2/../build/trusted/bl2/stm32_gpio.o
                0x000000002ffde4f0                dt_set_pinctrl_config
 .text.i2c_transfer_config.isra.1
                0x000000002ffde6f4       0x2c /home/ming/tf-a-stm32mp-2.2.r2-r0/tf-a-stm32mp-2.2.r2/../build/trusted/bl2/stm32_i2c.o
 .text.i2c_wait_flag
                0x000000002ffde720       0x44 /home/ming/tf-a-stm32mp-2.2.r2-r0/tf-a-stm32mp-2.2.r2/../build/trusted/bl2/stm32_i2c.o
 .text.i2c_ack_failed
                0x000000002ffde764       0x90 /home/ming/tf-a-stm32mp-2.2.r2-r0/tf-a-stm32mp-2.2.r2/../build/trusted/bl2/stm32_i2c.o
 .text.i2c_wait_txis
                0x000000002ffde7f4       0x42 /home/ming/tf-a-stm32mp-2.2.r2-r0/tf-a-stm32mp-2.2.r2/../build/trusted/bl2/stm32_i2c.o
 .text.i2c_wait_stop
                0x000000002ffde836       0x42 /home/ming/tf-a-stm32mp-2.2.r2-r0/tf-a-stm32mp-2.2.r2/../build/trusted/bl2/stm32_i2c.o
 .text.i2c_write
                0x000000002ffde878      0x214 /home/ming/tf-a-stm32mp-2.2.r2-r0/tf-a-stm32mp-2.2.r2/../build/trusted/bl2/stm32_i2c.o
 .text.i2c_read.isra.2
                0x000000002ffdea8c      0x1ec /home/ming/tf-a-stm32mp-2.2.r2-r0/tf-a-stm32mp-2.2.r2/../build/trusted/bl2/stm32_i2c.o
 .text.stm32_i2c_get_setup_from_fdt
                0x000000002ffdec78       0x60 /home/ming/tf-a-stm32mp-2.2.r2-r0/tf-a-stm32mp-2.2.r2/../build/trusted/bl2/stm32_i2c.o
                0x000000002ffdec78                stm32_i2c_get_setup_from_fdt
 .text.stm32_i2c_init
                0x000000002ffdecd8      0x460 /home/ming/tf-a-stm32mp-2.2.r2-r0/tf-a-stm32mp-2.2.r2/../build/trusted/bl2/stm32_i2c.o
                0x000000002ffdecd8                stm32_i2c_init
 .text.stm32_i2c_mem_write
                0x000000002ffdf138       0x1c /home/ming/tf-a-stm32mp-2.2.r2-r0/tf-a-stm32mp-2.2.r2/../build/trusted/bl2/stm32_i2c.o
                0x000000002ffdf138                stm32_i2c_mem_write
 .text.stm32_i2c_mem_read
                0x000000002ffdf154       0x12 /home/ming/tf-a-stm32mp-2.2.r2-r0/tf-a-stm32mp-2.2.r2/../build/trusted/bl2/stm32_i2c.o
                0x000000002ffdf154                stm32_i2c_mem_read
 *fill*         0x000000002ffdf166        0x2 
 .text.stm32_i2c_is_device_ready
                0x000000002ffdf168      0x15c /home/ming/tf-a-stm32mp-2.2.r2-r0/tf-a-stm32mp-2.2.r2/../build/trusted/bl2/stm32_i2c.o
                0x000000002ffdf168                stm32_i2c_is_device_ready
 .text.stm32_iwdg_refresh
                0x000000002ffdf2c4       0x40 /home/ming/tf-a-stm32mp-2.2.r2-r0/tf-a-stm32mp-2.2.r2/../build/trusted/bl2/stm32_iwdg.o
                0x000000002ffdf2c4                stm32_iwdg_refresh
 .text.stm32_iwdg_init
                0x000000002ffdf304      0x104 /home/ming/tf-a-stm32mp-2.2.r2-r0/tf-a-stm32mp-2.2.r2/../build/trusted/bl2/stm32_iwdg.o
                0x000000002ffdf304                stm32_iwdg_init
 .text.dt_get_pmic_node
                0x000000002ffdf408       0x20 /home/ming/tf-a-stm32mp-2.2.r2-r0/tf-a-stm32mp-2.2.r2/../build/trusted/bl2/stm32mp_pmic.o
 .text.pmic_regulator_enable
                0x000000002ffdf428       0x2e /home/ming/tf-a-stm32mp-2.2.r2-r0/tf-a-stm32mp-2.2.r2/../build/trusted/bl2/stm32mp_pmic.o
 .text.pmic_regulator_disable
                0x000000002ffdf456       0x2e /home/ming/tf-a-stm32mp-2.2.r2-r0/tf-a-stm32mp-2.2.r2/../build/trusted/bl2/stm32mp_pmic.o
 .text.dt_pmic_get_regulator_voltage
                0x000000002ffdf484       0x84 /home/ming/tf-a-stm32mp-2.2.r2-r0/tf-a-stm32mp-2.2.r2/../build/trusted/bl2/stm32mp_pmic.o
 .text.pmic_operate
                0x000000002ffdf508      0x178 /home/ming/tf-a-stm32mp-2.2.r2-r0/tf-a-stm32mp-2.2.r2/../build/trusted/bl2/stm32mp_pmic.o
 .text.dt_pmic_status
                0x000000002ffdf680       0x28 /home/ming/tf-a-stm32mp-2.2.r2-r0/tf-a-stm32mp-2.2.r2/../build/trusted/bl2/stm32mp_pmic.o
                0x000000002ffdf680                dt_pmic_status
 .text.pmic_configure_boot_on_regulators
                0x000000002ffdf6a8        0xa /home/ming/tf-a-stm32mp-2.2.r2-r0/tf-a-stm32mp-2.2.r2/../build/trusted/bl2/stm32mp_pmic.o
                0x000000002ffdf6a8                pmic_configure_boot_on_regulators
 *fill*         0x000000002ffdf6b2        0x2 
 .text.dt_pmic_find_supply
                0x000000002ffdf6b4       0x7c /home/ming/tf-a-stm32mp-2.2.r2-r0/tf-a-stm32mp-2.2.r2/../build/trusted/bl2/stm32mp_pmic.o
                0x000000002ffdf6b4                dt_pmic_find_supply
 .text.initialize_pmic_i2c
                0x000000002ffdf730      0x118 /home/ming/tf-a-stm32mp-2.2.r2-r0/tf-a-stm32mp-2.2.r2/../build/trusted/bl2/stm32mp_pmic.o
                0x000000002ffdf730                initialize_pmic_i2c
 .text.is_pmic_regulator
                0x000000002ffdf848       0x38 /home/ming/tf-a-stm32mp-2.2.r2-r0/tf-a-stm32mp-2.2.r2/../build/trusted/bl2/stm32mp_pmic.o
                0x000000002ffdf848                is_pmic_regulator
 .text.bind_pmic_regulator
                0x000000002ffdf880        0xc /home/ming/tf-a-stm32mp-2.2.r2-r0/tf-a-stm32mp-2.2.r2/../build/trusted/bl2/stm32mp_pmic.o
                0x000000002ffdf880                bind_pmic_regulator
 .text.initialize_pmic
                0x000000002ffdf88c       0x12 /home/ming/tf-a-stm32mp-2.2.r2-r0/tf-a-stm32mp-2.2.r2/../build/trusted/bl2/stm32mp_pmic.o
                0x000000002ffdf88c                initialize_pmic
 .text.configure_pmic
                0x000000002ffdf89e       0x14 /home/ming/tf-a-stm32mp-2.2.r2-r0/tf-a-stm32mp-2.2.r2/../build/trusted/bl2/stm32mp_pmic.o
                0x000000002ffdf89e                configure_pmic
 *fill*         0x000000002ffdf8b2        0x2 
 .text.print_pmic_info_and_debug
                0x000000002ffdf8b4       0x34 /home/ming/tf-a-stm32mp-2.2.r2-r0/tf-a-stm32mp-2.2.r2/../build/trusted/bl2/stm32mp_pmic.o
                0x000000002ffdf8b4                print_pmic_info_and_debug
 .text.pmic_ddr_power_init
                0x000000002ffdf8e8      0x14c /home/ming/tf-a-stm32mp-2.2.r2-r0/tf-a-stm32mp-2.2.r2/../build/trusted/bl2/stm32mp_pmic.o
                0x000000002ffdf8e8                pmic_ddr_power_init
 .text.get_regulator_data
                0x000000002ffdfa34       0x38 /home/ming/tf-a-stm32mp-2.2.r2-r0/tf-a-stm32mp-2.2.r2/../build/trusted/bl2/stpmic1.o
 .text.voltage_to_index
                0x000000002ffdfa6c       0x2a /home/ming/tf-a-stm32mp-2.2.r2-r0/tf-a-stm32mp-2.2.r2/../build/trusted/bl2/stpmic1.o
 *fill*         0x000000002ffdfa96        0x2 
 .text.stpmic1_register_read
                0x000000002ffdfa98       0x28 /home/ming/tf-a-stm32mp-2.2.r2-r0/tf-a-stm32mp-2.2.r2/../build/trusted/bl2/stpmic1.o
                0x000000002ffdfa98                stpmic1_register_read
 .text.stpmic1_is_regulator_enabled
                0x000000002ffdfac0       0x28 /home/ming/tf-a-stm32mp-2.2.r2-r0/tf-a-stm32mp-2.2.r2/../build/trusted/bl2/stpmic1.o
                0x000000002ffdfac0                stpmic1_is_regulator_enabled
 .text.stpmic1_regulator_voltage_get
                0x000000002ffdfae8       0x70 /home/ming/tf-a-stm32mp-2.2.r2-r0/tf-a-stm32mp-2.2.r2/../build/trusted/bl2/stpmic1.o
                0x000000002ffdfae8                stpmic1_regulator_voltage_get
 .text.stpmic1_register_write
                0x000000002ffdfb58       0x58 /home/ming/tf-a-stm32mp-2.2.r2-r0/tf-a-stm32mp-2.2.r2/../build/trusted/bl2/stpmic1.o
                0x000000002ffdfb58                stpmic1_register_write
 .text.stpmic1_register_update
                0x000000002ffdfbb0       0x2c /home/ming/tf-a-stm32mp-2.2.r2-r0/tf-a-stm32mp-2.2.r2/../build/trusted/bl2/stpmic1.o
                0x000000002ffdfbb0                stpmic1_register_update
 .text.stpmic1_regulator_enable
                0x000000002ffdfbdc       0x14 /home/ming/tf-a-stm32mp-2.2.r2-r0/tf-a-stm32mp-2.2.r2/../build/trusted/bl2/stpmic1.o
                0x000000002ffdfbdc                stpmic1_regulator_enable
 .text.stpmic1_regulator_disable
                0x000000002ffdfbf0       0x14 /home/ming/tf-a-stm32mp-2.2.r2-r0/tf-a-stm32mp-2.2.r2/../build/trusted/bl2/stpmic1.o
                0x000000002ffdfbf0                stpmic1_regulator_disable
 .text.stpmic1_regulator_voltage_set
                0x000000002ffdfc04       0x5c /home/ming/tf-a-stm32mp-2.2.r2-r0/tf-a-stm32mp-2.2.r2/../build/trusted/bl2/stpmic1.o
                0x000000002ffdfc04                stpmic1_regulator_voltage_set
 .text.stpmic1_regulator_pull_down_set
                0x000000002ffdfc60       0x24 /home/ming/tf-a-stm32mp-2.2.r2-r0/tf-a-stm32mp-2.2.r2/../build/trusted/bl2/stpmic1.o
                0x000000002ffdfc60                stpmic1_regulator_pull_down_set
 .text.stpmic1_regulator_mask_reset_set
                0x000000002ffdfc84       0x1a /home/ming/tf-a-stm32mp-2.2.r2-r0/tf-a-stm32mp-2.2.r2/../build/trusted/bl2/stpmic1.o
                0x000000002ffdfc84                stpmic1_regulator_mask_reset_set
 *fill*         0x000000002ffdfc9e        0x2 
 .text.stpmic1_bind_i2c
                0x000000002ffdfca0       0x14 /home/ming/tf-a-stm32mp-2.2.r2-r0/tf-a-stm32mp-2.2.r2/../build/trusted/bl2/stpmic1.o
                0x000000002ffdfca0                stpmic1_bind_i2c
 .text.stpmic1_dump_regulators
                0x000000002ffdfcb4        0x2 /home/ming/tf-a-stm32mp-2.2.r2-r0/tf-a-stm32mp-2.2.r2/../build/trusted/bl2/stpmic1.o
                0x000000002ffdfcb4                stpmic1_dump_regulators
 .text.stpmic1_get_version
                0x000000002ffdfcb6       0x1e /home/ming/tf-a-stm32mp-2.2.r2-r0/tf-a-stm32mp-2.2.r2/../build/trusted/bl2/stpmic1.o
                0x000000002ffdfcb6                stpmic1_get_version
 .text.dummy_regulator_enable
                0x000000002ffdfcd4        0x4 /home/ming/tf-a-stm32mp-2.2.r2-r0/tf-a-stm32mp-2.2.r2/../build/trusted/bl2/stm32mp_dummy_regulator.o
 .text.dummy_regulator_disable
                0x000000002ffdfcd8        0x4 /home/ming/tf-a-stm32mp-2.2.r2-r0/tf-a-stm32mp-2.2.r2/../build/trusted/bl2/stm32mp_dummy_regulator.o
 .text.bind_dummy_regulator
                0x000000002ffdfcdc        0xc /home/ming/tf-a-stm32mp-2.2.r2-r0/tf-a-stm32mp-2.2.r2/../build/trusted/bl2/stm32mp_dummy_regulator.o
                0x000000002ffdfcdc                bind_dummy_regulator
 .text.stm32mp_regulator_enable
                0x000000002ffdfce8       0x1c /home/ming/tf-a-stm32mp-2.2.r2-r0/tf-a-stm32mp-2.2.r2/../build/trusted/bl2/stm32mp_regulator.o
                0x000000002ffdfce8                stm32mp_regulator_enable
 .text.stm32mp_regulator_disable
                0x000000002ffdfd04       0x24 /home/ming/tf-a-stm32mp-2.2.r2-r0/tf-a-stm32mp-2.2.r2/../build/trusted/bl2/stm32mp_regulator.o
                0x000000002ffdfd04                stm32mp_regulator_disable
 .text.stm32mp_regulator_register
                0x000000002ffdfd28        0x4 /home/ming/tf-a-stm32mp-2.2.r2-r0/tf-a-stm32mp-2.2.r2/../build/trusted/bl2/stm32mp_regulator.o
                0x000000002ffdfd28                stm32mp_regulator_register
 .text.stm32mp_reset_assert_to
                0x000000002ffdfd2c       0x70 /home/ming/tf-a-stm32mp-2.2.r2-r0/tf-a-stm32mp-2.2.r2/../build/trusted/bl2/stm32mp1_reset.o
                0x000000002ffdfd2c                stm32mp_reset_assert_to
 .text.stm32mp_reset_deassert_to
                0x000000002ffdfd9c       0x74 /home/ming/tf-a-stm32mp-2.2.r2-r0/tf-a-stm32mp-2.2.r2/../build/trusted/bl2/stm32mp1_reset.o
                0x000000002ffdfd9c                stm32mp_reset_deassert_to
 .text.fdt32_to_cpu
                0x000000002ffdfe10        0x4 /home/ming/tf-a-stm32mp-2.2.r2-r0/tf-a-stm32mp-2.2.r2/../build/trusted/bl2/stm32mp_dt.o
 .text.fdt_get_node_parent_address_cells
                0x000000002ffdfe14       0x24 /home/ming/tf-a-stm32mp-2.2.r2-r0/tf-a-stm32mp-2.2.r2/../build/trusted/bl2/stm32mp_dt.o
 .text.dt_get_stdout_node_offset
                0x000000002ffdfe38       0x7c /home/ming/tf-a-stm32mp-2.2.r2-r0/tf-a-stm32mp-2.2.r2/../build/trusted/bl2/stm32mp_dt.o
 .text.dt_get_opp_freqvolt_from_subnode
                0x000000002ffdfeb4       0xd0 /home/ming/tf-a-stm32mp-2.2.r2-r0/tf-a-stm32mp-2.2.r2/../build/trusted/bl2/stm32mp_dt.o
 .text.dt_open_and_check